<html>
<body>
<pre>
<h1>礦ision Build Log</h1>
<h2>Tool Versions:</h2>
IDE-Version: μVision V5.17.0.0
Copyright (C) 2015 ARM Ltd and ARM Germany GmbH. All rights reserved.
License Information: nan lv, robotpen, LIC=Z3C63-ATRNW-VJN6J-UIDST-DRA7J-TAX6R
 
Tool Versions:
Toolchain:       MDK-ARM Professional  Version: 5.17
Toolchain Path:  C:\Keil_v5\ARM\ARMCC\Bin
C Compiler:      Armcc.exe V5.06 update 1 (build 61)
Assembler:       Armasm.exe V5.06 update 1 (build 61)
Linker/Locator:  ArmLink.exe V5.06 update 1 (build 61)
Library Manager: ArmAr.exe V5.06 update 1 (build 61)
Hex Converter:   FromElf.exe V5.06 update 1 (build 61)
CPU DLL:         
Dialog DLL:      
Target DLL:      Segger\JL2CM3.dll V2.99.16.0
Dialog DLL:      TARMCM1.DLL V1.9.0.0
 
<h2>Project:</h2>
E:\研究目录\soft\nRF5_SDK_12.3.0_d7731ad\examples\ble_peripheral\ble_app_uart\pca10028\s130\arm5_no_packs\ble_app_uart_pca10028_s130.uvprojx
Project File Date:  06/08/2018

<h2>Output:</h2>
*** Using Compiler 'V5.06 update 1 (build 61)', folder: 'C:\Keil_v5\ARM\ARMCC\Bin'
Build target 'nrf51422_xxac'
compiling boards.c...
compiling bsp.c...
compiling main.c...
compiling bsp_btn_ble.c...
compiling bsp_nfc.c...
compiling ble_advdata.c...
compiling ble_conn_params.c...
compiling ble_advertising.c...
compiling ble_srv_common.c...
compiling gatt_cache_manager.c...
compiling gatts_cache_manager.c...
compiling id_manager.c...
compiling peer_data.c...
compiling peer_data_storage.c...
compiling peer_id.c...
compiling peer_database.c...
compiling pm_buffer.c...
compiling peer_manager.c...
compiling pm_mutex.c...
compiling security_dispatcher.c...
compiling ble_conn_state.c...
compiling security_manager.c...
compiling ble_nus.c...
compiling ble_robotpen_dis.c...
compiling ble_bas.c...
compiling ble_lbs.c...
compiling nrf_drv_common.c...
compiling nrf_drv_clock.c...
compiling nrf_drv_gpiote.c...
compiling app_button.c...
compiling nrf_drv_uart.c...
compiling app_error.c...
compiling app_error_weak.c...
compiling app_fifo.c...
compiling app_util_platform.c...
compiling app_uart_fifo.c...
compiling app_timer.c...
compiling nrf_assert.c...
compiling hardfault_implementation.c...
compiling fstorage.c...
compiling sdk_errors.c...
compiling fstorage_nosd.c...
..\..\..\..\..\..\components\libraries\fstorage\fstorage_nosd.c(39): warning:  #1-D: last line of file ends without a newline
   */
..\..\..\..\..\..\components\libraries\fstorage\fstorage_nosd.c: 1 warning, 0 errors
compiling retarget.c...
compiling fds.c...
compiling sdk_mapped_flags.c...
compiling nrf_log_backend_serial.c...
compiling RTT_Syscalls_KEIL.c...
compiling SEGGER_RTT_printf.c...
compiling nrf_log_frontend.c...
assembling arm_startup_nrf51.s...
compiling SEGGER_RTT.c...
compiling softdevice_handler.c...
compiling system_nrf51.c...
linking...
Program Size: Code=33044 RO-data=548 RW-data=368 ZI-data=5184  
FromELF: creating hex file...
".\_build\nrf51422_xxac.axf" - 0 Error(s), 1 Warning(s).

<h2>Software Packages used:</h2>

Package Vendor: ARM
                http://www.keil.com/pack/ARM.CMSIS.4.5.0.pack
                ARM::CMSIS:CORE:4.3.0
                CMSIS (Cortex Microcontroller Software Interface Standard)
   * Component: CORE Version: 4.3.0

Package Vendor: NordicSemiconductor
                http://developer.nordicsemi.com/nRF5_SDK/pieces/nRF_DeviceFamilyPack/NordicSemiconductor.nRF_DeviceFamilyPack.8.11.1.pack
                NordicSemiconductor::Device:Startup:8.11.1
                Nordic Semiconductor nRF ARM devices Device Family Pack.
   * Component: Startup Version: 8.11.1

<h2>Collection of Component include folders:</h2>
  E:\研究目录\soft\nRF5_SDK_12.3.0_d7731ad\examples\ble_peripheral\ble_app_uart\pca10028\s130\arm5_no_packs\RTE
  C:\Keil_v5\ARM\PACK\ARM\CMSIS\4.5.0\CMSIS\Include
  C:\Keil_v5\ARM\PACK\NordicSemiconductor\nRF_DeviceFamilyPack\8.11.1\Device\Include
  C:\Keil_v5\ARM\PACK\NordicSemiconductor\nRF_DeviceFamilyPack\8.16.0\Device\Include

<h2>Collection of Component Files used:</h2>

   * Component: ARM::CMSIS:CORE:4.3.0

   * Component: NordicSemiconductor::Device:Startup:8.11.1
      Source file:   Device\Source\arm\arm_startup_nrf51.s
      Source file:   Device\Source\system_nrf51.c
      Include file:  Device\Include\system_nrf51.h
Build Time Elapsed:  00:00:25
</pre>
</body>
</html>
