<html>
<body>
<pre>
<h1>礦ision Build Log</h1>
<h2>Project:</h2>
E:\工作目录\file\nordic平台\sdk\nRF5_SDK_12.3.0_d7731ad\examples\ble_peripheral\ble_app_hrs_freertos\pca10028\s130\arm4\ble_app_hrs_freertos_pca10028_s130.uvproj
Project File Date:  05/05/2017

<h2>Output:</h2>
Build target 'nrf51422_xxac'
compiling main.c...
compiling boards.c...
compiling bsp.c...
compiling bsp_btn_ble.c...
compiling bsp_nfc.c...
assembling arm_startup_nrf51.s...
compiling system_nrf51.c...
compiling croutine.c...
compiling event_groups.c...
compiling heap_1.c...
compiling list.c...
compiling port.c...
compiling port_cmsis.c...
compiling port_cmsis_systick.c...
compiling queue.c...
compiling tasks.c...
compiling timers.c...
compiling ble_advdata.c...
compiling ble_advertising.c...
compiling ble_conn_params.c...
compiling ble_conn_state.c...
compiling ble_srv_common.c...
compiling gatt_cache_manager.c...
compiling gatts_cache_manager.c...
compiling id_manager.c...
compiling nrf_ble_gatt.c...
compiling peer_data.c...
compiling peer_data_storage.c...
compiling peer_database.c...
compiling peer_id.c...
compiling peer_manager.c...
compiling pm_buffer.c...
compiling pm_mutex.c...
compiling security_dispatcher.c...
compiling security_manager.c...
compiling ble_bas.c...
compiling ble_dis.c...
compiling ble_hrs.c...
compiling nrf_drv_clock.c...
compiling nrf_drv_common.c...
compiling nrf_drv_gpiote.c...
compiling nrf_drv_uart.c...
compiling app_button.c...
compiling app_error.c...
compiling app_error_weak.c...
compiling app_timer_freertos.c...
compiling app_util_platform.c...
compiling crc16.c...
compiling fds.c...
compiling fstorage.c...
compiling hardfault_handler_keil.c...
compiling hardfault_implementation.c...
compiling nrf_assert.c...
compiling sdk_errors.c...
compiling sdk_mapped_flags.c...
compiling sensorsim.c...
compiling nrf_log_backend_serial.c...
compiling nrf_log_frontend.c...
compiling RTT_Syscalls_KEIL.c...
compiling SEGGER_RTT.c...
compiling SEGGER_RTT_printf.c...
compiling softdevice_handler.c...
linking...
Program Size: Code=35836 RO-data=448 RW-data=544 ZI-data=8960  
FromELF: creating hex file...
".\_build\nrf51422_xxac.axf" - 0 Error(s), 0 Warning(s).
</pre>
</body>
</html>
