<html>
<body>
<pre>
<h1>礦ision Build Log</h1>
<h2>Project:</h2>
E:\工作目录\file\nordic平台\sdk\nRF5_SDK_12.3.0_d7731ad\examples\ble_peripheral\ble_app_uart\pca10040\s132\arm4\ble_app_uart_pca10040_s132.uvproj
Project File Date:  05/05/2017

<h2>Output:</h2>
Build target 'nrf52832_xxaa'
compiling main.c...
compiling boards.c...
compiling bsp.c...
compiling bsp_btn_ble.c...
compiling bsp_nfc.c...
assembling arm_startup_nrf52.s...
compiling system_nrf52.c...
compiling ble_advdata.c...
compiling ble_advertising.c...
compiling ble_conn_params.c...
compiling ble_srv_common.c...
compiling ble_nus.c...
compiling nrf_drv_clock.c...
compiling nrf_drv_common.c...
compiling nrf_drv_gpiote.c...
compiling nrf_drv_uart.c...
compiling app_button.c...
compiling app_error.c...
compiling app_error_weak.c...
compiling app_fifo.c...
compiling app_timer.c...
compiling app_uart_fifo.c...
compiling app_util_platform.c...
compiling fstorage.c...
compiling hardfault_implementation.c...
compiling nrf_assert.c...
compiling retarget.c...
compiling sdk_errors.c...
compiling nrf_log_backend_serial.c...
compiling nrf_log_frontend.c...
compiling RTT_Syscalls_KEIL.c...
compiling SEGGER_RTT.c...
compiling SEGGER_RTT_printf.c...
compiling softdevice_handler.c...
linking...
Program Size: Code=13852 RO-data=1200 RW-data=184 ZI-data=9624  
FromELF: creating hex file...
".\_build\nrf52832_xxaa.axf" - 0 Error(s), 0 Warning(s).
</pre>
</body>
</html>
 uint32_t __regFaultMask       __ASM("faultmask");
..\..\..\main.c: 2 warnings, 4 errors
compiling boards.c...
D:\Program Files (x86)\keil4\ARM\CMSIS\Include\core_cmFunc.h(227): error:  #1114: this feature not supported on target architecture/processor
    register uint32_t __regBasePri         __ASM("basepri");
D:\Program Files (x86)\keil4\ARM\CMSIS\Include\core_cmFunc.h(240): error:  #1114: this feature not supported on target architecture/processor
    register uint32_t __regBasePri         __ASM("basepri");
D:\Program Files (x86)\keil4\ARM\CMSIS\Include\core_cmFunc.h(240): warning:  #550-D: variable "__regBasePri" was set but never used
    register uint32_t __regBasePri         __ASM("basepri");
D:\Program Files (x86)\keil4\ARM\CMSIS\Include\core_cmFunc.h(253): error:  #1114: this feature not supported on target architecture/processor
    register uint32_t __regFaultMask       __ASM("faultmask");
D:\Program Files (x86)\keil4\ARM\CMSIS\Include\core_cmFunc.h(266): error:  #1114: this feature not supported on target architecture/processor
    register uint32_t __regFaultMask       __ASM("faultmask");
D:\Program Files (x86)\keil4\ARM\CMSIS\Include\core_cmFunc.h(266): warning:  #550-D: variable "__regFaultMask" was set but never used
    register uint32_t __regFaultMask       __ASM("faultmask");
..\..\..\..\..\..\components\boards\boards.c: 2 warnings, 4 errors
compiling bsp.c...
D:\Program Files (x86)\keil4\ARM\CMSIS\Include\core_cmFunc.h(227): error:  #1114: this feature not supported on target architecture/processor
    register uint32_t __regBasePri         __ASM("basepri");
D:\Program Files (x86)\keil4\ARM\CMSIS\Include\core_cmFunc.h(240): error:  #1114: this feature not supported on target architecture/processor
    register uint32_t __regBasePri         __ASM("basepri");
D:\Program Files (x86)\keil4\ARM\CMSIS\Include\core_cmFunc.h(240): warning:  #550-D: variable "__regBasePri" was set but never used
    register uint32_t __regBasePri         __ASM("basepri");
D:\Program Files (x86)\keil4\ARM\CMSIS\Include\core_cmFunc.h(253): error:  #1114: this feature not supported on target architecture/processor
    register uint32_t __regFaultMask       __ASM("faultmask");
D:\Program Files (x86)\keil4\ARM\CMSIS\Include\core_cmFunc.h(266): error:  #1114: this feature not supported on target architecture/processor
    register uint32_t __regFaultMask       __ASM("faultmask");
D:\Program Files (x86)\keil4\ARM\CMSIS\Include\core_cmFunc.h(266): warning:  #550-D: variable "__regFaultMask" was set but never used
    register uint32_t __regFaultMask       __ASM("faultmask");
..\..\..\..\..\..\components\libraries\bsp\bsp.c: 2 warnings, 4 errors
compiling bsp_btn_ble.c...
D:\Program Files (x86)\keil4\ARM\CMSIS\Include\core_cmFunc.h(227): error:  #1114: this feature not supported on target architecture/processor
    register uint32_t __regBasePri         __ASM("basepri");
D:\Program Files (x86)\keil4\ARM\CMSIS\Include\core_cmFunc.h(240): error:  #1114: this feature not supported on target architecture/processor
    register uint32_t __regBasePri         __ASM("basepri");
D:\Program Files (x86)\keil4\ARM\CMSIS\Include\core_cmFunc.h(240): warning:  #550-D: variable "__regBasePri" was set but never used
    register uint32_t __regBasePri         __ASM("basepri");
D:\Program Files (x86)\keil4\ARM\CMSIS\Include\core_cmFunc.h(253): error:  #1114: this feature not supported on target architecture/processor
    register uint32_t __regFaultMask       __ASM("faultmask");
D:\Program Files (x86)\keil4\ARM\CMSIS\Include\core_cmFunc.h(266): error:  #1114: this feature not supported on target architecture/processor
    register uint32_t __regFaultMask       __ASM("faultmask");
D:\Program Files (x86)\keil4\ARM\CMSIS\Include\core_cmFunc.h(266): warning:  #550-D: variable "__regFaultMask" was set but never used
    register uint32_t __regFaultMask       __ASM("faultmask");
..\..\..\..\..\..\components\libraries\bsp\bsp_btn_ble.c: 2 warnings, 4 errors
compiling bsp_nfc.c...
D:\Program Files (x86)\keil4\ARM\CMSIS\Include\core_cmFunc.h(227): error:  #1114: this feature not supported on target architecture/processor
    register uint32_t __regBasePri         __ASM("basepri");
D:\Program Files (x86)\keil4\ARM\CMSIS\Include\core_cmFunc.h(240): error:  #1114: this feature not supported on target architecture/processor
    register uint32_t __regBasePri         __ASM("basepri");
D:\Program Files (x86)\keil4\ARM\CMSIS\Include\core_cmFunc.h(240): warning:  #550-D: variable "__regBasePri" was set but never used
    register uint32_t __regBasePri         __ASM("basepri");
D:\Program Files (x86)\keil4\ARM\CMSIS\Include\core_cmFunc.h(253): error:  #1114: this feature not supported on target architecture/processor
    register uint32_t __regFaultMask       __ASM("faultmask");
D:\Program Files (x86)\keil4\ARM\CMSIS\Include\core_cmFunc.h(266): error:  #1114: this feature not supported on target architecture/processor
    register uint32_t __regFaultMask       __ASM("faultmask");
D:\Program Files (x86)\keil4\ARM\CMSIS\Include\core_cmFunc.h(266): warning:  #550-D: variable "__regFaultMask" was set but never used
    register uint32_t __regFaultMask       __ASM("faultmask");
..\..\..\..\..\..\components\libraries\bsp\bsp_nfc.c: 2 warnings, 4 errors
assembling arm_startup_nrf52.s...
compiling system_nrf52.c...
D:\Program Files (x86)\keil4\ARM\CMSIS\Include\core_cmFunc.h(227): error:  #1114: this feature not supported on target architecture/processor
    register uint32_t __regBasePri         __ASM("basepri");
D:\Program Files (x86)\keil4\ARM\CMSIS\Include\core_cmFunc.h(240): error:  #1114: this feature not supported on target architecture/processor
    register uint32_t __regBasePri         __ASM("basepri");
D:\Program Files (x86)\keil4\ARM\CMSIS\Include\core_cmFunc.h(240): warning:  #550-D: variable "__regBasePri" was set but never used
    register uint32_t __regBasePri         __ASM("basepri");
D:\Program Files (x86)\keil4\ARM\CMSIS\Include\core_cmFunc.h(253): error:  #1114: this feature not supported on target architecture/processor
    register uint32_t __regFaultMask       __ASM("faultmask");
D:\Program Files (x86)\keil4\ARM\CMSIS\Include\core_cmFunc.h(266): error:  #1114: this feature not supported on target architecture/processor
    register uint32_t __regFaultMask       __ASM("faultmask");
D:\Program Files (x86)\keil4\ARM\CMSIS\Include\core_cmFunc.h(266): warning:  #550-D: variable "__regFaultMask" was set but never used
    register uint32_t __regFaultMask       __ASM("faultmask");
..\..\..\..\..\..\components\toolchain\system_nrf52.c: 2 warnings, 4 errors
compiling ble_advdata.c...
D:\Program Files (x86)\keil4\ARM\CMSIS\Include\core_cmFunc.h(227): error:  #1114: this feature not supported on target architecture/processor
    register uint32_t __regBasePri         __ASM("basepri");
D:\Program Files (x86)\keil4\ARM\CMSIS\Include\core_cmFunc.h(240): error:  #1114: this feature not supported on target architecture/processor
    register uint32_t __regBasePri         __ASM("basepri");
D:\Program Files (x86)\keil4\ARM\CMSIS\Include\core_cmFunc.h(240): warning:  #550-D: variable "__regBasePri" was set but never used
    register uint32_t __regBasePri         __ASM("basepri");
D:\Program Files (x86)\keil4\ARM\CMSIS\Include\core_cmFunc.h(253): error:  #1114: this feature not supported on target architecture/processor
    register uint32_t __regFaultMask       __ASM("faultmask");
D:\Program Files (x86)\keil4\ARM\CMSIS\Include\core_cmFunc.h(266): error:  #1114: this feature not supported on target architecture/processor
    register uint32_t __regFaultMask       __ASM("faultmask");
D:\Program Files (x86)\keil4\ARM\CMSIS\Include\core_cmFunc.h(266): warning:  #550-D: variable "__regFaultMask" was set but never used
    register uint32_t __regFaultMask       __ASM("faultmask");
..\..\..\..\..\..\components\ble\common\ble_advdata.c: 2 warnings, 4 errors
compiling ble_advertising.c...
D:\Program Files (x86)\keil4\ARM\CMSIS\Include\core_cmFunc.h(227): error:  #1114: this feature not supported on target architecture/processor
    register uint32_t __regBasePri         __ASM("basepri");
D:\Program Files (x86)\keil4\ARM\CMSIS\Include\core_cmFunc.h(240): error:  #1114: this feature not supported on target architecture/processor
    register uint32_t __regBasePri         __ASM("basepri");
D:\Program Files (x86)\keil4\ARM\CMSIS\Include\core_cmFunc.h(240): warning:  #550-D: variable "__regBasePri" was set but never used
    register uint32_t __regBasePri         __ASM("basepri");
D:\Program Files (x86)\keil4\ARM\CMSIS\Include\core_cmFunc.h(253): error:  #1114: this feature not supported on target architecture/processor
    register uint32_t __regFaultMask       __ASM("faultmask");
D:\Program Files (x86)\keil4\ARM\CMSIS\Include\core_cmFunc.h(266): error:  #1114: this feature not supported on target architecture/processor
    register uint32_t __regFaultMask       __ASM("faultmask");
D:\Program Files (x86)\keil4\ARM\CMSIS\Include\core_cmFunc.h(266): warning:  #550-D: variable "__regFaultMask" was set but never used
    register uint32_t __regFaultMask       __ASM("faultmask");
..\..\..\..\..\..\components\ble\ble_advertising\ble_advertising.c: 2 warnings, 4 errors
compiling ble_conn_params.c...
D:\Program Files (x86)\keil4\ARM\CMSIS\Include\core_cmFunc.h(227): error:  #1114: this feature not supported on target architecture/processor
    register uint32_t __regBasePri         __ASM("basepri");
D:\Program Files (x86)\keil4\ARM\CMSIS\Include\core_cmFunc.h(240): error:  #1114: this feature not supported on target architecture/processor
    register uint32_t __regBasePri         __ASM("basepri");
D:\Program Files (x86)\keil4\ARM\CMSIS\Include\core_cmFunc.h(240): warning:  #550-D: variable "__regBasePri" was set but never used
    register uint32_t __regBasePri         __ASM("basepri");
D:\Program Files (x86)\keil4\ARM\CMSIS\Include\core_cmFunc.h(253): error:  #1114: this feature not supported on target architecture/processor
    register uint32_t __regFaultMask       __ASM("faultmask");
D:\Program Files (x86)\keil4\ARM\CMSIS\Include\core_cmFunc.h(266): error:  #1114: this feature not supported on target architecture/processor
    register uint32_t __regFaultMask       __ASM("faultmask");
D:\Program Files (x86)\keil4\ARM\CMSIS\Include\core_cmFunc.h(266): warning:  #550-D: variable "__regFaultMask" was set but never used
    register uint32_t __regFaultMask       __ASM("faultmask");
..\..\..\..\..\..\components\ble\common\ble_conn_params.c: 2 warnings, 4 errors
compiling ble_srv_common.c...
D:\Program Files (x86)\keil4\ARM\CMSIS\Include\core_cmFunc.h(227): error:  #1114: this feature not supported on target architecture/processor
    register uint32_t __regBasePri         __ASM("basepri");
D:\Program Files (x86)\keil4\ARM\CMSIS\Include\core_cmFunc.h(240): error:  #1114: this feature not supported on target architecture/processor
    register uint32_t __regBasePri         __ASM("basepri");
D:\Program Files (x86)\keil4\ARM\CMSIS\Include\core_cmFunc.h(240): warning:  #550-D: variable "__regBasePri" was set but never used
    register uint32_t __regBasePri         __ASM("basepri");
D:\Program Files (x86)\keil4\ARM\CMSIS\Include\core_cmFunc.h(253): error:  #1114: this feature not supported on target architecture/processor
    register uint32_t __regFaultMask       __ASM("faultmask");
D:\Program Files (x86)\keil4\ARM\CMSIS\Include\core_cmFunc.h(266): error:  #1114: this feature not supported on target architecture/processor
    register uint32_t __regFaultMask       __ASM("faultmask");
D:\Program Files (x86)\keil4\ARM\CMSIS\Include\core_cmFunc.h(266): warning:  #550-D: variable "__regFaultMask" was set but never used
    register uint32_t __regFaultMask       __ASM("faultmask");
..\..\..\..\..\..\components\ble\common\ble_srv_common.c: 2 warnings, 4 errors
compiling ble_nus.c...
D:\Program Files (x86)\keil4\ARM\CMSIS\Include\core_cmFunc.h(227): error:  #1114: this feature not supported on target architecture/processor
    register uint32_t __regBasePri         __ASM("basepri");
D:\Program Files (x86)\keil4\ARM\CMSIS\Include\core_cmFunc.h(240): error:  #1114: this feature not supported on target architecture/processor
    register uint32_t __regBasePri         __ASM("basepri");
D:\Program Files (x86)\keil4\ARM\CMSIS\Include\core_cmFunc.h(240): warning:  #550-D: variable "__regBasePri" was set but never used
    register uint32_t __regBasePri         __ASM("basepri");
D:\Program Files (x86)\keil4\ARM\CMSIS\Include\core_cmFunc.h(253): error:  #1114: this feature not supported on target architecture/processor
    register uint32_t __regFaultMask       __ASM("faultmask");
D:\Program Files (x86)\keil4\ARM\CMSIS\Include\core_cmFunc.h(266): error:  #1114: this feature not supported on target architecture/processor
    register uint32_t __regFaultMask       __ASM("faultmask");
D:\Program Files (x86)\keil4\ARM\CMSIS\Include\core_cmFunc.h(266): warning:  #550-D: variable "__regFaultMask" was set but never used
    register uint32_t __regFaultMask       __ASM("faultmask");
..\..\..\..\..\..\components\ble\ble_services\ble_nus\ble_nus.c: 2 warnings, 4 errors
compiling nrf_drv_clock.c...
D:\Program Files (x86)\keil4\ARM\CMSIS\Include\core_cmFunc.h(227): error:  #1114: this feature not supported on target architecture/processor
    register uint32_t __regBasePri         __ASM("basepri");
D:\Program Files (x86)\keil4\ARM\CMSIS\Include\core_cmFunc.h(240): error:  #1114: this feature not supported on target architecture/processor
    register uint32_t __regBasePri         __ASM("basepri");
D:\Program Files (x86)\keil4\ARM\CMSIS\Include\core_cmFunc.h(240): warning:  #550-D: variable "__regBasePri" was set but never used
    register uint32_t __regBasePri         __ASM("basepri");
D:\Program Files (x86)\keil4\ARM\CMSIS\Include\core_cmFunc.h(253): error:  #1114: this feature not supported on target architecture/processor
    register uint32_t __regFaultMask       __ASM("faultmask");
D:\Program Files (x86)\keil4\ARM\CMSIS\Include\core_cmFunc.h(266): error:  #1114: this feature not supported on target architecture/processor
    register uint32_t __regFaultMask       __ASM("faultmask");
D:\Program Files (x86)\keil4\ARM\CMSIS\Include\core_cmFunc.h(266): warning:  #550-D: variable "__regFaultMask" was set but never used
    register uint32_t __regFaultMask       __ASM("faultmask");
..\..\..\..\..\..\components\drivers_nrf\clock\nrf_drv_clock.c: 2 warnings, 4 errors
compiling nrf_drv_common.c...
D:\Program Files (x86)\keil4\ARM\CMSIS\Include\core_cmFunc.h(227): error:  #1114: this feature not supported on target architecture/processor
    register uint32_t __regBasePri         __ASM("basepri");
D:\Program Files (x86)\keil4\ARM\CMSIS\Include\core_cmFunc.h(240): error:  #1114: this feature not supported on target architecture/processor
    register uint32_t __regBasePri         __ASM("basepri");
D:\Program Files (x86)\keil4\ARM\CMSIS\Include\core_cmFunc.h(240): warning:  #550-D: variable "__regBasePri" was set but never used
    register uint32_t __regBasePri         __ASM("basepri");
D:\Program Files (x86)\keil4\ARM\CMSIS\Include\core_cmFunc.h(253): error:  #1114: this feature not supported on target architecture/processor
    register uint32_t __regFaultMask       __ASM("faultmask");
D:\Program Files (x86)\keil4\ARM\CMSIS\Include\core_cmFunc.h(266): error:  #1114: this feature not supported on target architecture/processor
    register uint32_t __regFaultMask       __ASM("faultmask");
D:\Program Files (x86)\keil4\ARM\CMSIS\Include\core_cmFunc.h(266): warning:  #550-D: variable "__regFaultMask" was set but never used
    register uint32_t __regFaultMask       __ASM("faultmask");
..\..\..\..\..\..\components\drivers_nrf\common\nrf_drv_common.c: 2 warnings, 4 errors
compiling nrf_drv_gpiote.c...
D:\Program Files (x86)\keil4\ARM\CMSIS\Include\core_cmFunc.h(227): error:  #1114: this feature not supported on target architecture/processor
    register uint32_t __regBasePri         __ASM("basepri");
D:\Program Files (x86)\keil4\ARM\CMSIS\Include\core_cmFunc.h(240): error:  #1114: this feature not supported on target architecture/processor
    register uint32_t __regBasePri         __ASM("basepri");
D:\Program Files (x86)\keil4\ARM\CMSIS\Include\core_cmFunc.h(240): warning:  #550-D: variable "__regBasePri" was set but never used
    register uint32_t __regBasePri         __ASM("basepri");
D:\Program Files (x86)\keil4\ARM\CMSIS\Include\core_cmFunc.h(253): error:  #1114: this feature not supported on target architecture/processor
    register uint32_t __regFaultMask       __ASM("faultmask");
D:\Program Files (x86)\keil4\ARM\CMSIS\Include\core_cmFunc.h(266): error:  #1114: this feature not supported on target architecture/processor
    register uint32_t __regFaultMask       __ASM("faultmask");
D:\Program Files (x86)\keil4\ARM\CMSIS\Include\core_cmFunc.h(266): warning:  #550-D: variable "__regFaultMask" was set but never used
    register uint32_t __regFaultMask       __ASM("faultmask");
..\..\..\..\..\..\components\drivers_nrf\gpiote\nrf_drv_gpiote.c: 2 warnings, 4 errors
compiling nrf_drv_uart.c...
D:\Program Files (x86)\keil4\ARM\CMSIS\Include\core_cmFunc.h(227): error:  #1114: this feature not supported on target architecture/processor
    register uint32_t __regBasePri         __ASM("basepri");
D:\Program Files (x86)\keil4\ARM\CMSIS\Include\core_cmFunc.h(240): error:  #1114: this feature not supported on target architecture/processor
    register uint32_t __regBasePri         __ASM("basepri");
D:\Program Files (x86)\keil4\ARM\CMSIS\Include\core_cmFunc.h(240): warning:  #550-D: variable "__regBasePri" was set but never used
    register uint32_t __regBasePri         __ASM("basepri");
D:\Program Files (x86)\keil4\ARM\CMSIS\Include\core_cmFunc.h(253): error:  #1114: this feature not supported on target architecture/processor
    register uint32_t __regFaultMask       __ASM("faultmask");
D:\Program Files (x86)\keil4\ARM\CMSIS\Include\core_cmFunc.h(266): error:  #1114: this feature not supported on target architecture/processor
    register uint32_t __regFaultMask       __ASM("faultmask");
D:\Program Files (x86)\keil4\ARM\CMSIS\Include\core_cmFunc.h(266): warning:  #550-D: variable "__regFaultMask" was set but never used
    register uint32_t __regFaultMask       __ASM("faultmask");
..\..\..\..\..\..\components\drivers_nrf\uart\nrf_drv_uart.c: 2 warnings, 4 errors
compiling app_button.c...
D:\Program Files (x86)\keil4\ARM\CMSIS\Include\core_cmFunc.h(227): error:  #1114: this feature not supported on target architecture/processor
    register uint32_t __regBasePri         __ASM("basepri");
D:\Program Files (x86)\keil4\ARM\CMSIS\Include\core_cmFunc.h(240): error:  #1114: this feature not supported on target architecture/processor
    register uint32_t __regBasePri         __ASM("basepri");
D:\Program Files (x86)\keil4\ARM\CMSIS\Include\core_cmFunc.h(240): warning:  #550-D: variable "__regBasePri" was set but never used
    register uint32_t __regBasePri         __ASM("basepri");
D:\Program Files (x86)\keil4\ARM\CMSIS\Include\core_cmFunc.h(253): error:  #1114: this feature not supported on target architecture/processor
    register uint32_t __regFaultMask       __ASM("faultmask");
D:\Program Files (x86)\keil4\ARM\CMSIS\Include\core_cmFunc.h(266): error:  #1114: this feature not supported on target architecture/processor
    register uint32_t __regFaultMask       __ASM("faultmask");
D:\Program Files (x86)\keil4\ARM\CMSIS\Include\core_cmFunc.h(266): warning:  #550-D: variable "__regFaultMask" was set but never used
    register uint32_t __regFaultMask       __ASM("faultmask");
..\..\..\..\..\..\components\libraries\button\app_button.c: 2 warnings, 4 errors
compiling app_error.c...
D:\Program Files (x86)\keil4\ARM\CMSIS\Include\core_cmFunc.h(227): error:  #1114: this feature not supported on target architecture/processor
    register uint32_t __regBasePri         __ASM("basepri");
D:\Program Files (x86)\keil4\ARM\CMSIS\Include\core_cmFunc.h(240): error:  #1114: this feature not supported on target architecture/processor
    register uint32_t __regBasePri         __ASM("basepri");
D:\Program Files (x86)\keil4\ARM\CMSIS\Include\core_cmFunc.h(240): warning:  #550-D: variable "__regBasePri" was set but never used
    register uint32_t __regBasePri         __ASM("basepri");
D:\Program Files (x86)\keil4\ARM\CMSIS\Include\core_cmFunc.h(253): error:  #1114: this feature not supported on target architecture/processor
    register uint32_t __regFaultMask       __ASM("faultmask");
D:\Program Files (x86)\keil4\ARM\CMSIS\Include\core_cmFunc.h(266): error:  #1114: this feature not supported on target architecture/processor
    register uint32_t __regFaultMask       __ASM("faultmask");
D:\Program Files (x86)\keil4\ARM\CMSIS\Include\core_cmFunc.h(266): warning:  #550-D: variable "__regFaultMask" was set but never used
    register uint32_t __regFaultMask       __ASM("faultmask");
..\..\..\..\..\..\components\libraries\util\app_error.c: 2 warnings, 4 errors
compiling app_error_weak.c...
D:\Program Files (x86)\keil4\ARM\CMSIS\Include\core_cmFunc.h(227): error:  #1114: this feature not supported on target architecture/processor
    register uint32_t __regBasePri         __ASM("basepri");
D:\Program Files (x86)\keil4\ARM\CMSIS\Include\core_cmFunc.h(240): error:  #1114: this feature not supported on target architecture/processor
    register uint32_t __regBasePri         __ASM("basepri");
D:\Program Files (x86)\keil4\ARM\CMSIS\Include\core_cmFunc.h(240): warning:  #550-D: variable "__regBasePri" was set but never used
    register uint32_t __regBasePri         __ASM("basepri");
D:\Program Files (x86)\keil4\ARM\CMSIS\Include\core_cmFunc.h(253): error:  #1114: this feature not supported on target architecture/processor
    register uint32_t __regFaultMask       __ASM("faultmask");
D:\Program Files (x86)\keil4\ARM\CMSIS\Include\core_cmFunc.h(266): error:  #1114: this feature not supported on target architecture/processor
    register uint32_t __regFaultMask       __ASM("faultmask");
D:\Program Files (x86)\keil4\ARM\CMSIS\Include\core_cmFunc.h(266): warning:  #550-D: variable "__regFaultMask" was set but never used
    register uint32_t __regFaultMask       __ASM("faultmask");
..\..\..\..\..\..\components\libraries\util\app_error_weak.c: 2 warnings, 4 errors
compiling app_fifo.c...
D:\Program Files (x86)\keil4\ARM\CMSIS\Include\core_cmFunc.h(227): error:  #1114: this feature not supported on target architecture/processor
    register uint32_t __regBasePri         __ASM("basepri");
D:\Program Files (x86)\keil4\ARM\CMSIS\Include\core_cmFunc.h(240): error:  #1114: this feature not supported on target architecture/processor
    register uint32_t __regBasePri         __ASM("basepri");
D:\Program Files (x86)\keil4\ARM\CMSIS\Include\core_cmFunc.h(240): warning:  #550-D: variable "__regBasePri" was set but never used
    register uint32_t __regBasePri         __ASM("basepri");
D:\Program Files (x86)\keil4\ARM\CMSIS\Include\core_cmFunc.h(253): error:  #1114: this feature not supported on target architecture/processor
    register uint32_t __regFaultMask       __ASM("faultmask");
D:\Program Files (x86)\keil4\ARM\CMSIS\Include\core_cmFunc.h(266): error:  #1114: this feature not supported on target architecture/processor
    register uint32_t __regFaultMask       __ASM("faultmask");
D:\Program Files (x86)\keil4\ARM\CMSIS\Include\core_cmFunc.h(266): warning:  #550-D: variable "__regFaultMask" was set but never used
    register uint32_t __regFaultMask       __ASM("faultmask");
..\..\..\..\..\..\components\libraries\fifo\app_fifo.c: 2 warnings, 4 errors
compiling app_timer.c...
D:\Program Files (x86)\keil4\ARM\CMSIS\Include\core_cmFunc.h(227): error:  #1114: this feature not supported on target architecture/processor
    register uint32_t __regBasePri         __ASM("basepri");
D:\Program Files (x86)\keil4\ARM\CMSIS\Include\core_cmFunc.h(240): error:  #1114: this feature not supported on target architecture/processor
    register uint32_t __regBasePri         __ASM("basepri");
D:\Program Files (x86)\keil4\ARM\CMSIS\Include\core_cmFunc.h(240): warning:  #550-D: variable "__regBasePri" was set but never used
    register uint32_t __regBasePri         __ASM("basepri");
D:\Program Files (x86)\keil4\ARM\CMSIS\Include\core_cmFunc.h(253): error:  #1114: this feature not supported on target architecture/processor
    register uint32_t __regFaultMask       __ASM("faultmask");
D:\Program Files (x86)\keil4\ARM\CMSIS\Include\core_cmFunc.h(266): error:  #1114: this feature not supported on target architecture/processor
    register uint32_t __regFaultMask       __ASM("faultmask");
D:\Program Files (x86)\keil4\ARM\CMSIS\Include\core_cmFunc.h(266): warning:  #550-D: variable "__regFaultMask" was set but never used
    register uint32_t __regFaultMask       __ASM("faultmask");
..\..\..\..\..\..\components\libraries\timer\app_timer.c: 2 warnings, 4 errors
compiling app_uart_fifo.c...
D:\Program Files (x86)\keil4\ARM\CMSIS\Include\core_cmFunc.h(227): error:  #1114: this feature not supported on target architecture/processor
    register uint32_t __regBasePri         __ASM("basepri");
D:\Program Files (x86)\keil4\ARM\CMSIS\Include\core_cmFunc.h(240): error:  #1114: this feature not supported on target architecture/processor
    register uint32_t __regBasePri         __ASM("basepri");
D:\Program Files (x86)\keil4\ARM\CMSIS\Include\core_cmFunc.h(240): warning:  #550-D: variable "__regBasePri" was set but never used
    register uint32_t __regBasePri         __ASM("basepri");
D:\Program Files (x86)\keil4\ARM\CMSIS\Include\core_cmFunc.h(253): error:  #1114: this feature not supported on target architecture/processor
    register uint32_t __regFaultMask       __ASM("faultmask");
D:\Program Files (x86)\keil4\ARM\CMSIS\Include\core_cmFunc.h(266): error:  #1114: this feature not supported on target architecture/processor
    register uint32_t __regFaultMask       __ASM("faultmask");
D:\Program Files (x86)\keil4\ARM\CMSIS\Include\core_cmFunc.h(266): warning:  #550-D: variable "__regFaultMask" was set but never used
    register uint32_t __regFaultMask       __ASM("faultmask");
..\..\..\..\..\..\components\libraries\uart\app_uart_fifo.c: 2 warnings, 4 errors
compiling app_util_platform.c...
D:\Program Files (x86)\keil4\ARM\CMSIS\Include\core_cmFunc.h(227): error:  #1114: this feature not supported on target architecture/processor
    register uint32_t __regBasePri         __ASM("basepri");
D:\Program Files (x86)\keil4\ARM\CMSIS\Include\core_cmFunc.h(240): error:  #1114: this feature not supported on target architecture/processor
    register uint32_t __regBasePri         __ASM("basepri");
D:\Program Files (x86)\keil4\ARM\CMSIS\Include\core_cmFunc.h(240): warning:  #550-D: variable "__regBasePri" was set but never used
    register uint32_t __regBasePri         __ASM("basepri");
D:\Program Files (x86)\keil4\ARM\CMSIS\Include\core_cmFunc.h(253): error:  #1114: this feature not supported on target architecture/processor
    register uint32_t __regFaultMask       __ASM("faultmask");
D:\Program Files (x86)\keil4\ARM\CMSIS\Include\core_cmFunc.h(266): error:  #1114: this feature not supported on target architecture/processor
    register uint32_t __regFaultMask       __ASM("faultmask");
D:\Program Files (x86)\keil4\ARM\CMSIS\Include\core_cmFunc.h(266): warning:  #550-D: variable "__regFaultMask" was set but never used
    register uint32_t __regFaultMask       __ASM("faultmask");
..\..\..\..\..\..\components\libraries\util\app_util_platform.c: 2 warnings, 4 errors
compiling fstorage.c...
D:\Program Files (x86)\keil4\ARM\CMSIS\Include\core_cmFunc.h(227): error:  #1114: this feature not supported on target architecture/processor
    register uint32_t __regBasePri         __ASM("basepri");
D:\Program Files (x86)\keil4\ARM\CMSIS\Include\core_cmFunc.h(240): error:  #1114: this feature not supported on target architecture/processor
    register uint32_t __regBasePri         __ASM("basepri");
D:\Program Files (x86)\keil4\ARM\CMSIS\Include\core_cmFunc.h(240): warning:  #550-D: variable "__regBasePri" was set but never used
    register uint32_t __regBasePri         __ASM("basepri");
D:\Program Files (x86)\keil4\ARM\CMSIS\Include\core_cmFunc.h(253): error:  #1114: this feature not supported on target architecture/processor
    register uint32_t __regFaultMask       __ASM("faultmask");
D:\Program Files (x86)\keil4\ARM\CMSIS\Include\core_cmFunc.h(266): error:  #1114: this feature not supported on target architecture/processor
    register uint32_t __regFaultMask       __ASM("faultmask");
D:\Program Files (x86)\keil4\ARM\CMSIS\Include\core_cmFunc.h(266): warning:  #550-D: variable "__regFaultMask" was set but never used
    register uint32_t __regFaultMask       __ASM("faultmask");
..\..\..\..\..\..\components\libraries\fstorage\fstorage.c: 2 warnings, 4 errors
compiling hardfault_implementation.c...
D:\Program Files (x86)\keil4\ARM\CMSIS\Include\core_cmFunc.h(227): error:  #1114: this feature not supported on target architecture/processor
    register uint32_t __regBasePri         __ASM("basepri");
D:\Program Files (x86)\keil4\ARM\CMSIS\Include\core_cmFunc.h(240): error:  #1114: this feature not supported on target architecture/processor
    register uint32_t __regBasePri         __ASM("basepri");
D:\Program Files (x86)\keil4\ARM\CMSIS\Include\core_cmFunc.h(240): warning:  #550-D: variable "__regBasePri" was set but never used
    register uint32_t __regBasePri         __ASM("basepri");
D:\Program Files (x86)\keil4\ARM\CMSIS\Include\core_cmFunc.h(253): error:  #1114: this feature not supported on target architecture/processor
    register uint32_t __regFaultMask       __ASM("faultmask");
D:\Program Files (x86)\keil4\ARM\CMSIS\Include\core_cmFunc.h(266): error:  #1114: this feature not supported on target architecture/processor
    register uint32_t __regFaultMask       __ASM("faultmask");
D:\Program Files (x86)\keil4\ARM\CMSIS\Include\core_cmFunc.h(266): warning:  #550-D: variable "__regFaultMask" was set but never used
    register uint32_t __regFaultMask       __ASM("faultmask");
..\..\..\..\..\..\components\libraries\hardfault\hardfault_implementation.c: 2 warnings, 4 errors
compiling nrf_assert.c...
D:\Program Files (x86)\keil4\ARM\CMSIS\Include\core_cmFunc.h(227): error:  #1114: this feature not supported on target architecture/processor
    register uint32_t __regBasePri         __ASM("basepri");
D:\Program Files (x86)\keil4\ARM\CMSIS\Include\core_cmFunc.h(240): error:  #1114: this feature not supported on target architecture/processor
    register uint32_t __regBasePri         __ASM("basepri");
D:\Program Files (x86)\keil4\ARM\CMSIS\Include\core_cmFunc.h(240): warning:  #550-D: variable "__regBasePri" was set but never used
    register uint32_t __regBasePri         __ASM("basepri");
D:\Program Files (x86)\keil4\ARM\CMSIS\Include\core_cmFunc.h(253): error:  #1114: this feature not supported on target architecture/processor
    register uint32_t __regFaultMask       __ASM("faultmask");
D:\Program Files (x86)\keil4\ARM\CMSIS\Include\core_cmFunc.h(266): error:  #1114: this feature not supported on target architecture/processor
    register uint32_t __regFaultMask       __ASM("faultmask");
D:\Program Files (x86)\keil4\ARM\CMSIS\Include\core_cmFunc.h(266): warning:  #550-D: variable "__regFaultMask" was set but never used
    register uint32_t __regFaultMask       __ASM("faultmask");
..\..\..\..\..\..\components\libraries\util\nrf_assert.c: 2 warnings, 4 errors
compiling retarget.c...
D:\Program Files (x86)\keil4\ARM\CMSIS\Include\core_cmFunc.h(227): error:  #1114: this feature not supported on target architecture/processor
    register uint32_t __regBasePri         __ASM("basepri");
D:\Program Files (x86)\keil4\ARM\CMSIS\Include\core_cmFunc.h(240): error:  #1114: this feature not supported on target architecture/processor
    register uint32_t __regBasePri         __ASM("basepri");
D:\Program Files (x86)\keil4\ARM\CMSIS\Include\core_cmFunc.h(240): warning:  #550-D: variable "__regBasePri" was set but never used
    register uint32_t __regBasePri         __ASM("basepri");
D:\Program Files (x86)\keil4\ARM\CMSIS\Include\core_cmFunc.h(253): error:  #1114: this feature not supported on target architecture/processor
    register uint32_t __regFaultMask       __ASM("faultmask");
D:\Program Files (x86)\keil4\ARM\CMSIS\Include\core_cmFunc.h(266): error:  #1114: this feature not supported on target architecture/processor
    register uint32_t __regFaultMask       __ASM("faultmask");
D:\Program Files (x86)\keil4\ARM\CMSIS\Include\core_cmFunc.h(266): warning:  #550-D: variable "__regFaultMask" was set but never used
    register uint32_t __regFaultMask       __ASM("faultmask");
..\..\..\..\..\..\components\libraries\uart\retarget.c: 2 warnings, 4 errors
compiling sdk_errors.c...
compiling nrf_log_backend_serial.c...
D:\Program Files (x86)\keil4\ARM\CMSIS\Include\core_cmFunc.h(227): error:  #1114: this feature not supported on target architecture/processor
    register uint32_t __regBasePri         __ASM("basepri");
D:\Program Files (x86)\keil4\ARM\CMSIS\Include\core_cmFunc.h(240): error:  #1114: this feature not supported on target architecture/processor
    register uint32_t __regBasePri         __ASM("basepri");
D:\Program Files (x86)\keil4\ARM\CMSIS\Include\core_cmFunc.h(240): warning:  #550-D: variable "__regBasePri" was set but never used
    register uint32_t __regBasePri         __ASM("basepri");
D:\Program Files (x86)\keil4\ARM\CMSIS\Include\core_cmFunc.h(253): error:  #1114: this feature not supported on target architecture/processor
    register uint32_t __regFaultMask       __ASM("faultmask");
D:\Program Files (x86)\keil4\ARM\CMSIS\Include\core_cmFunc.h(266): error:  #1114: this feature not supported on target architecture/processor
    register uint32_t __regFaultMask       __ASM("faultmask");
D:\Program Files (x86)\keil4\ARM\CMSIS\Include\core_cmFunc.h(266): warning:  #550-D: variable "__regFaultMask" was set but never used
    register uint32_t __regFaultMask       __ASM("faultmask");
..\..\..\..\..\..\components\libraries\log\src\nrf_log_backend_serial.c: 2 warnings, 4 errors
compiling nrf_log_frontend.c...
D:\Program Files (x86)\keil4\ARM\CMSIS\Include\core_cmFunc.h(227): error:  #1114: this feature not supported on target architecture/processor
    register uint32_t __regBasePri         __ASM("basepri");
D:\Program Files (x86)\keil4\ARM\CMSIS\Include\core_cmFunc.h(240): error:  #1114: this feature not supported on target architecture/processor
    register uint32_t __regBasePri         __ASM("basepri");
D:\Program Files (x86)\keil4\ARM\CMSIS\Include\core_cmFunc.h(240): warning:  #550-D: variable "__regBasePri" was set but never used
    register uint32_t __regBasePri         __ASM("basepri");
D:\Program Files (x86)\keil4\ARM\CMSIS\Include\core_cmFunc.h(253): error:  #1114: this feature not supported on target architecture/processor
    register uint32_t __regFaultMask       __ASM("faultmask");
D:\Program Files (x86)\keil4\ARM\CMSIS\Include\core_cmFunc.h(266): error:  #1114: this feature not supported on target architecture/processor
    register uint32_t __regFaultMask       __ASM("faultmask");
D:\Program Files (x86)\keil4\ARM\CMSIS\Include\core_cmFunc.h(266): warning:  #550-D: variable "__regFaultMask" was set but never used
    register uint32_t __regFaultMask       __ASM("faultmask");
..\..\..\..\..\..\components\libraries\log\src\nrf_log_frontend.c: 2 warnings, 4 errors
compiling RTT_Syscalls_KEIL.c...
compiling SEGGER_RTT.c...
D:\Program Files (x86)\keil4\ARM\CMSIS\Include\core_cmFunc.h(227): error:  #1114: this feature not supported on target architecture/processor
    register uint32_t __regBasePri         __ASM("basepri");
D:\Program Files (x86)\keil4\ARM\CMSIS\Include\core_cmFunc.h(240): error:  #1114: this feature not supported on target architecture/processor
    register uint32_t __regBasePri         __ASM("basepri");
D:\Program Files (x86)\keil4\ARM\CMSIS\Include\core_cmFunc.h(240): warning:  #550-D: variable "__regBasePri" was set but never used
    register uint32_t __regBasePri         __ASM("basepri");
D:\Program Files (x86)\keil4\ARM\CMSIS\Include\core_cmFunc.h(253): error:  #1114: this feature not supported on target architecture/processor
    register uint32_t __regFaultMask       __ASM("faultmask");
D:\Program Files (x86)\keil4\ARM\CMSIS\Include\core_cmFunc.h(266): error:  #1114: this feature not supported on target architecture/processor
    register uint32_t __regFaultMask       __ASM("faultmask");
D:\Program Files (x86)\keil4\ARM\CMSIS\Include\core_cmFunc.h(266): warning:  #550-D: variable "__regFaultMask" was set but never used
    register uint32_t __regFaultMask       __ASM("faultmask");
..\..\..\..\..\..\external\segger_rtt\SEGGER_RTT.c: 2 warnings, 4 errors
compiling SEGGER_RTT_printf.c...
compiling softdevice_handler.c...
D:\Program Files (x86)\keil4\ARM\CMSIS\Include\core_cmFunc.h(227): error:  #1114: this feature not supported on target architecture/processor
    register uint32_t __regBasePri         __ASM("basepri");
D:\Program Files (x86)\keil4\ARM\CMSIS\Include\core_cmFunc.h(240): error:  #1114: this feature not supported on target architecture/processor
    register uint32_t __regBasePri         __ASM("basepri");
D:\Program Files (x86)\keil4\ARM\CMSIS\Include\core_cmFunc.h(240): warning:  #550-D: variable "__regBasePri" was set but never used
    register uint32_t __regBasePri         __ASM("basepri");
D:\Program Files (x86)\keil4\ARM\CMSIS\Include\core_cmFunc.h(253): error:  #1114: this feature not supported on target architecture/processor
    register uint32_t __regFaultMask       __ASM("faultmask");
D:\Program Files (x86)\keil4\ARM\CMSIS\Include\core_cmFunc.h(266): error:  #1114: this feature not supported on target architecture/processor
    register uint32_t __regFaultMask       __ASM("faultmask");
D:\Program Files (x86)\keil4\ARM\CMSIS\Include\core_cmFunc.h(266): warning:  #550-D: variable "__regFaultMask" was set but never used
    register uint32_t __regFaultMask       __ASM("faultmask");
..\..\..\..\..\..\components\softdevice\common\softdevice_handler\softdevice_handler.c: 2 warnings, 4 errors
".\_build\nrf52832_xxaa.axf" - 120 Error(s), 60 Warning(s).
Target not created
