<html>
<body>
<pre>
<h1>礦ision Build Log</h1>
<h2>Tool Versions:</h2>
IDE-Version: μVision V5.17.0.0
Copyright (C) 2015 ARM Ltd and ARM Germany GmbH. All rights reserved.
License Information: nan lv, robotpen, LIC=Z3C63-ATRNW-VJN6J-UIDST-DRA7J-TAX6R
 
Tool Versions:
Toolchain:       MDK-ARM Professional  Version: 5.17
Toolchain Path:  C:\Keil_v5\ARM\ARMCC\Bin
C Compiler:      Armcc.exe V5.06 update 1 (build 61)
Assembler:       Armasm.exe V5.06 update 1 (build 61)
Linker/Locator:  ArmLink.exe V5.06 update 1 (build 61)
Library Manager: ArmAr.exe V5.06 update 1 (build 61)
Hex Converter:   FromElf.exe V5.06 update 1 (build 61)
CPU DLL:         
Dialog DLL:      
Target DLL:      Segger\JL2CM3.dll V2.99.16.0
Dialog DLL:      TCM.DLL V1.14.6.0
 
<h2>Project:</h2>
E:\研究目录\soft\nRF5_SDK_12.3.0_d7731ad\examples\dfu\bootloader_secure\pca10040\arm5_no_packs\secure_dfu_secure_dfu_ble_s132_pca10040.uvprojx
Project File Date:  10/08/2018

<h2>Output:</h2>
*** Using Compiler 'V5.06 update 1 (build 61)', folder: 'C:\Keil_v5\ARM\ARMCC\Bin'
Build target 'nrf52832_xxaa_s132'
compiling ble_conn_params.c...
compiling boards.c...
compiling main.c...
..\..\main.c(102): warning:  #177-D: variable "ret_val" was declared but never referenced
      uint32_t ret_val;
..\..\main.c: 1 warning, 0 errors
compiling nrf_dfu.c...
..\..\..\..\..\components\libraries\bootloader\dfu\nrf_dfu.c(123): warning:  #177-D: variable "ret_val" was declared but never referenced
      uint32_t ret_val = NRF_SUCCESS;
..\..\..\..\..\components\libraries\bootloader\dfu\nrf_dfu.c(124): warning:  #177-D: variable "enter_bootloader_mode" was declared but never referenced
      uint32_t enter_bootloader_mode = 0;
..\..\..\..\..\components\libraries\bootloader\dfu\nrf_dfu.c(89): warning:  #177-D: function "timers_init" was declared but never referenced
  static void timers_init(void)
..\..\..\..\..\components\libraries\bootloader\dfu\nrf_dfu.c(98): warning:  #177-D: function "scheduler_init" was declared but never referenced
  static void scheduler_init(void)
..\..\..\..\..\components\libraries\bootloader\dfu\nrf_dfu.c(104): warning:  #177-D: function "wait_for_event" was declared but never referenced
  static void wait_for_event()
..\..\..\..\..\components\libraries\bootloader\dfu\nrf_dfu.c: 5 warnings, 0 errors
compiling ble_srv_common.c...
compiling nrf_bootloader_app_start.c...
compiling nrf_dfu_utils.c...
compiling nrf_dfu_flash.c...
compiling nrf_dfu_settings.c...
compiling nrf_drv_common.c...
compiling nrf_drv_rng.c...
compiling nrf_drv_uart.c...
compiling app_error_weak.c...
compiling app_scheduler.c...
compiling app_timer.c...
compiling app_timer_appsh.c...
compiling app_util_platform.c...
compiling nrf_assert.c...
compiling nrf_queue.c...
compiling softdevice_handler.c...
compiling softdevice_handler_appsh.c...
compiling nrf_log_frontend.c...
compiling nrf_log_backend_serial.c...
linking...
Program Size: Code=8658 RO-data=1370 RW-data=100 ZI-data=17780  
FromELF: creating hex file...
".\_build\nrf52832_xxaa_s132.axf" - 0 Error(s), 6 Warning(s).

<h2>Software Packages used:</h2>

Package Vendor: ARM
                http://www.keil.com/pack/ARM.CMSIS.4.5.0.pack
                ARM::CMSIS:CORE:4.3.0
                CMSIS (Cortex Microcontroller Software Interface Standard)
   * Component: CORE Version: 4.3.0

Package Vendor: NordicSemiconductor
                http://developer.nordicsemi.com/nRF5_SDK/pieces/nRF_DeviceFamilyPack/NordicSemiconductor.nRF_DeviceFamilyPack.8.11.1.pack
                NordicSemiconductor::Device:Startup:8.11.1
                Nordic Semiconductor nRF ARM devices Device Family Pack.
   * Component: Startup Version: 8.11.1

<h2>Collection of Component include folders:</h2>
  E:\研究目录\soft\nRF5_SDK_12.3.0_d7731ad\examples\dfu\bootloader_secure\pca10040\arm5_no_packs\RTE
  C:\Keil_v5\ARM\PACK\ARM\CMSIS\4.5.0\CMSIS\Include
  C:\Keil_v5\ARM\PACK\NordicSemiconductor\nRF_DeviceFamilyPack\8.11.1\Device\Include
  C:\Keil_v5\ARM\PACK\NordicSemiconductor\nRF_DeviceFamilyPack\8.16.0\Device\Include

<h2>Collection of Component Files used:</h2>

   * Component: ARM::CMSIS:CORE:4.3.0

   * Component: NordicSemiconductor::Device:Startup:8.11.1
      Source file:   Device\Source\arm\arm_startup_nrf52.s
      Source file:   Device\Source\system_nrf52.c
      Include file:  Device\Include\system_nrf52.h
Build Time Elapsed:  00:00:31
</pre>
</body>
</html>
