Component: ARM Compiler 5.06 update 1 (build 61) Tool: armlink [4d35a8]

==============================================================================

Section Cross References

    main.o(i.app_error_fault_handler) refers to nrf_log_frontend.o(i.nrf_log_frontend_std_2) for nrf_log_frontend_std_2
    main.o(i.app_error_fault_handler) refers to main.o(i.NVIC_SystemReset) for NVIC_SystemReset
    main.o(i.app_error_handler_bare) refers to nrf_log_frontend.o(i.nrf_log_frontend_std_1) for nrf_log_frontend_std_1
    main.o(i.app_error_handler_bare) refers to main.o(i.NVIC_SystemReset) for NVIC_SystemReset
    main.o(i.main) refers to nrf_log_frontend.o(i.nrf_log_init) for nrf_log_init
    main.o(i.main) refers to nrf_log_frontend.o(i.nrf_log_frontend_std_0) for nrf_log_frontend_std_0
    main.o(i.main) refers to boards.o(i.bsp_board_leds_init) for bsp_board_leds_init
    main.o(i.main) refers to boards.o(i.bsp_board_led_on) for bsp_board_led_on
    main.o(i.main) refers to nrf_log_frontend.o(i.nrf_log_frontend_dequeue) for nrf_log_frontend_dequeue
    main.o(i.main) refers to main.o(i.nrf_delay_us) for nrf_delay_us
    main.o(i.main) refers to nrf_bootloader_app_start.o(i.nrf_bootloader_app_start) for nrf_bootloader_app_start
    main.o(i.nrf_delay_us) refers to system_nrf52.o(.data) for SystemCoreClock
    boards.o(i.bsp_board_button_idx_to_pin) refers to boards.o(.constdata) for .constdata
    boards.o(i.bsp_board_button_state_get) refers to boards.o(.constdata) for .constdata
    boards.o(i.bsp_board_buttons_init) refers to boards.o(i.nrf_gpio_cfg) for nrf_gpio_cfg
    boards.o(i.bsp_board_buttons_init) refers to boards.o(.constdata) for .constdata
    boards.o(i.bsp_board_led_idx_to_pin) refers to boards.o(.constdata) for .constdata
    boards.o(i.bsp_board_led_invert) refers to boards.o(.constdata) for .constdata
    boards.o(i.bsp_board_led_off) refers to boards.o(i.nrf_gpio_pin_write) for nrf_gpio_pin_write
    boards.o(i.bsp_board_led_off) refers to boards.o(.constdata) for .constdata
    boards.o(i.bsp_board_led_on) refers to boards.o(i.nrf_gpio_pin_write) for nrf_gpio_pin_write
    boards.o(i.bsp_board_led_on) refers to boards.o(.constdata) for .constdata
    boards.o(i.bsp_board_led_state_get) refers to boards.o(.constdata) for .constdata
    boards.o(i.bsp_board_leds_init) refers to boards.o(i.nrf_gpio_cfg) for nrf_gpio_cfg
    boards.o(i.bsp_board_leds_init) refers to boards.o(i.bsp_board_leds_off) for bsp_board_leds_off
    boards.o(i.bsp_board_leds_init) refers to boards.o(.constdata) for .constdata
    boards.o(i.bsp_board_leds_off) refers to boards.o(i.bsp_board_led_off) for bsp_board_led_off
    boards.o(i.bsp_board_leds_on) refers to boards.o(i.bsp_board_led_on) for bsp_board_led_on
    boards.o(i.bsp_board_pin_to_button_idx) refers to boards.o(.constdata) for .constdata
    boards.o(i.bsp_board_pin_to_led_idx) refers to boards.o(.constdata) for .constdata
    ble_advdata.o(i.adv_data_encode) refers to ble_advdata.o(i.ble_device_addr_encode) for ble_device_addr_encode
    ble_advdata.o(i.adv_data_encode) refers to ble_advdata.o(i.uint16_encode) for uint16_encode
    ble_advdata.o(i.adv_data_encode) refers to ble_advdata.o(i.uuid_list_encode) for uuid_list_encode
    ble_advdata.o(i.adv_data_encode) refers to ble_advdata.o(i.conn_int_encode) for conn_int_encode
    ble_advdata.o(i.adv_data_encode) refers to ble_advdata.o(i.manuf_specific_data_encode) for manuf_specific_data_encode
    ble_advdata.o(i.adv_data_encode) refers to ble_advdata.o(i.service_data_encode) for service_data_encode
    ble_advdata.o(i.adv_data_encode) refers to ble_advdata.o(i.name_encode) for name_encode
    ble_advdata.o(i.ble_advdata_set) refers to ble_advdata.o(i.adv_data_encode) for adv_data_encode
    ble_advdata.o(i.conn_int_encode) refers to ble_advdata.o(i.uint16_encode) for uint16_encode
    ble_advdata.o(i.manuf_specific_data_encode) refers to ble_advdata.o(i.uint16_encode) for uint16_encode
    ble_advdata.o(i.manuf_specific_data_encode) refers to memcpya.o(.text) for __aeabi_memcpy
    ble_advdata.o(i.service_data_encode) refers to ble_advdata.o(i.uint16_encode) for uint16_encode
    ble_advdata.o(i.service_data_encode) refers to memcpya.o(.text) for __aeabi_memcpy
    ble_advdata.o(i.uuid_list_encode) refers to ble_advdata.o(i.uuid_list_sized_encode) for uuid_list_sized_encode
    ble_conn_params.o(i.ble_conn_params_change_conn_params) refers to ble_conn_params.o(i.is_conn_params_ok) for is_conn_params_ok
    ble_conn_params.o(i.ble_conn_params_change_conn_params) refers to ble_conn_params.o(.data) for .data
    ble_conn_params.o(i.ble_conn_params_change_conn_params) refers to ble_conn_params.o(.bss) for .bss
    ble_conn_params.o(i.ble_conn_params_init) refers to memcpya.o(.text) for __aeabi_memcpy4
    ble_conn_params.o(i.ble_conn_params_init) refers to app_timer.o(i.app_timer_create) for app_timer_create
    ble_conn_params.o(i.ble_conn_params_init) refers to ble_conn_params.o(.bss) for .bss
[...]
    Removing nrf_dfu_flash.o(.rrx_text), (6 bytes).
    Removing nrf_dfu_flash.o(i.nrf_dfu_flash_erase), (316 bytes).
    Removing nrf_dfu_flash.o(i.nrf_dfu_flash_error_clear), (16 bytes).
    Removing nrf_dfu_flash.o(i.nrf_dfu_flash_init), (184 bytes).
    Removing nrf_dfu_flash.o(i.nrf_dfu_flash_store), (272 bytes).
    Removing nrf_dfu_flash.o(i.nrf_dfu_flash_wait), (140 bytes).
    Removing nrf_dfu_flash.o(.constdata), (16 bytes).
    Removing nrf_dfu_mbr.o(.rev16_text), (4 bytes).
    Removing nrf_dfu_mbr.o(.revsh_text), (4 bytes).
    Removing nrf_dfu_mbr.o(.rrx_text), (6 bytes).
    Removing nrf_dfu_mbr.o(i.nrf_dfu_mbr_compare), (28 bytes).
    Removing nrf_dfu_mbr.o(i.nrf_dfu_mbr_copy_bl), (22 bytes).
    Removing nrf_dfu_mbr.o(i.nrf_dfu_mbr_copy_sd), (36 bytes).
    Removing nrf_dfu_mbr.o(i.nrf_dfu_mbr_vector_table_set), (128 bytes).
    Removing nrf_dfu_settings.o(.rev16_text), (4 bytes).
    Removing nrf_dfu_settings.o(.revsh_text), (4 bytes).
    Removing nrf_dfu_settings.o(.rrx_text), (6 bytes).
    Removing nrf_dfu_settings.o(i.delay_operation), (20 bytes).
    Removing nrf_dfu_settings.o(i.dfu_settings_write_callback), (24 bytes).
    Removing nrf_dfu_settings.o(i.nrf_delay_us), (140 bytes).
    Removing nrf_dfu_settings.o(i.nrf_dfu_settings_calculate_crc), (16 bytes).
    Removing nrf_dfu_settings.o(i.nrf_dfu_settings_init), (144 bytes).
    Removing nrf_dfu_settings.o(i.nrf_dfu_settings_write), (416 bytes).
    Removing nrf_dfu_settings.o(i.wait_for_queue), (80 bytes).
    Removing nrf_dfu_settings.o(.bss), (696 bytes).
    Removing nrf_dfu_settings.o(.conststring), (66 bytes).
    Removing nrf_dfu_settings.o(.data), (8 bytes).
    Removing nrf_dfu_transport.o(.rev16_text), (4 bytes).
    Removing nrf_dfu_transport.o(.revsh_text), (4 bytes).
    Removing nrf_dfu_transport.o(.rrx_text), (6 bytes).
    Removing nrf_dfu_transport.o(i.nrf_dfu_transports_close), (180 bytes).
    Removing nrf_dfu_transport.o(i.nrf_dfu_transports_init), (180 bytes).
    Removing nrf_dfu_utils.o(.rev16_text), (4 bytes).
    Removing nrf_dfu_utils.o(.revsh_text), (4 bytes).
    Removing nrf_dfu_utils.o(.rrx_text), (6 bytes).
    Removing nrf_dfu_utils.o(i.nrf_dfu_app_continue), (380 bytes).
    Removing nrf_dfu_utils.o(i.nrf_dfu_app_is_valid), (216 bytes).
    Removing nrf_dfu_utils.o(i.nrf_dfu_bl_continue), (248 bytes).
    Removing nrf_dfu_utils.o(i.nrf_dfu_continue), (96 bytes).
    Removing nrf_dfu_utils.o(i.nrf_dfu_continue_bank), (324 bytes).
    Removing nrf_dfu_utils.o(i.nrf_dfu_find_cache), (680 bytes).
    Removing nrf_dfu_utils.o(i.nrf_dfu_invalidate_bank), (24 bytes).
    Removing nrf_dfu_utils.o(i.nrf_dfu_sd_bl_continue), (160 bytes).
    Removing nrf_dfu_utils.o(i.nrf_dfu_sd_continue_impl), (560 bytes).
    Removing nrf_dfu_utils.o(.conststring), (431 bytes).
    Removing nrf_drv_common.o(.rev16_text), (4 bytes).
    Removing nrf_drv_common.o(.revsh_text), (4 bytes).
    Removing nrf_drv_common.o(.rrx_text), (6 bytes).
    Removing nrf_drv_rng.o(.rev16_text), (4 bytes).
    Removing nrf_drv_rng.o(.revsh_text), (4 bytes).
    Removing nrf_drv_rng.o(.rrx_text), (6 bytes).
    Removing nrf_drv_rng.o(i.nrf_drv_rng_block_rand), (40 bytes).
    Removing nrf_drv_rng.o(i.nrf_drv_rng_bytes_available), (32 bytes).
    Removing nrf_drv_rng.o(i.nrf_drv_rng_init), (72 bytes).
    Removing nrf_drv_rng.o(i.nrf_drv_rng_on_sd_disable), (44 bytes).
    Removing nrf_drv_rng.o(i.nrf_drv_rng_rand), (96 bytes).
    Removing nrf_drv_rng.o(i.nrf_drv_rng_setup), (52 bytes).
    Removing nrf_drv_rng.o(i.nrf_drv_rng_start), (32 bytes).
    Removing nrf_drv_rng.o(i.nrf_drv_rng_uninit), (64 bytes).
    Removing nrf_drv_rng.o(.constdata), (28 bytes).
    Removing nrf_drv_rng.o(.constdata), (17 bytes).
    Removing nrf_drv_rng.o(.data), (3 bytes).
    Removing nrf_nvmc.o(.rev16_text), (4 bytes).
    Removing nrf_nvmc.o(.revsh_text), (4 bytes).
    Removing nrf_nvmc.o(.rrx_text), (6 bytes).
    Removing nrf_nvmc.o(i.nrf_nvmc_page_erase), (48 bytes).
    Removing nrf_nvmc.o(i.nrf_nvmc_write_byte), (60 bytes).
    Removing nrf_nvmc.o(i.nrf_nvmc_write_bytes), (28 bytes).
    Removing nrf_nvmc.o(i.nrf_nvmc_write_word), (44 bytes).
    Removing nrf_nvmc.o(i.nrf_nvmc_write_words), (60 bytes).
    Removing nrf_drv_uart.o(.rev16_text), (4 bytes).
    Removing nrf_drv_uart.o(.revsh_text), (4 bytes).
    Removing nrf_drv_uart.o(.rrx_text), (6 bytes).
    Removing nrf_drv_uart.o(i.nrf_drv_uart_errorsrc_get), (48 bytes).
    Removing nrf_drv_uart.o(i.nrf_drv_uart_rx), (176 bytes).
    Removing nrf_drv_uart.o(i.nrf_drv_uart_rx_abort), (40 bytes).
    Removing nrf_drv_uart.o(i.nrf_drv_uart_rx_disable), (36 bytes).
    Removing nrf_drv_uart.o(i.nrf_drv_uart_rx_enable), (48 bytes).
    Removing nrf_drv_uart.o(i.nrf_drv_uart_rx_for_uart), (168 bytes).
    Removing nrf_drv_uart.o(i.nrf_drv_uart_rx_for_uarte), (176 bytes).
    Removing nrf_drv_uart.o(i.nrf_drv_uart_tx_abort), (88 bytes).
    Removing nrf_drv_uart.o(i.rx_enable), (32 bytes).
    Removing nrf_drv_uart.o(.constdata), (18 bytes).
    Removing nrf_drv_uart.o(.constdata), (25 bytes).
    Removing nrf_drv_uart.o(.constdata), (26 bytes).
    Removing nrf_drv_uart.o(.constdata), (16 bytes).
    Removing nrf_drv_uart.o(.constdata), (25 bytes).
    Removing nrf_drv_uart.o(.constdata), (26 bytes).
    Removing nrf_drv_uart.o(.constdata), (16 bytes).
    Removing app_error_weak.o(.rev16_text), (4 bytes).
    Removing app_error_weak.o(.revsh_text), (4 bytes).
    Removing app_error_weak.o(.rrx_text), (6 bytes).
    Removing app_error_weak.o(i.app_error_fault_handler), (80 bytes).
    Removing app_scheduler.o(.rev16_text), (4 bytes).
    Removing app_scheduler.o(.revsh_text), (4 bytes).
    Removing app_scheduler.o(.rrx_text), (6 bytes).
    Removing app_scheduler.o(i.app_sched_event_put), (160 bytes).
    Removing app_scheduler.o(i.app_sched_execute), (64 bytes).
    Removing app_scheduler.o(i.app_sched_init), (44 bytes).
    Removing app_scheduler.o(i.app_sched_queue_space_get), (36 bytes).
    Removing app_scheduler.o(.data), (16 bytes).
    Removing app_timer.o(.rev16_text), (4 bytes).
    Removing app_timer.o(.revsh_text), (4 bytes).
    Removing app_timer.o(.rrx_text), (6 bytes).
    Removing app_timer.o(i.NVIC_SetPriority), (32 bytes).
    Removing app_timer.o(i.app_timer_cnt_diff_compute), (12 bytes).
    Removing app_timer.o(i.app_timer_cnt_get), (12 bytes).
    Removing app_timer.o(i.app_timer_create), (36 bytes).
    Removing app_timer.o(i.app_timer_init), (112 bytes).
    Removing app_timer.o(i.app_timer_start), (136 bytes).
    Removing app_timer.o(i.app_timer_stop), (32 bytes).
    Removing app_timer.o(i.app_timer_stop_all), (24 bytes).
    Removing app_timer.o(i.timer_stop_op_schedule), (72 bytes).
    Removing app_timer.o(i.user_op_alloc), (48 bytes).
    Removing app_timer_appsh.o(.rev16_text), (4 bytes).
    Removing app_timer_appsh.o(.revsh_text), (4 bytes).
    Removing app_timer_appsh.o(.rrx_text), (6 bytes).
    Removing app_timer_appsh.o(i.app_timer_evt_get), (24 bytes).
    Removing app_timer_appsh.o(i.app_timer_evt_schedule), (24 bytes).
    Removing app_util_platform.o(.rev16_text), (4 bytes).
    Removing app_util_platform.o(.revsh_text), (4 bytes).
    Removing app_util_platform.o(.rrx_text), (6 bytes).
    Removing app_util_platform.o(i.app_util_disable_irq), (16 bytes).
    Removing app_util_platform.o(i.app_util_enable_irq), (20 bytes).
    Removing app_util_platform.o(.data), (4 bytes).
    Removing crc32.o(.rev16_text), (4 bytes).
    Removing crc32.o(.revsh_text), (4 bytes).
    Removing crc32.o(.rrx_text), (6 bytes).
    Removing crc32.o(i.crc32_compute), (60 bytes).
    Removing fstorage.o(.rev16_text), (4 bytes).
    Removing fstorage.o(.revsh_text), (4 bytes).
    Removing fstorage.o(.rrx_text), (6 bytes).
    Removing fstorage.o(i.check_config), (32 bytes).
    Removing fstorage.o(i.fs_erase), (116 bytes).
    Removing fstorage.o(i.fs_fake_init), (20 bytes).
    Removing fstorage.o(i.fs_init), (176 bytes).
    Removing fstorage.o(i.fs_queue_is_empty), (20 bytes).
    Removing fstorage.o(i.fs_queue_is_full), (20 bytes).
    Removing fstorage.o(i.fs_queued_op_count_get), (20 bytes).
    Removing fstorage.o(i.fs_store), (128 bytes).
    Removing fstorage.o(i.fs_sys_event_handler), (104 bytes).
    Removing fstorage.o(i.on_operation_success), (88 bytes).
    Removing fstorage.o(i.queue_advance), (44 bytes).
    Removing fstorage.o(i.queue_get_next_free), (56 bytes).
    Removing fstorage.o(i.queue_process), (116 bytes).
    Removing fstorage.o(i.queue_start), (28 bytes).
    Removing fstorage.o(i.send_event), (76 bytes).
    Removing fstorage.o(.bss), (104 bytes).
    Removing fstorage.o(.data), (2 bytes).
    Removing hci_mem_pool.o(.rev16_text), (4 bytes).
    Removing hci_mem_pool.o(.revsh_text), (4 bytes).
    Removing hci_mem_pool.o(.rrx_text), (6 bytes).
    Removing hci_mem_pool.o(i.hci_mem_pool_close), (4 bytes).
    Removing hci_mem_pool.o(i.hci_mem_pool_open), (40 bytes).
    Removing hci_mem_pool.o(i.hci_mem_pool_rx_consume), (112 bytes).
    Removing hci_mem_pool.o(i.hci_mem_pool_rx_data_size_set), (36 bytes).
    Removing hci_mem_pool.o(i.hci_mem_pool_rx_extract), (72 bytes).
    Removing hci_mem_pool.o(i.hci_mem_pool_rx_produce), (84 bytes).
    Removing hci_mem_pool.o(i.hci_mem_pool_tx_alloc), (36 bytes).
    Removing hci_mem_pool.o(i.hci_mem_pool_tx_free), (12 bytes).
    Removing hci_mem_pool.o(.bss), (3044 bytes).
    Removing hci_mem_pool.o(.data), (1 bytes).
    Removing nrf_assert.o(.rev16_text), (4 bytes).
    Removing nrf_assert.o(.revsh_text), (4 bytes).
    Removing nrf_assert.o(.rrx_text), (6 bytes).
    Removing nrf_assert.o(i.assert_nrf_callback), (22 bytes).
    Removing nrf_queue.o(.rev16_text), (4 bytes).
    Removing nrf_queue.o(.revsh_text), (4 bytes).
    Removing nrf_queue.o(.rrx_text), (6 bytes).
    Removing nrf_queue.o(i.nrf_queue_available_get), (14 bytes).
    Removing nrf_queue.o(i.nrf_queue_generic_pop), (140 bytes).
    Removing nrf_queue.o(i.nrf_queue_in), (70 bytes).
    Removing nrf_queue.o(i.nrf_queue_out), (58 bytes).
    Removing nrf_queue.o(i.nrf_queue_read), (62 bytes).
    Removing nrf_queue.o(i.nrf_queue_reset), (34 bytes).
    Removing nrf_queue.o(i.nrf_queue_utilization_get), (36 bytes).
    Removing nrf_queue.o(i.nrf_queue_write), (68 bytes).
    Removing nrf_queue.o(i.queue_read), (104 bytes).
    Removing nrf_queue.o(i.queue_write), (134 bytes).
    Removing sdk_errors.o(.conststring), (403 bytes).
    Removing sdk_errors.o(.conststring), (282 bytes).
    Removing sdk_errors.o(.conststring), (88 bytes).
    Removing sdk_errors.o(.data), (72 bytes).
    Removing sdk_errors.o(.data), (36 bytes).
    Removing sdk_errors.o(.data), (12 bytes).
    Removing softdevice_handler.o(.rev16_text), (4 bytes).
    Removing softdevice_handler.o(.revsh_text), (4 bytes).
    Removing softdevice_handler.o(.rrx_text), (6 bytes).
    Removing softdevice_handler.o(i.NVIC_DisableIRQ), (22 bytes).
    Removing softdevice_handler.o(i.NVIC_EnableIRQ), (22 bytes).
    Removing softdevice_handler.o(i.__sd_nvic_app_accessible_irq), (36 bytes).
    Removing softdevice_handler.o(i.ram_end_address_get), (16 bytes).
    Removing softdevice_handler.o(i.sd_check_ram_start), (164 bytes).
    Removing softdevice_handler.o(i.sd_nvic_EnableIRQ), (112 bytes).
    Removing softdevice_handler.o(i.softdevice_ble_evt_handler_set), (20 bytes).
    Removing softdevice_handler.o(i.softdevice_enable), (160 bytes).
    Removing softdevice_handler.o(i.softdevice_enable_get_default_config), (38 bytes).
    Removing softdevice_handler.o(i.softdevice_fault_handler), (4 bytes).
    Removing softdevice_handler.o(i.softdevice_handler_init), (96 bytes).
    Removing softdevice_handler.o(i.softdevice_handler_is_suspended), (12 bytes).
    Removing softdevice_handler.o(i.softdevice_handler_resume), (68 bytes).
    Removing softdevice_handler.o(i.softdevice_handler_sd_disable), (24 bytes).
    Removing softdevice_handler.o(i.softdevice_handler_suspend), (60 bytes).
    Removing softdevice_handler.o(i.softdevice_sys_evt_handler_set), (20 bytes).
    Removing softdevice_handler.o(.conststring), (66 bytes).
    Removing softdevice_handler_appsh.o(.rev16_text), (4 bytes).
    Removing softdevice_handler_appsh.o(.revsh_text), (4 bytes).
    Removing softdevice_handler_appsh.o(.rrx_text), (6 bytes).
    Removing softdevice_handler_appsh.o(i.softdevice_evt_get), (18 bytes).
    Removing softdevice_handler_appsh.o(i.softdevice_evt_schedule), (16 bytes).
    Removing pb_common.o(i.pb_field_iter_begin), (34 bytes).
    Removing pb_common.o(i.pb_field_iter_find), (46 bytes).
    Removing pb_common.o(i.pb_field_iter_next), (128 bytes).
    Removing pb_decode.o(i.buf_read), (28 bytes).
    Removing pb_decode.o(i.decode_callback_field), (126 bytes).
    Removing pb_decode.o(i.decode_field), (26 bytes).
    Removing pb_decode.o(i.decode_static_field), (224 bytes).
    Removing pb_decode.o(i.iter_from_extension), (46 bytes).
    Removing pb_decode.o(i.pb_close_string_substream), (6 bytes).
    Removing pb_decode.o(i.pb_dec_bytes), (62 bytes).
    Removing pb_decode.o(i.pb_dec_fixed32), (6 bytes).
    Removing pb_decode.o(i.pb_dec_fixed64), (6 bytes).
    Removing pb_decode.o(i.pb_dec_string), (62 bytes).
    Removing pb_decode.o(i.pb_dec_submessage), (64 bytes).
    Removing pb_decode.o(i.pb_dec_svarint), (88 bytes).
    Removing pb_decode.o(i.pb_dec_uvarint), (88 bytes).
    Removing pb_decode.o(i.pb_dec_varint), (90 bytes).
    Removing pb_decode.o(i.pb_decode), (30 bytes).
    Removing pb_decode.o(i.pb_decode_delimited), (36 bytes).
    Removing pb_decode.o(i.pb_decode_fixed32), (32 bytes).
    Removing pb_decode.o(i.pb_decode_fixed64), (92 bytes).
    Removing pb_decode.o(i.pb_decode_noinit), (390 bytes).
    Removing pb_decode.o(i.pb_decode_svarint), (58 bytes).
    Removing pb_decode.o(i.pb_decode_tag), (60 bytes).
    Removing pb_decode.o(i.pb_decode_varint), (74 bytes).
    Removing pb_decode.o(i.pb_decode_varint32), (76 bytes).
    Removing pb_decode.o(i.pb_field_set_to_default), (164 bytes).
    Removing pb_decode.o(i.pb_istream_from_buffer), (20 bytes).
    Removing pb_decode.o(i.pb_make_string_substream), (54 bytes).
    Removing pb_decode.o(i.pb_message_set_to_defaults), (38 bytes).
    Removing pb_decode.o(i.pb_read), (88 bytes).
    Removing pb_decode.o(i.pb_readbyte), (32 bytes).
    Removing pb_decode.o(i.pb_skip_field), (90 bytes).
    Removing pb_decode.o(i.read_raw_value), (98 bytes).
    Removing pb_decode.o(.constdata), (36 bytes).
    Removing nrf_log_backend_serial.o(.rev16_text), (4 bytes).
    Removing nrf_log_backend_serial.o(.revsh_text), (4 bytes).
    Removing nrf_log_backend_serial.o(.rrx_text), (6 bytes).
    Removing nrf_log_backend_serial.o(i.nrf_log_backend_getchar), (52 bytes).
    Removing nrf_log_backend_serial.o(.constdata), (5 bytes).
    Removing nrf_log_frontend.o(.rev16_text), (4 bytes).
    Removing nrf_log_frontend.o(.revsh_text), (4 bytes).
    Removing nrf_log_frontend.o(.rrx_text), (6 bytes).
    Removing nrf_log_frontend.o(i.cont_buf_prealloc), (124 bytes).
    Removing nrf_log_frontend.o(i.nrf_log_blocking_backend_set), (6 bytes).
    Removing nrf_log_frontend.o(i.nrf_log_frontend_hexdump), (144 bytes).
    Removing nrf_log_frontend.o(i.nrf_log_frontend_std_2), (104 bytes).
    Removing nrf_log_frontend.o(i.nrf_log_frontend_std_3), (124 bytes).
    Removing nrf_log_frontend.o(i.nrf_log_frontend_std_4), (136 bytes).
    Removing nrf_log_frontend.o(i.nrf_log_frontend_std_5), (152 bytes).
    Removing nrf_log_frontend.o(i.nrf_log_frontend_std_6), (164 bytes).
    Removing nrf_log_frontend.o(i.nrf_log_getchar), (4 bytes).
    Removing nrf_log_frontend.o(i.nrf_log_push), (96 bytes).
    Removing arm_startup_nrf52.o(HEAP), (0 bytes).
    Removing system_nrf52.o(.rev16_text), (4 bytes).
    Removing system_nrf52.o(.revsh_text), (4 bytes).
    Removing system_nrf52.o(.rrx_text), (6 bytes).
    Removing system_nrf52.o(i.SystemCoreClockUpdate), (16 bytes).
    Removing dadd.o(.text), (334 bytes).
    Removing dmul.o(.text), (228 bytes).
    Removing ddiv.o(.text), (222 bytes).
    Removing dfixul.o(.text), (48 bytes).
    Removing cdrcmple.o(.text), (48 bytes).
    Removing depilogue.o(.text), (186 bytes).

347 unused section(s) (total 24752 bytes) removed from the image.

==============================================================================

Image Symbol Table

    Local Symbols

    Symbol Name                              Value     Ov Type        Size  Object(Section)

    ../clib/microlib/ctype/ctype.c           0x00000000   Number         0  iscntrl_o.o ABSOLUTE
    ../clib/microlib/ctype/ctype.c           0x00000000   Number         0  isspace_o.o ABSOLUTE
    ../clib/microlib/ctype/ctype.c           0x00000000   Number         0  isblank_o.o ABSOLUTE
    ../clib/microlib/ctype/ctype.c           0x00000000   Number         0  isalpha_o.o ABSOLUTE
    ../clib/microlib/ctype/ctype.c           0x00000000   Number         0  isupper_o.o ABSOLUTE
    ../clib/microlib/ctype/ctype.c           0x00000000   Number         0  isxdigit_o.o ABSOLUTE
    ../clib/microlib/ctype/ctype.c           0x00000000   Number         0  ctype_o.o ABSOLUTE
    ../clib/microlib/ctype/ctype.c           0x00000000   Number         0  isalnum_o.o ABSOLUTE
    ../clib/microlib/ctype/ctype.c           0x00000000   Number         0  ispunct_o.o ABSOLUTE
    ../clib/microlib/ctype/ctype.c           0x00000000   Number         0  isprint_o.o ABSOLUTE
    ../clib/microlib/ctype/ctype.c           0x00000000   Number         0  islower_o.o ABSOLUTE
    ../clib/microlib/ctype/ctype.c           0x00000000   Number         0  isgraph_o.o ABSOLUTE
    ../clib/microlib/ctype/ctype.c           0x00000000   Number         0  isdigit_o.o ABSOLUTE
    ../clib/microlib/division.c              0x00000000   Number         0  uidiv.o ABSOLUTE
    ../clib/microlib/division.c              0x00000000   Number         0  uldiv.o ABSOLUTE
    ../clib/microlib/init/entry.s            0x00000000   Number         0  entry11b.o ABSOLUTE
    ../clib/microlib/init/entry.s            0x00000000   Number         0  entry9b.o ABSOLUTE
    ../clib/microlib/init/entry.s            0x00000000   Number         0  entry11a.o ABSOLUTE
    ../clib/microlib/init/entry.s            0x00000000   Number         0  entry9a.o ABSOLUTE
    ../clib/microlib/init/entry.s            0x00000000   Number         0  entry10b.o ABSOLUTE
    ../clib/microlib/init/entry.s            0x00000000   Number         0  entry.o ABSOLUTE
    ../clib/microlib/init/entry.s            0x00000000   Number         0  entry7b.o ABSOLUTE
    ../clib/microlib/init/entry.s            0x00000000   Number         0  entry7a.o ABSOLUTE
    ../clib/microlib/init/entry.s            0x00000000   Number         0  entry10a.o ABSOLUTE
    ../clib/microlib/init/entry.s            0x00000000   Number         0  entry5.o ABSOLUTE
    ../clib/microlib/init/entry.s            0x00000000   Number         0  entry8b.o ABSOLUTE
    ../clib/microlib/init/entry.s            0x00000000   Number         0  entry8a.o ABSOLUTE
    ../clib/microlib/init/entry.s            0x00000000   Number         0  entry2.o ABSOLUTE
    ../clib/microlib/longlong.c              0x00000000   Number         0  llushr.o ABSOLUTE
    ../clib/microlib/longlong.c              0x00000000   Number         0  llsshr.o ABSOLUTE
    ../clib/microlib/longlong.c              0x00000000   Number         0  llshl.o ABSOLUTE
    ../clib/microlib/printf/printf.c         0x00000000   Number         0  printf7.o ABSOLUTE
    ../clib/microlib/printf/printf.c         0x00000000   Number         0  printf3.o ABSOLUTE
    ../clib/microlib/printf/printf.c         0x00000000   Number         0  printfa.o ABSOLUTE
    ../clib/microlib/printf/printf.c         0x00000000   Number         0  printf1.o ABSOLUTE
    ../clib/microlib/printf/printf.c         0x00000000   Number         0  printf4.o ABSOLUTE
    ../clib/microlib/printf/printf.c         0x00000000   Number         0  printf5.o ABSOLUTE
    ../clib/microlib/printf/printf.c         0x00000000   Number         0  printf6.o ABSOLUTE
    ../clib/microlib/printf/printf.c         0x00000000   Number         0  printf8.o ABSOLUTE
    ../clib/microlib/printf/printf.c         0x00000000   Number         0  printf0.o ABSOLUTE
    ../clib/microlib/printf/printf.c         0x00000000   Number         0  printfb.o ABSOLUTE
    ../clib/microlib/printf/printf.c         0x00000000   Number         0  printf2.o ABSOLUTE
    ../clib/microlib/printf/stubs.s          0x00000000   Number         0  stubs.o ABSOLUTE
    ../clib/microlib/stdio/fputc.c           0x00000000   Number         0  fputc.o ABSOLUTE
    ../clib/microlib/stdio/semi.s            0x00000000   Number         0  semi.o ABSOLUTE
    ../clib/microlib/stdio/streams.c         0x00000000   Number         0  stdout.o ABSOLUTE
    ../clib/microlib/string/memcpy.c         0x00000000   Number         0  memcpya.o ABSOLUTE
    ../clib/microlib/string/memcpy.c         0x00000000   Number         0  memcpyb.o ABSOLUTE
    ../clib/microlib/string/memset.c         0x00000000   Number         0  memseta.o ABSOLUTE
    ../clib/microlib/string/strlen.c         0x00000000   Number         0  strlen.o ABSOLUTE
    ../clib/microlib/stubs.s                 0x00000000   Number         0  iusefp.o ABSOLUTE
    ../clib/microlib/stubs.s                 0x00000000   Number         0  iusesemip.o ABSOLUTE
    ../fplib/microlib/fpadd.c                0x00000000   Number         0  dadd.o ABSOLUTE
    ../fplib/microlib/fpdiv.c                0x00000000   Number         0  ddiv.o ABSOLUTE
    ../fplib/microlib/fpepilogue.c           0x00000000   Number         0  depilogue.o ABSOLUTE
    ../fplib/microlib/fpfix.c                0x00000000   Number         0  dfixul.o ABSOLUTE
    ../fplib/microlib/fpmul.c                0x00000000   Number         0  dmul.o ABSOLUTE
    ..\..\..\..\..\components\ble\common\ble_advdata.c 0x00000000   Number         0  ble_advdata.o ABSOLUTE
    ..\..\..\..\..\components\ble\common\ble_conn_params.c 0x00000000   Number         0  ble_conn_params.o ABSOLUTE
    ..\..\..\..\..\components\ble\common\ble_srv_common.c 0x00000000   Number         0  ble_srv_common.o ABSOLUTE
    ..\..\..\..\..\components\boards\boards.c 0x00000000   Number         0  boards.o ABSOLUTE
    ..\..\..\..\..\components\drivers_nrf\common\nrf_drv_common.c 0x00000000   Number         0  nrf_drv_common.o ABSOLUTE
    ..\..\..\..\..\components\drivers_nrf\hal\nrf_nvmc.c 0x00000000   Number         0  nrf_nvmc.o ABSOLUTE
    ..\..\..\..\..\components\drivers_nrf\rng\nrf_drv_rng.c 0x00000000   Number         0  nrf_drv_rng.o ABSOLUTE
    ..\..\..\..\..\components\drivers_nrf\uart\nrf_drv_uart.c 0x00000000   Number         0  nrf_drv_uart.o ABSOLUTE
    ..\..\..\..\..\components\libraries\bootloader\dfu\nrf_dfu.c 0x00000000   Number         0  nrf_dfu.o ABSOLUTE
    ..\..\..\..\..\components\libraries\bootloader\dfu\nrf_dfu_flash.c 0x00000000   Number         0  nrf_dfu_flash.o ABSOLUTE
    ..\..\..\..\..\components\libraries\bootloader\dfu\nrf_dfu_mbr.c 0x00000000   Number         0  nrf_dfu_mbr.o ABSOLUTE
    ..\..\..\..\..\components\libraries\bootloader\dfu\nrf_dfu_settings.c 0x00000000   Number         0  nrf_dfu_settings.o ABSOLUTE
    ..\..\..\..\..\components\libraries\bootloader\dfu\nrf_dfu_transport.c 0x00000000   Number         0  nrf_dfu_transport.o ABSOLUTE
    ..\..\..\..\..\components\libraries\bootloader\dfu\nrf_dfu_utils.c 0x00000000   Number         0  nrf_dfu_utils.o ABSOLUTE
    ..\..\..\..\..\components\libraries\bootloader\nrf_bootloader.c 0x00000000   Number         0  nrf_bootloader.o ABSOLUTE
    ..\..\..\..\..\components\libraries\bootloader\nrf_bootloader_app_start.c 0x00000000   Number         0  nrf_bootloader_app_start.o ABSOLUTE
    ..\..\..\..\..\components\libraries\bootloader\nrf_bootloader_info.c 0x00000000   Number         0  nrf_bootloader_info.o ABSOLUTE
    ..\..\..\..\..\components\libraries\crc32\crc32.c 0x00000000   Number         0  crc32.o ABSOLUTE
    ..\..\..\..\..\components\libraries\fstorage\fstorage.c 0x00000000   Number         0  fstorage.o ABSOLUTE
    ..\..\..\..\..\components\libraries\hci\hci_mem_pool.c 0x00000000   Number         0  hci_mem_pool.o ABSOLUTE
    ..\..\..\..\..\components\libraries\log\src\nrf_log_backend_serial.c 0x00000000   Number         0  nrf_log_backend_serial.o ABSOLUTE
    ..\..\..\..\..\components\libraries\log\src\nrf_log_frontend.c 0x00000000   Number         0  nrf_log_frontend.o ABSOLUTE
    ..\..\..\..\..\components\libraries\queue\nrf_queue.c 0x00000000   Number         0  nrf_queue.o ABSOLUTE
    ..\..\..\..\..\components\libraries\scheduler\app_scheduler.c 0x00000000   Number         0  app_scheduler.o ABSOLUTE
    ..\..\..\..\..\components\libraries\timer\app_timer.c 0x00000000   Number         0  app_timer.o ABSOLUTE
    ..\..\..\..\..\components\libraries\timer\app_timer_appsh.c 0x00000000   Number         0  app_timer_appsh.o ABSOLUTE
    ..\..\..\..\..\components\libraries\util\app_error_weak.c 0x00000000   Number         0  app_error_weak.o ABSOLUTE
    ..\..\..\..\..\components\libraries\util\app_util_platform.c 0x00000000   Number         0  app_util_platform.o ABSOLUTE
    ..\..\..\..\..\components\libraries\util\nrf_assert.c 0x00000000   Number         0  nrf_assert.o ABSOLUTE
    ..\..\..\..\..\components\libraries\util\sdk_errors.c 0x00000000   Number         0  sdk_errors.o ABSOLUTE
    ..\..\..\..\..\components\softdevice\common\softdevice_handler\softdevice_handler.c 0x00000000   Number         0  softdevice_handler.o ABSOLUTE
    ..\..\..\..\..\components\softdevice\common\softdevice_handler\softdevice_handler_appsh.c 0x00000000   Number         0  softdevice_handler_appsh.o ABSOLUTE
    ..\..\..\..\..\external\nano-pb\pb_common.c 0x00000000   Number         0  pb_common.o ABSOLUTE
    ..\..\..\..\..\external\nano-pb\pb_decode.c 0x00000000   Number         0  pb_decode.o ABSOLUTE
    ..\..\main.c                             0x00000000   Number         0  main.o ABSOLUTE
    ..\\..\\..\\..\\..\\components\\ble\\common\\ble_advdata.c 0x00000000   Number         0  ble_advdata.o ABSOLUTE
    ..\\..\\..\\..\\..\\components\\ble\\common\\ble_conn_params.c 0x00000000   Number         0  ble_conn_params.o ABSOLUTE
    ..\\..\\..\\..\\..\\components\\ble\\common\\ble_srv_common.c 0x00000000   Number         0  ble_srv_common.o ABSOLUTE
    ..\\..\\..\\..\\..\\components\\boards\\boards.c 0x00000000   Number         0  boards.o ABSOLUTE
    ..\\..\\..\\..\\..\\components\\drivers_nrf\\common\\nrf_drv_common.c 0x00000000   Number         0  nrf_drv_common.o ABSOLUTE
    ..\\..\\..\\..\\..\\components\\drivers_nrf\\hal\\nrf_nvmc.c 0x00000000   Number         0  nrf_nvmc.o ABSOLUTE
    ..\\..\\..\\..\\..\\components\\drivers_nrf\\rng\\nrf_drv_rng.c 0x00000000   Number         0  nrf_drv_rng.o ABSOLUTE
    ..\\..\\..\\..\\..\\components\\drivers_nrf\\uart\\nrf_drv_uart.c 0x00000000   Number         0  nrf_drv_uart.o ABSOLUTE
    ..\\..\\..\\..\\..\\components\\libraries\\bootloader\\dfu\\nrf_dfu.c 0x00000000   Number         0  nrf_dfu.o ABSOLUTE
    ..\\..\\..\\..\\..\\components\\libraries\\bootloader\\dfu\\nrf_dfu_flash.c 0x00000000   Number         0  nrf_dfu_flash.o ABSOLUTE
    ..\\..\\..\\..\\..\\components\\libraries\\bootloader\\dfu\\nrf_dfu_mbr.c 0x00000000   Number         0  nrf_dfu_mbr.o ABSOLUTE
    ..\\..\\..\\..\\..\\components\\libraries\\bootloader\\dfu\\nrf_dfu_settings.c 0x00000000   Number         0  nrf_dfu_settings.o ABSOLUTE
    ..\\..\\..\\..\\..\\components\\libraries\\bootloader\\dfu\\nrf_dfu_transport.c 0x00000000   Number         0  nrf_dfu_transport.o ABSOLUTE
    ..\\..\\..\\..\\..\\components\\libraries\\bootloader\\dfu\\nrf_dfu_utils.c 0x00000000   Number         0  nrf_dfu_utils.o ABSOLUTE
    ..\\..\\..\\..\\..\\components\\libraries\\bootloader\\nrf_bootloader.c 0x00000000   Number         0  nrf_bootloader.o ABSOLUTE
    ..\\..\\..\\..\\..\\components\\libraries\\bootloader\\nrf_bootloader_app_start.c 0x00000000   Number         0  nrf_bootloader_app_start.o ABSOLUTE
    ..\\..\\..\\..\\..\\components\\libraries\\bootloader\\nrf_bootloader_info.c 0x00000000   Number         0  nrf_bootloader_info.o ABSOLUTE
    ..\\..\\..\\..\\..\\components\\libraries\\crc32\\crc32.c 0x00000000   Number         0  crc32.o ABSOLUTE
    ..\\..\\..\\..\\..\\components\\libraries\\fstorage\\fstorage.c 0x00000000   Number         0  fstorage.o ABSOLUTE
    ..\\..\\..\\..\\..\\components\\libraries\\hci\\hci_mem_pool.c 0x00000000   Number         0  hci_mem_pool.o ABSOLUTE
    ..\\..\\..\\..\\..\\components\\libraries\\log\\src\\nrf_log_backend_serial.c 0x00000000   Number         0  nrf_log_backend_serial.o ABSOLUTE
    ..\\..\\..\\..\\..\\components\\libraries\\log\\src\\nrf_log_frontend.c 0x00000000   Number         0  nrf_log_frontend.o ABSOLUTE
    ..\\..\\..\\..\\..\\components\\libraries\\queue\\nrf_queue.c 0x00000000   Number         0  nrf_queue.o ABSOLUTE
    ..\\..\\..\\..\\..\\components\\libraries\\scheduler\\app_scheduler.c 0x00000000   Number         0  app_scheduler.o ABSOLUTE
    ..\\..\\..\\..\\..\\components\\libraries\\timer\\app_timer.c 0x00000000   Number         0  app_timer.o ABSOLUTE
    ..\\..\\..\\..\\..\\components\\libraries\\timer\\app_timer_appsh.c 0x00000000   Number         0  app_timer_appsh.o ABSOLUTE
    ..\\..\\..\\..\\..\\components\\libraries\\util\\app_error_weak.c 0x00000000   Number         0  app_error_weak.o ABSOLUTE
    ..\\..\\..\\..\\..\\components\\libraries\\util\\app_util_platform.c 0x00000000   Number         0  app_util_platform.o ABSOLUTE
    ..\\..\\..\\..\\..\\components\\libraries\\util\\nrf_assert.c 0x00000000   Number         0  nrf_assert.o ABSOLUTE
    ..\\..\\..\\..\\..\\components\\softdevice\\common\\softdevice_handler\\softdevice_handler.c 0x00000000   Number         0  softdevice_handler.o ABSOLUTE
    ..\\..\\..\\..\\..\\components\\softdevice\\common\\softdevice_handler\\softdevice_handler_appsh.c 0x00000000   Number         0  softdevice_handler_appsh.o ABSOLUTE
    ..\\..\\main.c                           0x00000000   Number         0  main.o ABSOLUTE
    RTE\Device\nRF52832_xxAA\arm_startup_nrf52.s 0x00000000   Number         0  arm_startup_nrf52.o ABSOLUTE
    RTE\Device\nRF52832_xxAA\system_nrf52.c  0x00000000   Number         0  system_nrf52.o ABSOLUTE
    RTE\\Device\\nRF52832_xxAA\\system_nrf52.c 0x00000000   Number         0  system_nrf52.o ABSOLUTE
    cdrcmple.s                               0x00000000   Number         0  cdrcmple.o ABSOLUTE
    dc.s                                     0x00000000   Number         0  dc.o ABSOLUTE
    handlers.s                               0x00000000   Number         0  handlers.o ABSOLUTE
    init.s                                   0x00000000   Number         0  init.o ABSOLUTE
    RESET                                    0x00078000   Section     1024  arm_startup_nrf52.o(RESET)
    .ARM.Collect$$$$00000000                 0x00078400   Section        0  entry.o(.ARM.Collect$$$$00000000)
    .ARM.Collect$$$$00000001                 0x00078400   Section        4  entry2.o(.ARM.Collect$$$$00000001)
    .ARM.Collect$$$$00000004                 0x00078404   Section        4  entry5.o(.ARM.Collect$$$$00000004)
    .ARM.Collect$$$$00000008                 0x00078408   Section        0  entry7b.o(.ARM.Collect$$$$00000008)
    .ARM.Collect$$$$0000000A                 0x00078408   Section        0  entry8b.o(.ARM.Collect$$$$0000000A)
    .ARM.Collect$$$$0000000B                 0x00078408   Section        8  entry9a.o(.ARM.Collect$$$$0000000B)
    .ARM.Collect$$$$0000000D                 0x00078410   Section        0  entry10a.o(.ARM.Collect$$$$0000000D)
    .ARM.Collect$$$$0000000F                 0x00078410   Section        0  entry11a.o(.ARM.Collect$$$$0000000F)
    .ARM.Collect$$$$00002712                 0x00078410   Section        4  entry2.o(.ARM.Collect$$$$00002712)
    __lit__00000000                          0x00078410   Data           4  entry2.o(.ARM.Collect$$$$00002712)
    .emb_text                                0x00078414   Section       52  nrf_bootloader_app_start.o(.emb_text)
    $v0                                      0x00078414   Number         0  nrf_bootloader_app_start.o(.emb_text)
    .text                                    0x00078448   Section       36  arm_startup_nrf52.o(.text)
    $v0                                      0x00078448   Number         0  arm_startup_nrf52.o(.text)
    .text                                    0x0007846c   Section        0  llshl.o(.text)
    .text                                    0x0007848c   Section        0  ctype_o.o(.text)
    .text                                    0x00078494   Section        0  memcpya.o(.text)
    .text                                    0x000784b8   Section        0  strlen.o(.text)
    .text                                    0x000784c6   Section        0  uldiv.o(.text)
    .text                                    0x00078528   Section       36  init.o(.text)
    .text                                    0x0007854c   Section        0  llushr.o(.text)
    i.NVIC_ClearPendingIRQ                   0x0007856c   Section        0  app_timer.o(i.NVIC_ClearPendingIRQ)
    NVIC_ClearPendingIRQ                     0x0007856d   Thumb Code    22  app_timer.o(i.NVIC_ClearPendingIRQ)
    i.NVIC_EnableIRQ                         0x00078582   Section        0  app_timer.o(i.NVIC_EnableIRQ)
    NVIC_EnableIRQ                           0x00078583   Thumb Code    22  app_timer.o(i.NVIC_EnableIRQ)
    i.NVIC_SetPendingIRQ                     0x00078598   Section        0  app_timer.o(i.NVIC_SetPendingIRQ)
    NVIC_SetPendingIRQ                       0x00078599   Thumb Code    22  app_timer.o(i.NVIC_SetPendingIRQ)
    i.NVIC_SystemReset                       0x000785b0   Section        0  main.o(i.NVIC_SystemReset)
    NVIC_SystemReset                         0x000785b1   Thumb Code    26  main.o(i.NVIC_SystemReset)
    i.RNG_IRQHandler                         0x000785d4   Section        0  nrf_drv_rng.o(i.RNG_IRQHandler)
    i.RTC1_IRQHandler                        0x00078638   Section        0  app_timer.o(i.RTC1_IRQHandler)
    i.SWI0_EGU0_IRQHandler                   0x0007865c   Section        0  app_timer.o(i.SWI0_EGU0_IRQHandler)
    i.SWI2_EGU2_IRQHandler                   0x00078660   Section        0  softdevice_handler.o(i.SWI2_EGU2_IRQHandler)
    i.SystemInit                             0x00078684   Section        0  system_nrf52.o(i.SystemInit)
    i.UARTE0_UART0_IRQHandler                0x00078920   Section        0  nrf_drv_uart.o(i.UARTE0_UART0_IRQHandler)
    i.__0snprintf$8                          0x0007893c   Section        0  printf8.o(i.__0snprintf$8)
    i.__scatterload_copy                     0x00078964   Section       14  handlers.o(i.__scatterload_copy)
    i.__scatterload_null                     0x00078972   Section        2  handlers.o(i.__scatterload_null)
    i.__scatterload_zeroinit                 0x00078974   Section       14  handlers.o(i.__scatterload_zeroinit)
    i._printf_core                           0x00078984   Section        0  printf8.o(i._printf_core)
    _printf_core                             0x00078985   Thumb Code   996  printf8.o(i._printf_core)
    i._printf_post_padding                   0x00078d94   Section        0  printf8.o(i._printf_post_padding)
    _printf_post_padding                     0x00078d95   Thumb Code    36  printf8.o(i._printf_post_padding)
    i._printf_pre_padding                    0x00078db8   Section        0  printf8.o(i._printf_pre_padding)
    _printf_pre_padding                      0x00078db9   Thumb Code    46  printf8.o(i._printf_pre_padding)
    i._snputc                                0x00078de6   Section        0  printf8.o(i._snputc)
    _snputc                                  0x00078de7   Thumb Code    22  printf8.o(i._snputc)
    i.app_error_handler_bare                 0x00078dfc   Section        0  main.o(i.app_error_handler_bare)
    i.app_util_critical_region_enter         0x00078e30   Section        0  app_util_platform.o(i.app_util_critical_region_enter)
    i.app_util_critical_region_exit          0x00078e78   Section        0  app_util_platform.o(i.app_util_critical_region_exit)
    i.apply_config                           0x00078eac   Section        0  nrf_drv_uart.o(i.apply_config)
    apply_config                             0x00078ead   Thumb Code   180  nrf_drv_uart.o(i.apply_config)
    i.bsp_board_led_off                      0x00078f64   Section        0  boards.o(i.bsp_board_led_off)
    i.bsp_board_led_on                       0x00078f74   Section        0  boards.o(i.bsp_board_led_on)
    i.bsp_board_leds_init                    0x00078f84   Section        0  boards.o(i.bsp_board_leds_init)
    i.bsp_board_leds_off                     0x00078fb0   Section        0  boards.o(i.bsp_board_leds_off)
    i.buf_len_update                         0x00078fc2   Section        0  nrf_log_backend_serial.o(i.buf_len_update)
    buf_len_update                           0x00078fc3   Thumb Code    18  nrf_log_backend_serial.o(i.buf_len_update)
    i.buf_prealloc                           0x00078fd4   Section        0  nrf_log_frontend.o(i.buf_prealloc)
    buf_prealloc                             0x00078fd5   Thumb Code    92  nrf_log_frontend.o(i.buf_prealloc)
    i.buffer_is_empty                        0x0007903c   Section        0  nrf_log_frontend.o(i.buffer_is_empty)
    i.compare_reg_update                     0x00079050   Section        0  app_timer.o(i.compare_reg_update)
    compare_reg_update                       0x00079051   Thumb Code   160  app_timer.o(i.compare_reg_update)
    i.elapsed_ticks_acquire                  0x000790fc   Section        0  app_timer.o(i.elapsed_ticks_acquire)
    elapsed_ticks_acquire                    0x000790fd   Thumb Code    58  app_timer.o(i.elapsed_ticks_acquire)
    i.fs_evt_handler                         0x0007913c   Section        0  nrf_dfu_flash.o(i.fs_evt_handler)
    fs_evt_handler                           0x0007913d   Thumb Code    58  nrf_dfu_flash.o(i.fs_evt_handler)
    i.intern_softdevice_events_execute       0x00079198   Section        0  softdevice_handler.o(i.intern_softdevice_events_execute)
    i.interrupts_enable                      0x00079214   Section        0  nrf_drv_uart.o(i.interrupts_enable)
    interrupts_enable                        0x00079215   Thumb Code   106  nrf_drv_uart.o(i.interrupts_enable)
    i.list_deletions_handler                 0x0007928c   Section        0  app_timer.o(i.list_deletions_handler)
    list_deletions_handler                   0x0007928d   Thumb Code   158  app_timer.o(i.list_deletions_handler)
    i.list_insertions_handler                0x00079334   Section        0  app_timer.o(i.list_insertions_handler)
    list_insertions_handler                  0x00079335   Thumb Code   174  app_timer.o(i.list_insertions_handler)
    i.main                                   0x000793ec   Section        0  main.o(i.main)
    i.nrf_bootloader_app_start               0x0007944c   Section        0  nrf_bootloader_app_start.o(i.nrf_bootloader_app_start)
    i.nrf_delay_us                           0x000795f4   Section        0  main.o(i.nrf_delay_us)
    nrf_delay_us                             0x000795f5   Thumb Code   132  main.o(i.nrf_delay_us)
    i.nrf_delay_us                           0x00079680   Section        0  nrf_bootloader_app_start.o(i.nrf_delay_us)
    nrf_delay_us                             0x00079681   Thumb Code   132  nrf_bootloader_app_start.o(i.nrf_delay_us)
    i.nrf_delay_us                           0x0007970c   Section        0  app_timer.o(i.nrf_delay_us)
    nrf_delay_us                             0x0007970d   Thumb Code   132  app_timer.o(i.nrf_delay_us)
    i.nrf_dfu_mbr_init_sd                    0x00079798   Section        0  nrf_dfu_mbr.o(i.nrf_dfu_mbr_init_sd)
    i.nrf_drv_common_irq_disable             0x000797b0   Section        0  nrf_drv_uart.o(i.nrf_drv_common_irq_disable)
    nrf_drv_common_irq_disable               0x000797b1   Thumb Code    22  nrf_drv_uart.o(i.nrf_drv_common_irq_disable)
    i.nrf_drv_common_irq_enable              0x000797c6   Section        0  nrf_drv_common.o(i.nrf_drv_common_irq_enable)
    i.nrf_drv_get_IRQn                       0x000797fe   Section        0  nrf_drv_uart.o(i.nrf_drv_get_IRQn)
    nrf_drv_get_IRQn                         0x000797ff   Thumb Code     6  nrf_drv_uart.o(i.nrf_drv_get_IRQn)
    i.nrf_drv_is_in_RAM                      0x00079804   Section        0  nrf_drv_uart.o(i.nrf_drv_is_in_RAM)
    nrf_drv_is_in_RAM                        0x00079805   Thumb Code    16  nrf_drv_uart.o(i.nrf_drv_is_in_RAM)
    i.nrf_drv_rng_stop                       0x00079814   Section        0  nrf_drv_rng.o(i.nrf_drv_rng_stop)
    nrf_drv_rng_stop                         0x00079815   Thumb Code    14  nrf_drv_rng.o(i.nrf_drv_rng_stop)
    i.nrf_drv_uart_init                      0x00079828   Section        0  nrf_drv_uart.o(i.nrf_drv_uart_init)
    i.nrf_drv_uart_tx                        0x00079890   Section        0  nrf_drv_uart.o(i.nrf_drv_uart_tx)
    i.nrf_drv_uart_tx_in_progress            0x0007999c   Section        0  nrf_drv_uart.o(i.nrf_drv_uart_tx_in_progress)
    i.nrf_drv_uart_uninit                    0x000799b4   Section        0  nrf_drv_uart.o(i.nrf_drv_uart_uninit)
    i.nrf_gpio_cfg                           0x00079a08   Section        0  boards.o(i.nrf_gpio_cfg)
    nrf_gpio_cfg                             0x00079a09   Thumb Code    36  boards.o(i.nrf_gpio_cfg)
    i.nrf_gpio_cfg                           0x00079a2c   Section        0  nrf_drv_uart.o(i.nrf_gpio_cfg)
    nrf_gpio_cfg                             0x00079a2d   Thumb Code    36  nrf_drv_uart.o(i.nrf_gpio_cfg)
    i.nrf_gpio_cfg_default                   0x00079a50   Section        0  nrf_drv_uart.o(i.nrf_gpio_cfg_default)
    nrf_gpio_cfg_default                     0x00079a51   Thumb Code    18  nrf_drv_uart.o(i.nrf_gpio_cfg_default)
    i.nrf_gpio_cfg_input                     0x00079a62   Section        0  nrf_drv_uart.o(i.nrf_gpio_cfg_input)
    nrf_gpio_cfg_input                       0x00079a63   Thumb Code    18  nrf_drv_uart.o(i.nrf_gpio_cfg_input)
    i.nrf_gpio_cfg_output                    0x00079a74   Section        0  nrf_drv_uart.o(i.nrf_gpio_cfg_output)
    nrf_gpio_cfg_output                      0x00079a75   Thumb Code    20  nrf_drv_uart.o(i.nrf_gpio_cfg_output)
    i.nrf_gpio_pin_write                     0x00079a88   Section        0  boards.o(i.nrf_gpio_pin_write)
    nrf_gpio_pin_write                       0x00079a89   Thumb Code    22  boards.o(i.nrf_gpio_pin_write)
    i.nrf_log_backend_hexdump_handler_get    0x00079aa0   Section        0  nrf_log_backend_serial.o(i.nrf_log_backend_hexdump_handler_get)
    i.nrf_log_backend_init                   0x00079aa8   Section        0  nrf_log_backend_serial.o(i.nrf_log_backend_init)
    i.nrf_log_backend_serial_hexdump_handler 0x00079b1c   Section        0  nrf_log_backend_serial.o(i.nrf_log_backend_serial_hexdump_handler)
    nrf_log_backend_serial_hexdump_handler   0x00079b1d   Thumb Code   302  nrf_log_backend_serial.o(i.nrf_log_backend_serial_hexdump_handler)
    i.nrf_log_backend_serial_std_handler     0x00079c4a   Section        0  nrf_log_backend_serial.o(i.nrf_log_backend_serial_std_handler)
    nrf_log_backend_serial_std_handler       0x00079c4b   Thumb Code   276  nrf_log_backend_serial.o(i.nrf_log_backend_serial_std_handler)
    i.nrf_log_backend_std_handler_get        0x00079d60   Section        0  nrf_log_backend_serial.o(i.nrf_log_backend_std_handler_get)
    i.nrf_log_frontend_dequeue               0x00079d68   Section        0  nrf_log_frontend.o(i.nrf_log_frontend_dequeue)
    i.nrf_log_frontend_init                  0x00079e98   Section        0  nrf_log_frontend.o(i.nrf_log_frontend_init)
    i.nrf_log_frontend_std_0                 0x00079eac   Section        0  nrf_log_frontend.o(i.nrf_log_frontend_std_0)
    i.nrf_log_frontend_std_1                 0x00079ef8   Section        0  nrf_log_frontend.o(i.nrf_log_frontend_std_1)
    i.nrf_log_handlers_set                   0x00079f50   Section        0  nrf_log_frontend.o(i.nrf_log_handlers_set)
    i.nrf_log_init                           0x00079f60   Section        0  nrf_log_frontend.o(i.nrf_log_init)
    i.nrf_queue_is_full                      0x00079f84   Section        0  nrf_queue.o(i.nrf_queue_is_full)
    i.nrf_queue_next_idx                     0x00079fa2   Section        0  nrf_queue.o(i.nrf_queue_next_idx)
    nrf_queue_next_idx                       0x00079fa3   Thumb Code    14  nrf_queue.o(i.nrf_queue_next_idx)
    i.nrf_queue_push                         0x00079fb0   Section        0  nrf_queue.o(i.nrf_queue_push)
    i.nrf_uart_event_check                   0x0007a062   Section        0  nrf_drv_uart.o(i.nrf_uart_event_check)
    nrf_uart_event_check                     0x0007a063   Thumb Code    10  nrf_drv_uart.o(i.nrf_uart_event_check)
    i.nrf_uart_event_clear                   0x0007a06c   Section        0  nrf_drv_uart.o(i.nrf_uart_event_clear)
    nrf_uart_event_clear                     0x0007a06d   Thumb Code    12  nrf_drv_uart.o(i.nrf_uart_event_clear)
    i.nrf_uart_int_enable_check              0x0007a078   Section        0  nrf_drv_uart.o(i.nrf_uart_int_enable_check)
    nrf_uart_int_enable_check                0x0007a079   Thumb Code    12  nrf_drv_uart.o(i.nrf_uart_int_enable_check)
    i.nrf_uarte_event_check                  0x0007a084   Section        0  nrf_drv_uart.o(i.nrf_uarte_event_check)
    nrf_uarte_event_check                    0x0007a085   Thumb Code    10  nrf_drv_uart.o(i.nrf_uarte_event_check)
    i.nrf_uarte_event_clear                  0x0007a08e   Section        0  nrf_drv_uart.o(i.nrf_uarte_event_clear)
    nrf_uarte_event_clear                    0x0007a08f   Thumb Code    12  nrf_drv_uart.o(i.nrf_uarte_event_clear)
    i.pins_to_default                        0x0007a09c   Section        0  nrf_drv_uart.o(i.pins_to_default)
    pins_to_default                          0x0007a09d   Thumb Code   114  nrf_drv_uart.o(i.pins_to_default)
    i.queue_utilization_get                  0x0007a114   Section        0  nrf_queue.o(i.queue_utilization_get)
    queue_utilization_get                    0x0007a115   Thumb Code    22  nrf_queue.o(i.queue_utilization_get)
    i.rtc1_stop                              0x0007a12c   Section        0  app_timer.o(i.rtc1_stop)
    rtc1_stop                                0x0007a12d   Thumb Code    52  app_timer.o(i.rtc1_stop)
    i.rx_byte                                0x0007a168   Section        0  nrf_drv_uart.o(i.rx_byte)
    rx_byte                                  0x0007a169   Thumb Code    50  nrf_drv_uart.o(i.rx_byte)
    i.rx_done_event                          0x0007a19a   Section        0  nrf_drv_uart.o(i.rx_done_event)
    rx_done_event                            0x0007a19b   Thumb Code    24  nrf_drv_uart.o(i.rx_done_event)
    i.serial_is_busy                         0x0007a1b4   Section        0  nrf_log_backend_serial.o(i.serial_is_busy)
    serial_is_busy                           0x0007a1b5   Thumb Code     6  nrf_log_backend_serial.o(i.serial_is_busy)
    i.serial_tx                              0x0007a1c0   Section        0  nrf_log_backend_serial.o(i.serial_tx)
    serial_tx                                0x0007a1c1   Thumb Code    34  nrf_log_backend_serial.o(i.serial_tx)
    i.softdevice_handler_is_enabled          0x0007a1ec   Section        0  softdevice_handler.o(i.softdevice_handler_is_enabled)
    i.timer_list_handler                     0x0007a1f8   Section        0  app_timer.o(i.timer_list_handler)
    timer_list_handler                       0x0007a1f9   Thumb Code   134  app_timer.o(i.timer_list_handler)
    i.timer_list_insert                      0x0007a284   Section        0  app_timer.o(i.timer_list_insert)
    timer_list_insert                        0x0007a285   Thumb Code    56  app_timer.o(i.timer_list_insert)
    i.timer_timeouts_check                   0x0007a2c0   Section        0  app_timer.o(i.timer_timeouts_check)
    timer_timeouts_check                     0x0007a2c1   Thumb Code   124  app_timer.o(i.timer_timeouts_check)
    i.timestamp_process                      0x0007a344   Section        0  nrf_log_backend_serial.o(i.timestamp_process)
    timestamp_process                        0x0007a345   Thumb Code    44  nrf_log_backend_serial.o(i.timestamp_process)
    i.tx_byte                                0x0007a378   Section        0  nrf_drv_uart.o(i.tx_byte)
    tx_byte                                  0x0007a379   Thumb Code    32  nrf_drv_uart.o(i.tx_byte)
    i.tx_done_event                          0x0007a398   Section        0  nrf_drv_uart.o(i.tx_done_event)
    tx_done_event                            0x0007a399   Thumb Code    28  nrf_drv_uart.o(i.tx_done_event)
    i.uart_event_handler                     0x0007a3b4   Section        0  nrf_log_backend_serial.o(i.uart_event_handler)
    uart_event_handler                       0x0007a3b5   Thumb Code    12  nrf_log_backend_serial.o(i.uart_event_handler)
    i.uart_irq_handler                       0x0007a3c4   Section        0  nrf_drv_uart.o(i.uart_irq_handler)
    uart_irq_handler                         0x0007a3c5   Thumb Code   286  nrf_drv_uart.o(i.uart_irq_handler)
    i.uarte_irq_handler                      0x0007a4e2   Section        0  nrf_drv_uart.o(i.uarte_irq_handler)
    uarte_irq_handler                        0x0007a4e3   Thumb Code   240  nrf_drv_uart.o(i.uarte_irq_handler)
    .constdata                               0x0007a5d2   Section        8  boards.o(.constdata)
    m_board_led_list                         0x0007a5d2   Data           4  boards.o(.constdata)
    m_board_btn_list                         0x0007a5d6   Data           4  boards.o(.constdata)
    .constdata                               0x0007a5dc   Section       64  nrf_dfu_mbr.o(.constdata)
    .constdata                               0x0007a61c   Section       24  nrf_drv_rng.o(.constdata)
    m_default_config                         0x0007a61c   Data           2  nrf_drv_rng.o(.constdata)
    m_rand_pool                              0x0007a620   Data          20  nrf_drv_rng.o(.constdata)
    .constdata                               0x0007a634   Section       32  nrf_log_backend_serial.o(.constdata)
    .constdata                               0x0007a654   Section       36  nrf_log_frontend.o(.constdata)
    .constdata                               0x0007a678   Section      129  ctype_o.o(.constdata)
    .constdata                               0x0007a6fc   Section        4  ctype_o.o(.constdata)
    table                                    0x0007a6fc   Data           4  ctype_o.o(.constdata)
    .conststring                             0x0007a700   Section       11  nrf_log_frontend.o(.conststring)
    .ARM.__AT_0x0007E000                     0x0007e000   Section     4096  nrf_dfu_settings.o(.ARM.__AT_0x0007E000)
    __tagsym$$used                           0x0007e000   Number         0  nrf_dfu_settings.o(.ARM.__AT_0x0007E000)
    .ARM.__AT_0x0007F000                     0x0007f000   Section     4096  nrf_dfu_settings.o(.ARM.__AT_0x0007F000)
    __tagsym$$used                           0x0007f000   Number         0  nrf_dfu_settings.o(.ARM.__AT_0x0007F000)
    .ARM.__AT_0x10001014                     0x10001014   Section        4  nrf_bootloader_info.o(.ARM.__AT_0x10001014)
    .ARM.__AT_0x10001018                     0x10001018   Section        4  nrf_dfu_settings.o(.ARM.__AT_0x10001018)
    .data                                    0x20002c00   Section        4  nrf_dfu_flash.o(.data)
    m_flags                                  0x20002c00   Data           4  nrf_dfu_flash.o(.data)
    .data                                    0x20002c04   Section       32  app_timer.o(.data)
    m_ticks_elapsed_q_read_ind               0x20002c04   Data           1  app_timer.o(.data)
    m_ticks_elapsed_q_write_ind              0x20002c05   Data           1  app_timer.o(.data)
    m_rtc1_running                           0x20002c06   Data           1  app_timer.o(.data)
    m_rtc1_reset                             0x20002c07   Data           1  app_timer.o(.data)
    mp_timer_id_head                         0x20002c08   Data           4  app_timer.o(.data)
    m_ticks_latest                           0x20002c0c   Data           4  app_timer.o(.data)
    m_evt_schedule_func                      0x20002c10   Data           4  app_timer.o(.data)
    m_op_queue                               0x20002c14   Data           8  app_timer.o(.data)
    m_ticks_elapsed                          0x20002c1c   Data           8  app_timer.o(.data)
    .data                                    0x20002c24   Section       20  softdevice_handler.o(.data)
    m_softdevice_enabled                     0x20002c24   Data           1  softdevice_handler.o(.data)
    m_suspended                              0x20002c25   Data           1  softdevice_handler.o(.data)
    m_ble_evt_buffer_size                    0x20002c26   Data           2  softdevice_handler.o(.data)
    m_evt_schedule_func                      0x20002c28   Data           4  softdevice_handler.o(.data)
    mp_ble_evt_buffer                        0x20002c2c   Data           4  softdevice_handler.o(.data)
    m_ble_evt_handler                        0x20002c30   Data           4  softdevice_handler.o(.data)
    m_sys_evt_handler                        0x20002c34   Data           4  softdevice_handler.o(.data)
    .data                                    0x20002c38   Section       12  nrf_log_backend_serial.o(.data)
    m_initialized                            0x20002c38   Data           1  nrf_log_backend_serial.o(.data)
    m_blocking_mode                          0x20002c39   Data           1  nrf_log_backend_serial.o(.data)
    m_rx_done                                0x20002c3a   Data           1  nrf_log_backend_serial.o(.data)
    m_uart                                   0x20002c3c   Data           8  nrf_log_backend_serial.o(.data)
    .data                                    0x20002c44   Section        4  nrf_log_frontend.o(.data)
    m_overflow_info                          0x20002c44   Data           4  nrf_log_frontend.o(.data)
    .data                                    0x20002c48   Section        4  system_nrf52.o(.data)
    __tagsym$$used                           0x20002c48   Number         0  system_nrf52.o(.data)
    fs_data                                  0x20002c4c   Section       16  nrf_dfu_flash.o(fs_data)
    __tagsym$$used                           0x20002c4c   Number         0  nrf_dfu_flash.o(fs_data)
    fs_dfu_config                            0x20002c4c   Data          16  nrf_dfu_flash.o(fs_data)
    .bss                                     0x20002c5c   Section       33  nrf_drv_rng.o(.bss)
    m_rand_pool_nrf_queue_buffer             0x20002c5c   Data          33  nrf_drv_rng.o(.bss)
    .bss                                     0x20002c80   Section       12  nrf_drv_rng.o(.bss)
    m_rand_pool_nrf_queue_cb                 0x20002c80   Data          12  nrf_drv_rng.o(.bss)
    .bss                                     0x20002c8c   Section       32  nrf_drv_uart.o(.bss)
    m_cb                                     0x20002c8c   Data          32  nrf_drv_uart.o(.bss)
    .bss                                     0x20002cac   Section       12  app_util_platform.o(.bss)
    .bss                                     0x20002cb8   Section      256  nrf_log_backend_serial.o(.bss)
    m_uart_buffer                            0x20002cb8   Data         256  nrf_log_backend_serial.o(.bss)
    .bss                                     0x20002db8   Section     1048  nrf_log_frontend.o(.bss)
    m_log_data                               0x20002db8   Data        1048  nrf_log_frontend.o(.bss)
    STACK                                    0x200031d0   Section     8192  arm_startup_nrf52.o(STACK)

    Global Symbols

    Symbol Name                              Value     Ov Type        Size  Object(Section)

    BuildAttributes$$THM_ISAv4$E$P$D$K$B$S$7EM$VFPi3$EXTD16$VFPS$VFMA$PE$A:L22UL41UL21$X:L11$S22US41US21$IEEE1$IW$USESV6$~STKCKD$USESV7$~SHL$OSPACE$ROPI$EBA8$MICROLIB$REQ8$PRES8$EABIv2 0x00000000   Number         0  anon$$obj.o ABSOLUTE
    __ARM_use_no_argv                        0x00000000   Number         0  main.o ABSOLUTE
    _printf_a                                0x00000000   Number         0  stubs.o ABSOLUTE
    _printf_c                                0x00000000   Number         0  stubs.o ABSOLUTE
    _printf_charcount                        0x00000000   Number         0  stubs.o ABSOLUTE
    _printf_d                                0x00000000   Number         0  stubs.o ABSOLUTE
    _printf_e                                0x00000000   Number         0  stubs.o ABSOLUTE
    _printf_f                                0x00000000   Number         0  stubs.o ABSOLUTE
    _printf_flags                            0x00000000   Number         0  stubs.o ABSOLUTE
    _printf_fp_dec                           0x00000000   Number         0  stubs.o ABSOLUTE
    _printf_fp_hex                           0x00000000   Number         0  stubs.o ABSOLUTE
    _printf_g                                0x00000000   Number         0  stubs.o ABSOLUTE
    _printf_i                                0x00000000   Number         0  stubs.o ABSOLUTE
    _printf_int_dec                          0x00000000   Number         0  stubs.o ABSOLUTE
    _printf_l                                0x00000000   Number         0  stubs.o ABSOLUTE
    _printf_lc                               0x00000000   Number         0  stubs.o ABSOLUTE
    _printf_ll                               0x00000000   Number         0  stubs.o ABSOLUTE
    _printf_lld                              0x00000000   Number         0  stubs.o ABSOLUTE
    _printf_lli                              0x00000000   Number         0  stubs.o ABSOLUTE
    _printf_llo                              0x00000000   Number         0  stubs.o ABSOLUTE
    _printf_llu                              0x00000000   Number         0  stubs.o ABSOLUTE
    _printf_llx                              0x00000000   Number         0  stubs.o ABSOLUTE
    _printf_longlong_dec                     0x00000000   Number         0  stubs.o ABSOLUTE
    _printf_longlong_hex                     0x00000000   Number         0  stubs.o ABSOLUTE
    _printf_longlong_oct                     0x00000000   Number         0  stubs.o ABSOLUTE
    _printf_ls                               0x00000000   Number         0  stubs.o ABSOLUTE
    _printf_mbtowc                           0x00000000   Number         0  stubs.o ABSOLUTE
    _printf_n                                0x00000000   Number         0  stubs.o ABSOLUTE
    _printf_o                                0x00000000   Number         0  stubs.o ABSOLUTE
    _printf_p                                0x00000000   Number         0  stubs.o ABSOLUTE
    _printf_percent                          0x00000000   Number         0  stubs.o ABSOLUTE
    _printf_pre_padding                      0x00000000   Number         0  stubs.o ABSOLUTE
    _printf_return_value                     0x00000000   Number         0  stubs.o ABSOLUTE
    _printf_s                                0x00000000   Number         0  stubs.o ABSOLUTE
    _printf_sizespec                         0x00000000   Number         0  stubs.o ABSOLUTE
    _printf_str                              0x00000000   Number         0  stubs.o ABSOLUTE
    _printf_truncate_signed                  0x00000000   Number         0  stubs.o ABSOLUTE
    _printf_truncate_unsigned                0x00000000   Number         0  stubs.o ABSOLUTE
    _printf_u                                0x00000000   Number         0  stubs.o ABSOLUTE
    _printf_wc                               0x00000000   Number         0  stubs.o ABSOLUTE
    _printf_wctomb                           0x00000000   Number         0  stubs.o ABSOLUTE
    _printf_widthprec                        0x00000000   Number         0  stubs.o ABSOLUTE
    _printf_x                                0x00000000   Number         0  stubs.o ABSOLUTE
    __cpp_initialize__aeabi_                  - Undefined Weak Reference
    __cxa_finalize                            - Undefined Weak Reference
    __decompress                              - Undefined Weak Reference
    _clock_init                               - Undefined Weak Reference
    _microlib_exit                            - Undefined Weak Reference
    dfu_trans$$Base                           - Undefined Reference
    dfu_trans$$Limit                          - Undefined Reference
    __Vectors_Size                           0x00000400   Number         0  arm_startup_nrf52.o ABSOLUTE
    Image$$ER_IROM1$$Base                    0x00078000   Number         0  anon$$obj.o ABSOLUTE
    __Vectors                                0x00078000   Data           4  arm_startup_nrf52.o(RESET)
    __Vectors_End                            0x00078400   Data           0  arm_startup_nrf52.o(RESET)
    __main                                   0x00078401   Thumb Code     0  entry.o(.ARM.Collect$$$$00000000)
    _main_stk                                0x00078401   Thumb Code     0  entry2.o(.ARM.Collect$$$$00000001)
    _main_scatterload                        0x00078405   Thumb Code     0  entry5.o(.ARM.Collect$$$$00000004)
    __main_after_scatterload                 0x00078409   Thumb Code     0  entry5.o(.ARM.Collect$$$$00000004)
    _main_clock                              0x00078409   Thumb Code     0  entry7b.o(.ARM.Collect$$$$00000008)
    _main_cpp_init                           0x00078409   Thumb Code     0  entry8b.o(.ARM.Collect$$$$0000000A)
    _main_init                               0x00078409   Thumb Code     0  entry9a.o(.ARM.Collect$$$$0000000B)
    __rt_final_cpp                           0x00078411   Thumb Code     0  entry10a.o(.ARM.Collect$$$$0000000D)
    __rt_final_exit                          0x00078411   Thumb Code     0  entry11a.o(.ARM.Collect$$$$0000000F)
    __asm___26_nrf_bootloader_app_start_c_5c9f33f9__nrf_bootloader_app_start_impl 0x00078415   Thumb Code    52  nrf_bootloader_app_start.o(.emb_text)
    Reset_Handler                            0x00078449   Thumb Code     8  arm_startup_nrf52.o(.text)
    NMI_Handler                              0x00078451   Thumb Code     2  arm_startup_nrf52.o(.text)
    HardFault_Handler                        0x00078453   Thumb Code     2  arm_startup_nrf52.o(.text)
    MemoryManagement_Handler                 0x00078455   Thumb Code     2  arm_startup_nrf52.o(.text)
    BusFault_Handler                         0x00078457   Thumb Code     2  arm_startup_nrf52.o(.text)
    UsageFault_Handler                       0x00078459   Thumb Code     2  arm_startup_nrf52.o(.text)
    SVC_Handler                              0x0007845b   Thumb Code     2  arm_startup_nrf52.o(.text)
    DebugMon_Handler                         0x0007845d   Thumb Code     2  arm_startup_nrf52.o(.text)
    PendSV_Handler                           0x0007845f   Thumb Code     2  arm_startup_nrf52.o(.text)
    SysTick_Handler                          0x00078461   Thumb Code     2  arm_startup_nrf52.o(.text)
    CCM_AAR_IRQHandler                       0x00078463   Thumb Code     0  arm_startup_nrf52.o(.text)
    COMP_LPCOMP_IRQHandler                   0x00078463   Thumb Code     0  arm_startup_nrf52.o(.text)
    ECB_IRQHandler                           0x00078463   Thumb Code     0  arm_startup_nrf52.o(.text)
    FPU_IRQHandler                           0x00078463   Thumb Code     0  arm_startup_nrf52.o(.text)
    GPIOTE_IRQHandler                        0x00078463   Thumb Code     0  arm_startup_nrf52.o(.text)
    I2S_IRQHandler                           0x00078463   Thumb Code     0  arm_startup_nrf52.o(.text)
    MWU_IRQHandler                           0x00078463   Thumb Code     0  arm_startup_nrf52.o(.text)
    NFCT_IRQHandler                          0x00078463   Thumb Code     0  arm_startup_nrf52.o(.text)
    PDM_IRQHandler                           0x00078463   Thumb Code     0  arm_startup_nrf52.o(.text)
    POWER_CLOCK_IRQHandler                   0x00078463   Thumb Code     0  arm_startup_nrf52.o(.text)
    PWM0_IRQHandler                          0x00078463   Thumb Code     0  arm_startup_nrf52.o(.text)
    PWM1_IRQHandler                          0x00078463   Thumb Code     0  arm_startup_nrf52.o(.text)
    PWM2_IRQHandler                          0x00078463   Thumb Code     0  arm_startup_nrf52.o(.text)
    QDEC_IRQHandler                          0x00078463   Thumb Code     0  arm_startup_nrf52.o(.text)
    RADIO_IRQHandler                         0x00078463   Thumb Code     0  arm_startup_nrf52.o(.text)
    RTC0_IRQHandler                          0x00078463   Thumb Code     0  arm_startup_nrf52.o(.text)
    RTC2_IRQHandler                          0x00078463   Thumb Code     0  arm_startup_nrf52.o(.text)
    SAADC_IRQHandler                         0x00078463   Thumb Code     0  arm_startup_nrf52.o(.text)
    SPIM0_SPIS0_TWIM0_TWIS0_SPI0_TWI0_IRQHandler 0x00078463   Thumb Code     0  arm_startup_nrf52.o(.text)
    SPIM1_SPIS1_TWIM1_TWIS1_SPI1_TWI1_IRQHandler 0x00078463   Thumb Code     0  arm_startup_nrf52.o(.text)
    SPIM2_SPIS2_SPI2_IRQHandler              0x00078463   Thumb Code     0  arm_startup_nrf52.o(.text)
    SWI1_EGU1_IRQHandler                     0x00078463   Thumb Code     0  arm_startup_nrf52.o(.text)
    SWI3_EGU3_IRQHandler                     0x00078463   Thumb Code     0  arm_startup_nrf52.o(.text)
    SWI4_EGU4_IRQHandler                     0x00078463   Thumb Code     0  arm_startup_nrf52.o(.text)
    SWI5_EGU5_IRQHandler                     0x00078463   Thumb Code     0  arm_startup_nrf52.o(.text)
    TEMP_IRQHandler                          0x00078463   Thumb Code     0  arm_startup_nrf52.o(.text)
    TIMER0_IRQHandler                        0x00078463   Thumb Code     0  arm_startup_nrf52.o(.text)
    TIMER1_IRQHandler                        0x00078463   Thumb Code     0  arm_startup_nrf52.o(.text)
    TIMER2_IRQHandler                        0x00078463   Thumb Code     0  arm_startup_nrf52.o(.text)
    TIMER3_IRQHandler                        0x00078463   Thumb Code     0  arm_startup_nrf52.o(.text)
    TIMER4_IRQHandler                        0x00078463   Thumb Code     0  arm_startup_nrf52.o(.text)
    WDT_IRQHandler                           0x00078463   Thumb Code     0  arm_startup_nrf52.o(.text)
    __aeabi_llsl                             0x0007846d   Thumb Code    30  llshl.o(.text)
    _ll_shift_l                              0x0007846d   Thumb Code     0  llshl.o(.text)
    __rt_ctype_table                         0x0007848d   Thumb Code     4  ctype_o.o(.text)
    __aeabi_memcpy                           0x00078495   Thumb Code    36  memcpya.o(.text)
    __aeabi_memcpy4                          0x00078495   Thumb Code     0  memcpya.o(.text)
    __aeabi_memcpy8                          0x00078495   Thumb Code     0  memcpya.o(.text)
    strlen                                   0x000784b9   Thumb Code    14  strlen.o(.text)
    __aeabi_uldivmod                         0x000784c7   Thumb Code    98  uldiv.o(.text)
    __scatterload                            0x00078529   Thumb Code    28  init.o(.text)
    __scatterload_rt2                        0x00078529   Thumb Code     0  init.o(.text)
    __aeabi_llsr                             0x0007854d   Thumb Code    32  llushr.o(.text)
    _ll_ushift_r                             0x0007854d   Thumb Code     0  llushr.o(.text)
    RNG_IRQHandler                           0x000785d5   Thumb Code    82  nrf_drv_rng.o(i.RNG_IRQHandler)
    RTC1_IRQHandler                          0x00078639   Thumb Code    32  app_timer.o(i.RTC1_IRQHandler)
    SWI0_EGU0_IRQHandler                     0x0007865d   Thumb Code     4  app_timer.o(i.SWI0_EGU0_IRQHandler)
    SWI2_EGU2_IRQHandler                     0x00078661   Thumb Code    32  softdevice_handler.o(i.SWI2_EGU2_IRQHandler)
    SystemInit                               0x00078685   Thumb Code   610  system_nrf52.o(i.SystemInit)
    UARTE0_UART0_IRQHandler                  0x00078921   Thumb Code    20  nrf_drv_uart.o(i.UARTE0_UART0_IRQHandler)
    __0snprintf$8                            0x0007893d   Thumb Code    36  printf8.o(i.__0snprintf$8)
    __1snprintf$8                            0x0007893d   Thumb Code     0  printf8.o(i.__0snprintf$8)
    __2snprintf                              0x0007893d   Thumb Code     0  printf8.o(i.__0snprintf$8)
    __scatterload_copy                       0x00078965   Thumb Code    14  handlers.o(i.__scatterload_copy)
    __scatterload_null                       0x00078973   Thumb Code     2  handlers.o(i.__scatterload_null)
    __scatterload_zeroinit                   0x00078975   Thumb Code    14  handlers.o(i.__scatterload_zeroinit)
    app_error_handler_bare                   0x00078dfd   Thumb Code    14  main.o(i.app_error_handler_bare)
    app_util_critical_region_enter           0x00078e31   Thumb Code    64  app_util_platform.o(i.app_util_critical_region_enter)
    app_util_critical_region_exit            0x00078e79   Thumb Code    46  app_util_platform.o(i.app_util_critical_region_exit)
    bsp_board_led_off                        0x00078f65   Thumb Code    10  boards.o(i.bsp_board_led_off)
    bsp_board_led_on                         0x00078f75   Thumb Code    10  boards.o(i.bsp_board_led_on)
    bsp_board_leds_init                      0x00078f85   Thumb Code    38  boards.o(i.bsp_board_leds_init)
    bsp_board_leds_off                       0x00078fb1   Thumb Code    18  boards.o(i.bsp_board_leds_off)
    buffer_is_empty                          0x0007903d   Thumb Code    16  nrf_log_frontend.o(i.buffer_is_empty)
    intern_softdevice_events_execute         0x00079199   Thumb Code   118  softdevice_handler.o(i.intern_softdevice_events_execute)
    main                                     0x000793ed   Thumb Code    62  main.o(i.main)
    nrf_bootloader_app_start                 0x0007944d   Thumb Code   138  nrf_bootloader_app_start.o(i.nrf_bootloader_app_start)
    nrf_dfu_mbr_init_sd                      0x00079799   Thumb Code    18  nrf_dfu_mbr.o(i.nrf_dfu_mbr_init_sd)
    nrf_drv_common_irq_enable                0x000797c7   Thumb Code    56  nrf_drv_common.o(i.nrf_drv_common_irq_enable)
    nrf_drv_uart_init                        0x00079829   Thumb Code    98  nrf_drv_uart.o(i.nrf_drv_uart_init)
    nrf_drv_uart_tx                          0x00079891   Thumb Code   262  nrf_drv_uart.o(i.nrf_drv_uart_tx)
    nrf_drv_uart_tx_in_progress              0x0007999d   Thumb Code    18  nrf_drv_uart.o(i.nrf_drv_uart_tx_in_progress)
    nrf_drv_uart_uninit                      0x000799b5   Thumb Code    74  nrf_drv_uart.o(i.nrf_drv_uart_uninit)
    nrf_log_backend_hexdump_handler_get      0x00079aa1   Thumb Code     4  nrf_log_backend_serial.o(i.nrf_log_backend_hexdump_handler_get)
    nrf_log_backend_init                     0x00079aa9   Thumb Code    98  nrf_log_backend_serial.o(i.nrf_log_backend_init)
    nrf_log_backend_std_handler_get          0x00079d61   Thumb Code     4  nrf_log_backend_serial.o(i.nrf_log_backend_std_handler_get)
    nrf_log_frontend_dequeue                 0x00079d69   Thumb Code   298  nrf_log_frontend.o(i.nrf_log_frontend_dequeue)
    nrf_log_frontend_init                    0x00079e99   Thumb Code    16  nrf_log_frontend.o(i.nrf_log_frontend_init)
    nrf_log_frontend_std_0                   0x00079ead   Thumb Code    68  nrf_log_frontend.o(i.nrf_log_frontend_std_0)
    nrf_log_frontend_std_1                   0x00079ef9   Thumb Code    80  nrf_log_frontend.o(i.nrf_log_frontend_std_1)
    nrf_log_handlers_set                     0x00079f51   Thumb Code    10  nrf_log_frontend.o(i.nrf_log_handlers_set)
    nrf_log_init                             0x00079f61   Thumb Code    36  nrf_log_frontend.o(i.nrf_log_init)
    nrf_queue_is_full                        0x00079f85   Thumb Code    30  nrf_queue.o(i.nrf_queue_is_full)
    nrf_queue_push                           0x00079fb1   Thumb Code   178  nrf_queue.o(i.nrf_queue_push)
    softdevice_handler_is_enabled            0x0007a1ed   Thumb Code     6  softdevice_handler.o(i.softdevice_handler_is_enabled)
    __ctype_table                            0x0007a678   Data         129  ctype_o.o(.constdata)
    Region$$Table$$Base                      0x0007a70c   Number         0  anon$$obj.o(Region$$Table)
    Region$$Table$$Limit                     0x0007a72c   Number         0  anon$$obj.o(Region$$Table)
    m_mbr_params_page                        0x0007e000   Data        4096  nrf_dfu_settings.o(.ARM.__AT_0x0007E000)
    m_dfu_settings_buffer                    0x0007f000   Data        4096  nrf_dfu_settings.o(.ARM.__AT_0x0007F000)
    m_uicr_bootloader_start_address          0x10001014   Data           4  nrf_bootloader_info.o(.ARM.__AT_0x10001014)
    m_uicr_mbr_params_page_address           0x10001018   Data           4  nrf_dfu_settings.o(.ARM.__AT_0x10001018)
    Image$$RW_IRAM1$$Base                    0x20002c00   Number         0  anon$$obj.o ABSOLUTE
    SystemCoreClock                          0x20002c48   Data           4  system_nrf52.o(.data)
    fs_data$$Base                            0x20002c4c   Number         0  nrf_dfu_flash.o(fs_data)
    fs_data$$Limit                           0x20002c5c   Number         0  nrf_dfu_flash.o(fs_data)
    nrf_nvic_state                           0x20002cac   Data          12  app_util_platform.o(.bss)
    __initial_sp                             0x200051d0   Data           0  arm_startup_nrf52.o(STACK)



==============================================================================

Memory Map of the image

  Image Entry point : 0x00078401

  Load Region LR_IROM1 (Base: 0x00078000, Size: 0x00002788, Max: 0x00008000, ABSOLUTE)

    Execution Region ER_IROM1 (Base: 0x00078000, Size: 0x0000272c, Max: 0x00008000, ABSOLUTE)

    Base Addr    Size         Type   Attr      Idx    E Section Name        Object

    0x00078000   0x00000400   Data   RO         2778    RESET               arm_startup_nrf52.o
    0x00078400   0x00000000   Code   RO         2819  * .ARM.Collect$$$$00000000  mc_w.l(entry.o)
    0x00078400   0x00000004   Code   RO         3121    .ARM.Collect$$$$00000001  mc_w.l(entry2.o)
    0x00078404   0x00000004   Code   RO         3124    .ARM.Collect$$$$00000004  mc_w.l(entry5.o)
    0x00078408   0x00000000   Code   RO         3126    .ARM.Collect$$$$00000008  mc_w.l(entry7b.o)
    0x00078408   0x00000000   Code   RO         3128    .ARM.Collect$$$$0000000A  mc_w.l(entry8b.o)
    0x00078408   0x00000008   Code   RO         3129    .ARM.Collect$$$$0000000B  mc_w.l(entry9a.o)
    0x00078410   0x00000000   Code   RO         3131    .ARM.Collect$$$$0000000D  mc_w.l(entry10a.o)
    0x00078410   0x00000000   Code   RO         3133    .ARM.Collect$$$$0000000F  mc_w.l(entry11a.o)
    0x00078410   0x00000004   Code   RO         3122    .ARM.Collect$$$$00002712  mc_w.l(entry2.o)
    0x00078414   0x00000034   Code   RO          616    .emb_text           nrf_bootloader_app_start.o
    0x00078448   0x00000024   Code   RO         2779    .text               arm_startup_nrf52.o
    0x0007846c   0x0000001e   Code   RO         2822    .text               mc_w.l(llshl.o)
    0x0007848a   0x00000002   PAD
    0x0007848c   0x00000008   Code   RO         2824    .text               mc_w.l(ctype_o.o)
    0x00078494   0x00000024   Code   RO         2852    .text               mc_w.l(memcpya.o)
    0x000784b8   0x0000000e   Code   RO         2856    .text               mc_w.l(strlen.o)
    0x000784c6   0x00000062   Code   RO         3140    .text               mc_w.l(uldiv.o)
    0x00078528   0x00000024   Code   RO         3153    .text               mc_w.l(init.o)
    0x0007854c   0x00000020   Code   RO         3156    .text               mc_w.l(llushr.o)
    0x0007856c   0x00000016   Code   RO         1568    i.NVIC_ClearPendingIRQ  app_timer.o
    0x00078582   0x00000016   Code   RO         1569    i.NVIC_EnableIRQ    app_timer.o
    0x00078598   0x00000016   Code   RO         1570    i.NVIC_SetPendingIRQ  app_timer.o
    0x000785ae   0x00000002   PAD
    0x000785b0   0x00000024   Code   RO            4    i.NVIC_SystemReset  main.o
    0x000785d4   0x00000064   Code   RO         1110    i.RNG_IRQHandler    nrf_drv_rng.o
    0x00078638   0x00000024   Code   RO         1572    i.RTC1_IRQHandler   app_timer.o
    0x0007865c   0x00000004   Code   RO         1573    i.SWI0_EGU0_IRQHandler  app_timer.o
    0x00078660   0x00000024   Code   RO         2154    i.SWI2_EGU2_IRQHandler  softdevice_handler.o
    0x00078684   0x0000029c   Code   RO         2787    i.SystemInit        system_nrf52.o
    0x00078920   0x0000001c   Code   RO         1265    i.UARTE0_UART0_IRQHandler  nrf_drv_uart.o
    0x0007893c   0x00000028   Code   RO         3068    i.__0snprintf$8     mc_w.l(printf8.o)
    0x00078964   0x0000000e   Code   RO         3165    i.__scatterload_copy  mc_w.l(handlers.o)
    0x00078972   0x00000002   Code   RO         3166    i.__scatterload_null  mc_w.l(handlers.o)
    0x00078974   0x0000000e   Code   RO         3167    i.__scatterload_zeroinit  mc_w.l(handlers.o)
    0x00078982   0x00000002   PAD
    0x00078984   0x00000410   Code   RO         3074    i._printf_core      mc_w.l(printf8.o)
    0x00078d94   0x00000024   Code   RO         3075    i._printf_post_padding  mc_w.l(printf8.o)
    0x00078db8   0x0000002e   Code   RO         3076    i._printf_pre_padding  mc_w.l(printf8.o)
    0x00078de6   0x00000016   Code   RO         3077    i._snputc           mc_w.l(printf8.o)
    0x00078dfc   0x00000034   Code   RO            6    i.app_error_handler_bare  main.o
    0x00078e30   0x00000048   Code   RO         1753    i.app_util_critical_region_enter  app_util_platform.o
    0x00078e78   0x00000034   Code   RO         1754    i.app_util_critical_region_exit  app_util_platform.o
    0x00078eac   0x000000b8   Code   RO         1266    i.apply_config      nrf_drv_uart.o
    0x00078f64   0x00000010   Code   RO          215    i.bsp_board_led_off  boards.o
    0x00078f74   0x00000010   Code   RO          216    i.bsp_board_led_on  boards.o
    0x00078f84   0x0000002c   Code   RO          218    i.bsp_board_leds_init  boards.o
    0x00078fb0   0x00000012   Code   RO          219    i.bsp_board_leds_off  boards.o
    0x00078fc2   0x00000012   Code   RO         2548    i.buf_len_update    nrf_log_backend_serial.o
    0x00078fd4   0x00000068   Code   RO         2652    i.buf_prealloc      nrf_log_frontend.o
    0x0007903c   0x00000014   Code   RO         2653    i.buffer_is_empty   nrf_log_frontend.o
    0x00079050   0x000000ac   Code   RO         1581    i.compare_reg_update  app_timer.o
    0x000790fc   0x00000040   Code   RO         1582    i.elapsed_ticks_acquire  app_timer.o
    0x0007913c   0x0000005c   Code   RO          762    i.fs_evt_handler    nrf_dfu_flash.o
    0x00079198   0x0000007c   Code   RO         2156    i.intern_softdevice_events_execute  softdevice_handler.o
    0x00079214   0x00000078   Code   RO         1267    i.interrupts_enable  nrf_drv_uart.o
    0x0007928c   0x000000a8   Code   RO         1583    i.list_deletions_handler  app_timer.o
    0x00079334   0x000000b8   Code   RO         1584    i.list_insertions_handler  app_timer.o
    0x000793ec   0x00000060   Code   RO            7    i.main              main.o
    0x0007944c   0x000001a8   Code   RO          617    i.nrf_bootloader_app_start  nrf_bootloader_app_start.o
    0x000795f4   0x0000008c   Code   RO            8    i.nrf_delay_us      main.o
    0x00079680   0x0000008c   Code   RO          618    i.nrf_delay_us      nrf_bootloader_app_start.o
    0x0007970c   0x0000008c   Code   RO         1585    i.nrf_delay_us      app_timer.o
    0x00079798   0x00000018   Code   RO          846    i.nrf_dfu_mbr_init_sd  nrf_dfu_mbr.o
    0x000797b0   0x00000016   Code   RO         1268    i.nrf_drv_common_irq_disable  nrf_drv_uart.o
    0x000797c6   0x00000038   Code   RO         1079    i.nrf_drv_common_irq_enable  nrf_drv_common.o
    0x000797fe   0x00000006   Code   RO         1269    i.nrf_drv_get_IRQn  nrf_drv_uart.o
    0x00079804   0x00000010   Code   RO         1270    i.nrf_drv_is_in_RAM  nrf_drv_uart.o
    0x00079814   0x00000014   Code   RO         1118    i.nrf_drv_rng_stop  nrf_drv_rng.o
    0x00079828   0x00000068   Code   RO         1272    i.nrf_drv_uart_init  nrf_drv_uart.o
    0x00079890   0x0000010c   Code   RO         1279    i.nrf_drv_uart_tx   nrf_drv_uart.o
    0x0007999c   0x00000018   Code   RO         1281    i.nrf_drv_uart_tx_in_progress  nrf_drv_uart.o
    0x000799b4   0x00000054   Code   RO         1282    i.nrf_drv_uart_uninit  nrf_drv_uart.o
    0x00079a08   0x00000024   Code   RO          223    i.nrf_gpio_cfg      boards.o
    0x00079a2c   0x00000024   Code   RO         1283    i.nrf_gpio_cfg      nrf_drv_uart.o
    0x00079a50   0x00000012   Code   RO         1284    i.nrf_gpio_cfg_default  nrf_drv_uart.o
    0x00079a62   0x00000012   Code   RO         1285    i.nrf_gpio_cfg_input  nrf_drv_uart.o
    0x00079a74   0x00000014   Code   RO         1286    i.nrf_gpio_cfg_output  nrf_drv_uart.o
    0x00079a88   0x00000016   Code   RO          224    i.nrf_gpio_pin_write  boards.o
    0x00079a9e   0x00000002   PAD
    0x00079aa0   0x00000008   Code   RO         2550    i.nrf_log_backend_hexdump_handler_get  nrf_log_backend_serial.o
    0x00079aa8   0x00000074   Code   RO         2551    i.nrf_log_backend_init  nrf_log_backend_serial.o
    0x00079b1c   0x0000012e   Code   RO         2552    i.nrf_log_backend_serial_hexdump_handler  nrf_log_backend_serial.o
    0x00079c4a   0x00000114   Code   RO         2553    i.nrf_log_backend_serial_std_handler  nrf_log_backend_serial.o
    0x00079d5e   0x00000002   PAD
    0x00079d60   0x00000008   Code   RO         2554    i.nrf_log_backend_std_handler_get  nrf_log_backend_serial.o
    0x00079d68   0x00000130   Code   RO         2656    i.nrf_log_frontend_dequeue  nrf_log_frontend.o
    0x00079e98   0x00000014   Code   RO         2658    i.nrf_log_frontend_init  nrf_log_frontend.o
    0x00079eac   0x0000004c   Code   RO         2659    i.nrf_log_frontend_std_0  nrf_log_frontend.o
    0x00079ef8   0x00000058   Code   RO         2660    i.nrf_log_frontend_std_1  nrf_log_frontend.o
    0x00079f50   0x00000010   Code   RO         2667    i.nrf_log_handlers_set  nrf_log_frontend.o
    0x00079f60   0x00000024   Code   RO         2668    i.nrf_log_init      nrf_log_frontend.o
    0x00079f84   0x0000001e   Code   RO         2039    i.nrf_queue_is_full  nrf_queue.o
    0x00079fa2   0x0000000e   Code   RO         2040    i.nrf_queue_next_idx  nrf_queue.o
    0x00079fb0   0x000000b2   Code   RO         2042    i.nrf_queue_push    nrf_queue.o
    0x0007a062   0x0000000a   Code   RO         1287    i.nrf_uart_event_check  nrf_drv_uart.o
    0x0007a06c   0x0000000c   Code   RO         1288    i.nrf_uart_event_clear  nrf_drv_uart.o
    0x0007a078   0x0000000c   Code   RO         1289    i.nrf_uart_int_enable_check  nrf_drv_uart.o
    0x0007a084   0x0000000a   Code   RO         1290    i.nrf_uarte_event_check  nrf_drv_uart.o
    0x0007a08e   0x0000000c   Code   RO         1291    i.nrf_uarte_event_clear  nrf_drv_uart.o
    0x0007a09a   0x00000002   PAD
    0x0007a09c   0x00000078   Code   RO         1292    i.pins_to_default   nrf_drv_uart.o
    0x0007a114   0x00000016   Code   RO         2048    i.queue_utilization_get  nrf_queue.o
    0x0007a12a   0x00000002   PAD
    0x0007a12c   0x0000003c   Code   RO         1586    i.rtc1_stop         app_timer.o
    0x0007a168   0x00000032   Code   RO         1293    i.rx_byte           nrf_drv_uart.o
    0x0007a19a   0x00000018   Code   RO         1294    i.rx_done_event     nrf_drv_uart.o
    0x0007a1b2   0x00000002   PAD
    0x0007a1b4   0x0000000c   Code   RO         2555    i.serial_is_busy    nrf_log_backend_serial.o
    0x0007a1c0   0x0000002c   Code   RO         2556    i.serial_tx         nrf_log_backend_serial.o
    0x0007a1ec   0x0000000c   Code   RO         2165    i.softdevice_handler_is_enabled  softdevice_handler.o
    0x0007a1f8   0x0000008c   Code   RO         1587    i.timer_list_handler  app_timer.o
    0x0007a284   0x0000003c   Code   RO         1588    i.timer_list_insert  app_timer.o
    0x0007a2c0   0x00000084   Code   RO         1590    i.timer_timeouts_check  app_timer.o
    0x0007a344   0x00000034   Code   RO         2557    i.timestamp_process  nrf_log_backend_serial.o
    0x0007a378   0x00000020   Code   RO         1296    i.tx_byte           nrf_drv_uart.o
    0x0007a398   0x0000001c   Code   RO         1297    i.tx_done_event     nrf_drv_uart.o
    0x0007a3b4   0x00000010   Code   RO         2558    i.uart_event_handler  nrf_log_backend_serial.o
    0x0007a3c4   0x0000011e   Code   RO         1298    i.uart_irq_handler  nrf_drv_uart.o
    0x0007a4e2   0x000000f0   Code   RO         1299    i.uarte_irq_handler  nrf_drv_uart.o
    0x0007a5d2   0x00000008   Data   RO          225    .constdata          boards.o
    0x0007a5da   0x00000002   PAD
    0x0007a5dc   0x00000040   Data   RO          848    .constdata          nrf_dfu_mbr.o
    0x0007a61c   0x00000018   Data   RO         1122    .constdata          nrf_drv_rng.o
    0x0007a634   0x00000020   Data   RO         2561    .constdata          nrf_log_backend_serial.o
    0x0007a654   0x00000024   Data   RO         2671    .constdata          nrf_log_frontend.o
    0x0007a678   0x00000081   Data   RO         2825    .constdata          mc_w.l(ctype_o.o)
    0x0007a6f9   0x00000003   PAD
    0x0007a6fc   0x00000004   Data   RO         2826    .constdata          mc_w.l(ctype_o.o)
    0x0007a700   0x0000000b   Data   RO         2672    .conststring        nrf_log_frontend.o
    0x0007a70b   0x00000001   PAD
    0x0007a70c   0x00000020   Data   RO         3163    Region$$Table       anon$$obj.o


    Execution Region RW_IRAM1 (Base: 0x20002c00, Size: 0x000025d0, Max: 0x0000d380, ABSOLUTE)

    Base Addr    Size         Type   Attr      Idx    E Section Name        Object

    0x20002c00   0x00000004   Data   RW          769    .data               nrf_dfu_flash.o
    0x20002c04   0x00000020   Data   RW         1592    .data               app_timer.o
    0x20002c24   0x00000014   Data   RW         2172    .data               softdevice_handler.o
    0x20002c38   0x0000000c   Data   RW         2562    .data               nrf_log_backend_serial.o
    0x20002c44   0x00000004   Data   RW         2673    .data               nrf_log_frontend.o
    0x20002c48   0x00000004   Data   RW         2788    .data               system_nrf52.o
    0x20002c4c   0x00000010   Data   RW          770    fs_data             nrf_dfu_flash.o
    0x20002c5c   0x00000021   Zero   RW         1120    .bss                nrf_drv_rng.o
    0x20002c7d   0x00000003   PAD
    0x20002c80   0x0000000c   Zero   RW         1121    .bss                nrf_drv_rng.o
    0x20002c8c   0x00000020   Zero   RW         1300    .bss                nrf_drv_uart.o
    0x20002cac   0x0000000c   Zero   RW         1757    .bss                app_util_platform.o
    0x20002cb8   0x00000100   Zero   RW         2559    .bss                nrf_log_backend_serial.o
    0x20002db8   0x00000418   Zero   RW         2670    .bss                nrf_log_frontend.o
    0x200031d0   0x00002000   Zero   RW         2776    STACK               arm_startup_nrf52.o



  Load Region LR$$.ARM.__AT_0x0007E000 (Base: 0x0007e000, Size: 0x00000000, Max: 0x00001000, ABSOLUTE)

    Execution Region ER$$.ARM.__AT_0x0007E000 (Base: 0x0007e000, Size: 0x00001000, Max: 0x00001000, ABSOLUTE, UNINIT)

    Base Addr    Size         Type   Attr      Idx    E Section Name        Object

    0x0007e000   0x00001000   Zero   RW          902    .ARM.__AT_0x0007E000  nrf_dfu_settings.o



  Load Region LR$$.ARM.__AT_0x0007F000 (Base: 0x0007f000, Size: 0x00000000, Max: 0x00001000, ABSOLUTE)

    Execution Region ER$$.ARM.__AT_0x0007F000 (Base: 0x0007f000, Size: 0x00001000, Max: 0x00001000, ABSOLUTE, UNINIT)

    Base Addr    Size         Type   Attr      Idx    E Section Name        Object

    0x0007f000   0x00001000   Zero   RW          903    .ARM.__AT_0x0007F000  nrf_dfu_settings.o



  Load Region LR$$.ARM.__AT_0x10001014 (Base: 0x10001014, Size: 0x00000004, Max: 0x00000004, ABSOLUTE)

    Execution Region ER$$.ARM.__AT_0x10001014 (Base: 0x10001014, Size: 0x00000004, Max: 0x00000004, ABSOLUTE, UNINIT)

    Base Addr    Size         Type   Attr      Idx    E Section Name        Object

    0x10001014   0x00000004   Data   RW          658    .ARM.__AT_0x10001014  nrf_bootloader_info.o



  Load Region LR$$.ARM.__AT_0x10001018 (Base: 0x10001018, Size: 0x00000004, Max: 0x00000004, ABSOLUTE)

    Execution Region ER$$.ARM.__AT_0x10001018 (Base: 0x10001018, Size: 0x00000004, Max: 0x00000004, ABSOLUTE, UNINIT)

    Base Addr    Size         Type   Attr      Idx    E Section Name        Object

    0x10001018   0x00000004   Data   RW          904    .ARM.__AT_0x10001018  nrf_dfu_settings.o


==============================================================================

Image component sizes


      Code (inc. data)   RO Data    RW Data    ZI Data      Debug   Object Name

      1226         76          0         32          0      41640   app_timer.o
       124         14          0          0         12       9374   app_util_platform.o
        36          8       1024          0       8192        908   arm_startup_nrf52.o
         0          0          0          0          0      34640   ble_advdata.o
         0          0          0          0          0       1720   ble_conn_params.o
       152         18          8          0          0       8406   boards.o
       324         90          0          0          0      73930   main.o
       616        296          0          0          0       2271   nrf_bootloader_app_start.o
         0          0          0          4          0        354   nrf_bootloader_info.o
         0          0          0          0          0       1276   nrf_dfu.o
        92         34          0         20          0       6656   nrf_dfu_flash.o
        24          6         64          0          0       2078   nrf_dfu_mbr.o
         0          0          0          4       8192       2153   nrf_dfu_settings.o
        56          0          0          0          0      27535   nrf_drv_common.o
       120         24         24          0         45      38588   nrf_drv_rng.o
      1784         60          0          0         32      39776   nrf_drv_uart.o
       852         62         32         12        256      16727   nrf_log_backend_serial.o
       664         48         47          4       1048      10485   nrf_log_frontend.o
       244          0          0          0          0       8367   nrf_queue.o
       172         16          0         20          0       4842   softdevice_handler.o
       668         58          0          4          0       2687   system_nrf52.o

    ----------------------------------------------------------------------
      7166        810       1234        100      17780     334413   Object Totals
         0          0         32          0          0          0   (incl. Generated)
        12          0          3          0          3          0   (incl. Padding)

    ----------------------------------------------------------------------

      Code (inc. data)   RO Data    RW Data    ZI Data      Debug   Library Member Name

         8          4        133          0          0         68   ctype_o.o
         0          0          0          0          0          0   entry.o
         0          0          0          0          0          0   entry10a.o
         0          0          0          0          0          0   entry11a.o
         8          4          0          0          0          0   entry2.o
         4          0          0          0          0          0   entry5.o
         0          0          0          0          0          0   entry7b.o
         0          0          0          0          0          0   entry8b.o
         8          4          0          0          0          0   entry9a.o
        30          0          0          0          0          0   handlers.o
        36          8          0          0          0         68   init.o
        30          0          0          0          0         68   llshl.o
        32          0          0          0          0         68   llushr.o
        36          0          0          0          0         68   memcpya.o
      1184         48          0          0          0        420   printf8.o
        14          0          0          0          0         68   strlen.o
        98          0          0          0          0         92   uldiv.o

    ----------------------------------------------------------------------
      1492         68        136          0          0        920   Library Totals
         4          0          3          0          0          0   (incl. Padding)

    ----------------------------------------------------------------------

      Code (inc. data)   RO Data    RW Data    ZI Data      Debug   Library Name

      1488         68        133          0          0        920   mc_w.l

    ----------------------------------------------------------------------
      1492         68        136          0          0        920   Library Totals

    ----------------------------------------------------------------------

==============================================================================


      Code (inc. data)   RO Data    RW Data    ZI Data      Debug   

      8658        878       1370        100      17780     327173   Grand Totals
      8658        878       1370        100      17780     327173   ELF Image Totals
      8658        878       1370        100          0          0   ROM Totals

==============================================================================

    Total RO  Size (Code + RO Data)                10028 (   9.79kB)
    Total RW  Size (RW Data + ZI Data)             17880 (  17.46kB)
    Total ROM Size (Code + RO Data + RW Data)      10128 (   9.89kB)

==============================================================================

