ARM Linker, 5.03 [Build 76] [MDK-ARM Professional]

==============================================================================

Section Cross References

    main.o(i.advertising_init) refers to memseta.o(.text) for __aeabi_memclr4
    main.o(i.advertising_init) refers to ble_advertising.o(i.ble_advertising_init) for ble_advertising_init
    main.o(i.advertising_init) refers to printf1.o(i.__0printf$1) for __2printf
    main.o(i.advertising_init) refers to main.o(i.nrf_delay_ms) for nrf_delay_ms
    main.o(i.advertising_init) refers to app_error.o(i.app_error_handler_bare) for app_error_handler_bare
    main.o(i.advertising_init) refers to main.o(.data) for .data
    main.o(i.advertising_init) refers to main.o(i.ble_advertising_error_handler) for ble_advertising_error_handler
    main.o(i.advertising_init) refers to main.o(i.on_adv_evt) for on_adv_evt
    main.o(i.advertising_start) refers to memseta.o(.text) for __aeabi_memset
    main.o(i.advertising_start) refers to peer_manager.o(i.pm_next_peer_id_get) for pm_next_peer_id_get
    main.o(i.advertising_start) refers to peer_manager.o(i.pm_whitelist_set) for pm_whitelist_set
    main.o(i.advertising_start) refers to printf1.o(i.__0printf$1) for __2printf
    main.o(i.advertising_start) refers to main.o(i.nrf_delay_ms) for nrf_delay_ms
    main.o(i.advertising_start) refers to app_error.o(i.app_error_handler_bare) for app_error_handler_bare
    main.o(i.advertising_start) refers to peer_manager.o(i.pm_device_identities_list_set) for pm_device_identities_list_set
    main.o(i.advertising_start) refers to ble_advertising.o(i.ble_advertising_start) for ble_advertising_start
    main.o(i.advertising_start) refers to main.o(.bss) for .bss
    main.o(i.advertising_start) refers to main.o(.data) for .data
    main.o(i.assert_nrf_callback) refers to app_error.o(i.app_error_handler) for app_error_handler
    main.o(i.bas_init) refers to memseta.o(.text) for __aeabi_memclr4
    main.o(i.bas_init) refers to ble_bas.o(i.ble_bas_init) for ble_bas_init
    main.o(i.bas_init) refers to printf1.o(i.__0printf$1) for __2printf
    main.o(i.bas_init) refers to main.o(i.nrf_delay_ms) for nrf_delay_ms
    main.o(i.bas_init) refers to app_error.o(i.app_error_handler_bare) for app_error_handler_bare
    main.o(i.bas_init) refers to main.o(.bss) for .bss
    main.o(i.battery_level_meas_timeout_handler) refers to sensorsim.o(i.sensorsim_measure) for sensorsim_measure
    main.o(i.battery_level_meas_timeout_handler) refers to ble_bas.o(i.ble_bas_battery_level_update) for ble_bas_battery_level_update
    main.o(i.battery_level_meas_timeout_handler) refers to app_error.o(i.app_error_handler_bare) for app_error_handler_bare
    main.o(i.battery_level_meas_timeout_handler) refers to main.o(.bss) for .bss
    main.o(i.battery_level_meas_timeout_handler) refers to main.o(.data) for .data
    main.o(i.ble_advertising_error_handler) refers to app_error.o(i.app_error_handler_bare) for app_error_handler_bare
    main.o(i.ble_evt_dispatch) refers to ble_conn_state.o(i.ble_conn_state_on_ble_evt) for ble_conn_state_on_ble_evt
    main.o(i.ble_evt_dispatch) refers to peer_manager.o(i.pm_on_ble_evt) for pm_on_ble_evt
    main.o(i.ble_evt_dispatch) refers to bsp_btn_ble.o(i.bsp_btn_ble_on_ble_evt) for bsp_btn_ble_on_ble_evt
    main.o(i.ble_evt_dispatch) refers to main.o(i.on_ble_evt) for on_ble_evt
    main.o(i.ble_evt_dispatch) refers to ble_advertising.o(i.ble_advertising_on_ble_evt) for ble_advertising_on_ble_evt
    main.o(i.ble_evt_dispatch) refers to ble_conn_params.o(i.ble_conn_params_on_ble_evt) for ble_conn_params_on_ble_evt
    main.o(i.ble_evt_dispatch) refers to ble_hids.o(i.ble_hids_on_ble_evt) for ble_hids_on_ble_evt
    main.o(i.ble_evt_dispatch) refers to ble_bas.o(i.ble_bas_on_ble_evt) for ble_bas_on_ble_evt
    main.o(i.ble_evt_dispatch) refers to main.o(.bss) for .bss
    main.o(i.ble_stack_init) refers to softdevice_handler.o(i.softdevice_handler_init) for softdevice_handler_init
    main.o(i.ble_stack_init) refers to printf1.o(i.__0printf$1) for __2printf
    main.o(i.ble_stack_init) refers to main.o(i.nrf_delay_ms) for nrf_delay_ms
    main.o(i.ble_stack_init) refers to app_error.o(i.app_error_handler_bare) for app_error_handler_bare
    main.o(i.ble_stack_init) refers to softdevice_handler.o(i.softdevice_enable_get_default_config) for softdevice_enable_get_default_config
    main.o(i.ble_stack_init) refers to softdevice_handler.o(i.softdevice_enable) for softdevice_enable
    main.o(i.ble_stack_init) refers to softdevice_handler.o(i.softdevice_ble_evt_handler_set) for softdevice_ble_evt_handler_set
    main.o(i.ble_stack_init) refers to softdevice_handler.o(i.softdevice_sys_evt_handler_set) for softdevice_sys_evt_handler_set
    main.o(i.ble_stack_init) refers to main.o(.constdata) for .constdata
    main.o(i.ble_stack_init) refers to softdevice_handler_appsh.o(i.softdevice_evt_schedule) for softdevice_evt_schedule
[...]
    _printf_lld                              0x00000000   Number         0  stubs.o ABSOLUTE
    _printf_lli                              0x00000000   Number         0  stubs.o ABSOLUTE
    _printf_llo                              0x00000000   Number         0  stubs.o ABSOLUTE
    _printf_llu                              0x00000000   Number         0  stubs.o ABSOLUTE
    _printf_llx                              0x00000000   Number         0  stubs.o ABSOLUTE
    _printf_longlong_dec                     0x00000000   Number         0  stubs.o ABSOLUTE
    _printf_longlong_hex                     0x00000000   Number         0  stubs.o ABSOLUTE
    _printf_longlong_oct                     0x00000000   Number         0  stubs.o ABSOLUTE
    _printf_ls                               0x00000000   Number         0  stubs.o ABSOLUTE
    _printf_mbtowc                           0x00000000   Number         0  stubs.o ABSOLUTE
    _printf_n                                0x00000000   Number         0  stubs.o ABSOLUTE
    _printf_o                                0x00000000   Number         0  stubs.o ABSOLUTE
    _printf_p                                0x00000000   Number         0  stubs.o ABSOLUTE
    _printf_percent                          0x00000000   Number         0  stubs.o ABSOLUTE
    _printf_pre_padding                      0x00000000   Number         0  stubs.o ABSOLUTE
    _printf_return_value                     0x00000000   Number         0  stubs.o ABSOLUTE
    _printf_s                                0x00000000   Number         0  stubs.o ABSOLUTE
    _printf_sizespec                         0x00000000   Number         0  stubs.o ABSOLUTE
    _printf_str                              0x00000000   Number         0  stubs.o ABSOLUTE
    _printf_truncate_signed                  0x00000000   Number         0  stubs.o ABSOLUTE
    _printf_truncate_unsigned                0x00000000   Number         0  stubs.o ABSOLUTE
    _printf_u                                0x00000000   Number         0  stubs.o ABSOLUTE
    _printf_wc                               0x00000000   Number         0  stubs.o ABSOLUTE
    _printf_wctomb                           0x00000000   Number         0  stubs.o ABSOLUTE
    _printf_widthprec                        0x00000000   Number         0  stubs.o ABSOLUTE
    _printf_x                                0x00000000   Number         0  stubs.o ABSOLUTE
    __cpp_initialize__aeabi_                  - Undefined Weak Reference
    __cxa_finalize                            - Undefined Weak Reference
    _clock_init                               - Undefined Weak Reference
    _microlib_exit                            - Undefined Weak Reference
    __Vectors_Size                           0x000000c0   Number         0  arm_startup_nrf51.o ABSOLUTE
    __Vectors                                0x0001b000   Data           4  arm_startup_nrf51.o(RESET)
    __Vectors_End                            0x0001b0c0   Data           0  arm_startup_nrf51.o(RESET)
    __main                                   0x0001b0c1   Thumb Code     0  entry.o(.ARM.Collect$$$$00000000)
    _main_stk                                0x0001b0c1   Thumb Code     0  entry2.o(.ARM.Collect$$$$00000001)
    _main_scatterload                        0x0001b0c5   Thumb Code     0  entry5.o(.ARM.Collect$$$$00000004)
    __main_after_scatterload                 0x0001b0c9   Thumb Code     0  entry5.o(.ARM.Collect$$$$00000004)
    _main_clock                              0x0001b0c9   Thumb Code     0  entry7b.o(.ARM.Collect$$$$00000008)
    _main_cpp_init                           0x0001b0c9   Thumb Code     0  entry8b.o(.ARM.Collect$$$$0000000A)
    _main_init                               0x0001b0c9   Thumb Code     0  entry9a.o(.ARM.Collect$$$$0000000B)
    __rt_final_cpp                           0x0001b0d1   Thumb Code     0  entry10a.o(.ARM.Collect$$$$0000000D)
    __rt_final_exit                          0x0001b0d1   Thumb Code     0  entry11a.o(.ARM.Collect$$$$0000000F)
    Reset_Handler                            0x0001b0d5   Thumb Code    26  arm_startup_nrf51.o(.text)
    NMI_Handler                              0x0001b0ef   Thumb Code     2  arm_startup_nrf51.o(.text)
    HardFault_Handler                        0x0001b0f1   Thumb Code     2  arm_startup_nrf51.o(.text)
    SVC_Handler                              0x0001b0f3   Thumb Code     2  arm_startup_nrf51.o(.text)
    PendSV_Handler                           0x0001b0f5   Thumb Code     2  arm_startup_nrf51.o(.text)
    SysTick_Handler                          0x0001b0f7   Thumb Code     2  arm_startup_nrf51.o(.text)
    ADC_IRQHandler                           0x0001b0f9   Thumb Code     0  arm_startup_nrf51.o(.text)
    CCM_AAR_IRQHandler                       0x0001b0f9   Thumb Code     0  arm_startup_nrf51.o(.text)
    ECB_IRQHandler                           0x0001b0f9   Thumb Code     0  arm_startup_nrf51.o(.text)
    LPCOMP_IRQHandler                        0x0001b0f9   Thumb Code     0  arm_startup_nrf51.o(.text)
    QDEC_IRQHandler                          0x0001b0f9   Thumb Code     0  arm_startup_nrf51.o(.text)
    RADIO_IRQHandler                         0x0001b0f9   Thumb Code     0  arm_startup_nrf51.o(.text)
    RNG_IRQHandler                           0x0001b0f9   Thumb Code     0  arm_startup_nrf51.o(.text)
    RTC0_IRQHandler                          0x0001b0f9   Thumb Code     0  arm_startup_nrf51.o(.text)
    SPI0_TWI0_IRQHandler                     0x0001b0f9   Thumb Code     0  arm_startup_nrf51.o(.text)
    SPI1_TWI1_IRQHandler                     0x0001b0f9   Thumb Code     0  arm_startup_nrf51.o(.text)
    SWI1_IRQHandler                          0x0001b0f9   Thumb Code     0  arm_startup_nrf51.o(.text)
    SWI3_IRQHandler                          0x0001b0f9   Thumb Code     0  arm_startup_nrf51.o(.text)
    SWI4_IRQHandler                          0x0001b0f9   Thumb Code     0  arm_startup_nrf51.o(.text)
    SWI5_IRQHandler                          0x0001b0f9   Thumb Code     0  arm_startup_nrf51.o(.text)
    TEMP_IRQHandler                          0x0001b0f9   Thumb Code     0  arm_startup_nrf51.o(.text)
    TIMER0_IRQHandler                        0x0001b0f9   Thumb Code     0  arm_startup_nrf51.o(.text)
    TIMER1_IRQHandler                        0x0001b0f9   Thumb Code     0  arm_startup_nrf51.o(.text)
    TIMER2_IRQHandler                        0x0001b0f9   Thumb Code     0  arm_startup_nrf51.o(.text)
    WDT_IRQHandler                           0x0001b0f9   Thumb Code     0  arm_startup_nrf51.o(.text)
    __aeabi_uidiv                            0x0001b10d   Thumb Code     0  uidiv.o(.text)
    __aeabi_uidivmod                         0x0001b10d   Thumb Code    44  uidiv.o(.text)
    __aeabi_memcpy                           0x0001b139   Thumb Code    36  memcpya.o(.text)
    __aeabi_memcpy4                          0x0001b139   Thumb Code     0  memcpya.o(.text)
    __aeabi_memcpy8                          0x0001b139   Thumb Code     0  memcpya.o(.text)
    __aeabi_memset                           0x0001b15d   Thumb Code    14  memseta.o(.text)
    __aeabi_memset4                          0x0001b15d   Thumb Code     0  memseta.o(.text)
    __aeabi_memset8                          0x0001b15d   Thumb Code     0  memseta.o(.text)
    __aeabi_memclr                           0x0001b16b   Thumb Code     4  memseta.o(.text)
    __aeabi_memclr4                          0x0001b16b   Thumb Code     0  memseta.o(.text)
    __aeabi_memclr8                          0x0001b16b   Thumb Code     0  memseta.o(.text)
    _memset$wrapper                          0x0001b16f   Thumb Code    18  memseta.o(.text)
    strlen                                   0x0001b181   Thumb Code    14  strlen.o(.text)
    memcmp                                   0x0001b18f   Thumb Code    26  memcmp.o(.text)
    __scatterload                            0x0001b1a9   Thumb Code    28  init.o(.text)
    __scatterload_rt2                        0x0001b1a9   Thumb Code     0  init.o(.text)
    __I$use$semihosting$fputc                0x0001b1cd   Thumb Code     0  iusesemip.o(.text)
    __decompress                             0x0001b1cd   Thumb Code     0  __dczerorl2.o(.text)
    __decompress1                            0x0001b1cd   Thumb Code    86  __dczerorl2.o(.text)
    __semihosting_library_function           0x0001b1cd   Thumb Code     0  semi.o(.text)
    GPIOTE_IRQHandler                        0x0001b225   Thumb Code   366  nrf_drv_gpiote.o(i.GPIOTE_IRQHandler)
    POWER_CLOCK_IRQHandler                   0x0001b3e5   Thumb Code    74  nrf_drv_clock.o(i.POWER_CLOCK_IRQHandler)
    RTC1_IRQHandler                          0x0001b439   Thumb Code    28  app_timer.o(i.RTC1_IRQHandler)
    SWI0_IRQHandler                          0x0001b459   Thumb Code     8  app_timer.o(i.SWI0_IRQHandler)
    SWI2_IRQHandler                          0x0001b461   Thumb Code    44  softdevice_handler.o(i.SWI2_IRQHandler)
    SystemInit                               0x0001b49d   Thumb Code   130  system_nrf51.o(i.SystemInit)
    UART0_IRQHandler                         0x0001b53d   Thumb Code    12  nrf_drv_uart.o(i.UART0_IRQHandler)
    __0printf$1                              0x0001b551   Thumb Code    24  printf1.o(i.__0printf$1)
    __1printf$1                              0x0001b551   Thumb Code     0  printf1.o(i.__0printf$1)
    __2printf                                0x0001b551   Thumb Code     0  printf1.o(i.__0printf$1)
    __ARM_common_switch8                     0x0001b571   Thumb Code    26  main.o(i.__ARM_common_switch8)
    __scatterload_copy                       0x0001b58b   Thumb Code    14  handlers.o(i.__scatterload_copy)
    __scatterload_null                       0x0001b599   Thumb Code     2  handlers.o(i.__scatterload_null)
    __scatterload_zeroinit                   0x0001b59b   Thumb Code    14  handlers.o(i.__scatterload_zeroinit)
    addr_compare                             0x0001b711   Thumb Code    40  id_manager.o(i.addr_compare)
    adv_data_encode                          0x0001b739   Thumb Code   398  ble_advdata.o(i.adv_data_encode)
    ah                                       0x0001bae5   Thumb Code    78  id_manager.o(i.ah)
    app_button_enable                        0x0001bb3d   Thumb Code    32  app_button.o(i.app_button_enable)
    app_button_init                          0x0001bb61   Thumb Code   100  app_button.o(i.app_button_init)
    app_error_fault_handler                  0x0001bbd5   Thumb Code    16  app_error_weak.o(i.app_error_fault_handler)
    app_error_handler_bare                   0x0001bbed   Thumb Code    20  app_error.o(i.app_error_handler_bare)
    app_sched_event_put                      0x0001bc05   Thumb Code   146  app_scheduler.o(i.app_sched_event_put)
    app_sched_execute                        0x0001bca1   Thumb Code    56  app_scheduler.o(i.app_sched_execute)
    app_sched_init                           0x0001bcdd   Thumb Code    40  app_scheduler.o(i.app_sched_init)
    app_timer_create                         0x0001bd09   Thumb Code    40  app_timer.o(i.app_timer_create)
    app_timer_evt_schedule                   0x0001bd4d   Thumb Code    18  app_timer_appsh.o(i.app_timer_evt_schedule)
    app_timer_init                           0x0001bd65   Thumb Code    98  app_timer.o(i.app_timer_init)
    app_timer_start                          0x0001bdd9   Thumb Code   128  app_timer.o(i.app_timer_start)
    app_timer_stop                           0x0001be61   Thumb Code    36  app_timer.o(i.app_timer_stop)
    app_util_critical_region_enter           0x0001be89   Thumb Code    48  app_util_platform.o(i.app_util_critical_region_enter)
    app_util_critical_region_exit            0x0001bec5   Thumb Code    36  app_util_platform.o(i.app_util_critical_region_exit)
    ble_advdata_set                          0x0001c16d   Thumb Code   104  ble_advdata.o(i.ble_advdata_set)
    ble_advertising_init                     0x0001c1dd   Thumb Code   340  ble_advertising.o(i.ble_advertising_init)
    ble_advertising_on_ble_evt               0x0001c339   Thumb Code    82  ble_advertising.o(i.ble_advertising_on_ble_evt)
    ble_advertising_on_sys_evt               0x0001c391   Thumb Code    42  ble_advertising.o(i.ble_advertising_on_sys_evt)
    ble_advertising_peer_addr_reply          0x0001c3c1   Thumb Code    34  ble_advertising.o(i.ble_advertising_peer_addr_reply)
    ble_advertising_restart_without_whitelist 0x0001c3e9   Thumb Code    50  ble_advertising.o(i.ble_advertising_restart_without_whitelist)
    ble_advertising_start                    0x0001c425   Thumb Code   256  ble_advertising.o(i.ble_advertising_start)
    ble_advertising_whitelist_reply          0x0001c52d   Thumb Code    96  ble_advertising.o(i.ble_advertising_whitelist_reply)
    ble_bas_battery_level_update             0x0001c591   Thumb Code   112  ble_bas.o(i.ble_bas_battery_level_update)
    ble_bas_init                             0x0001c605   Thumb Code    66  ble_bas.o(i.ble_bas_init)
    ble_bas_on_ble_evt                       0x0001c64d   Thumb Code    96  ble_bas.o(i.ble_bas_on_ble_evt)
    ble_conn_params_init                     0x0001c6ad   Thumb Code    68  ble_conn_params.o(i.ble_conn_params_init)
    ble_conn_params_on_ble_evt               0x0001c701   Thumb Code   130  ble_conn_params.o(i.ble_conn_params_on_ble_evt)
    ble_conn_state_conn_handles              0x0001c791   Thumb Code    14  ble_conn_state.o(i.ble_conn_state_conn_handles)
    ble_conn_state_encrypted                 0x0001c7a5   Thumb Code    16  ble_conn_state.o(i.ble_conn_state_encrypted)
    ble_conn_state_mitm_protected            0x0001c7b9   Thumb Code    16  ble_conn_state.o(i.ble_conn_state_mitm_protected)
    ble_conn_state_on_ble_evt                0x0001c7cd   Thumb Code   236  ble_conn_state.o(i.ble_conn_state_on_ble_evt)
    ble_conn_state_role                      0x0001c8c1   Thumb Code    46  ble_conn_state.o(i.ble_conn_state_role)
    ble_conn_state_user_flag_acquire         0x0001c8f5   Thumb Code    42  ble_conn_state.o(i.ble_conn_state_user_flag_acquire)
    ble_conn_state_user_flag_collection      0x0001c925   Thumb Code    20  ble_conn_state.o(i.ble_conn_state_user_flag_collection)
    ble_conn_state_user_flag_get             0x0001c93d   Thumb Code    32  ble_conn_state.o(i.ble_conn_state_user_flag_get)
    ble_conn_state_user_flag_set             0x0001c961   Thumb Code    36  ble_conn_state.o(i.ble_conn_state_user_flag_set)
    ble_dis_init                             0x0001c9e9   Thumb Code   308  ble_dis.o(i.ble_dis_init)
    ble_hids_boot_mouse_inp_rep_send         0x0001cb69   Thumb Code   120  ble_hids.o(i.ble_hids_boot_mouse_inp_rep_send)
    ble_hids_init                            0x0001cbe5   Thumb Code   296  ble_hids.o(i.ble_hids_init)
    ble_hids_inp_rep_send                    0x0001cd15   Thumb Code    92  ble_hids.o(i.ble_hids_inp_rep_send)
    ble_hids_on_ble_evt                      0x0001cd75   Thumb Code   154  ble_hids.o(i.ble_hids_on_ble_evt)
    ble_srv_ascii_to_utf8                    0x0001ce0f   Thumb Code    18  ble_srv_common.o(i.ble_srv_ascii_to_utf8)
    ble_srv_is_notification_enabled          0x0001ce21   Thumb Code    14  ble_srv_common.o(i.ble_srv_is_notification_enabled)
    ble_srv_report_ref_encode                0x0001ce2f   Thumb Code    12  ble_srv_common.o(i.ble_srv_report_ref_encode)
    bsp_board_button_idx_to_pin              0x0001d045   Thumb Code     6  boards.o(i.bsp_board_button_idx_to_pin)
    bsp_board_button_state_get               0x0001d051   Thumb Code    24  boards.o(i.bsp_board_button_state_get)
    bsp_board_led_invert                     0x0001d071   Thumb Code    24  boards.o(i.bsp_board_led_invert)
    bsp_board_led_off                        0x0001d091   Thumb Code    14  boards.o(i.bsp_board_led_off)
    bsp_board_led_on                         0x0001d0a5   Thumb Code    14  boards.o(i.bsp_board_led_on)
    bsp_board_led_state_get                  0x0001d0b9   Thumb Code    24  boards.o(i.bsp_board_led_state_get)
    bsp_board_leds_init                      0x0001d0d9   Thumb Code    36  boards.o(i.bsp_board_leds_init)
    bsp_board_leds_off                       0x0001d101   Thumb Code    18  boards.o(i.bsp_board_leds_off)
    bsp_board_leds_on                        0x0001d113   Thumb Code    18  boards.o(i.bsp_board_leds_on)
    bsp_board_pin_to_button_idx              0x0001d125   Thumb Code    30  boards.o(i.bsp_board_pin_to_button_idx)
    bsp_btn_ble_init                         0x0001d149   Thumb Code    66  bsp_btn_ble.o(i.bsp_btn_ble_init)
    bsp_btn_ble_on_ble_evt                   0x0001d1a9   Thumb Code    68  bsp_btn_ble.o(i.bsp_btn_ble_on_ble_evt)
    bsp_btn_ble_sleep_mode_prepare           0x0001d1f1   Thumb Code    34  bsp_btn_ble.o(i.bsp_btn_ble_sleep_mode_prepare)
    bsp_button_is_pressed                    0x0001d2a9   Thumb Code     8  bsp.o(i.bsp_button_is_pressed)
    bsp_event_to_button_action_assign        0x0001d349   Thumb Code    66  bsp.o(i.bsp_event_to_button_action_assign)
    bsp_indication_set                       0x0001d391   Thumb Code    22  bsp.o(i.bsp_indication_set)
    bsp_init                                 0x0001d3ad   Thumb Code   140  bsp.o(i.bsp_init)
    bsp_wakeup_button_enable                 0x0001d5cd   Thumb Code    16  bsp.o(i.bsp_wakeup_button_enable)
    chunk_queue_next                         0x0001d77d   Thumb Code    20  fds.o(i.chunk_queue_next)
    fds_file_delete                          0x0001de31   Thumb Code    66  fds.o(i.fds_file_delete)
    fds_gc                                   0x0001de7d   Thumb Code    62  fds.o(i.fds_gc)
    fds_init                                 0x0001dec5   Thumb Code   130  fds.o(i.fds_init)
    fds_record_close                         0x0001df4d   Thumb Code    60  fds.o(i.fds_record_close)
    fds_record_find                          0x0001df8d   Thumb Code    14  fds.o(i.fds_record_find)
    fds_record_find_by_key                   0x0001df9b   Thumb Code    16  fds.o(i.fds_record_find_by_key)
    fds_record_find_in_file                  0x0001dfab   Thumb Code    16  fds.o(i.fds_record_find_in_file)
    fds_record_id_from_desc                  0x0001dfbb   Thumb Code    20  fds.o(i.fds_record_id_from_desc)
    fds_record_open                          0x0001dfd1   Thumb Code    64  fds.o(i.fds_record_open)
    fds_record_update                        0x0001e015   Thumb Code    20  fds.o(i.fds_record_update)
    fds_record_write                         0x0001e029   Thumb Code    12  fds.o(i.fds_record_write)
    fds_record_write_reserved                0x0001e035   Thumb Code    18  fds.o(i.fds_record_write_reserved)
    fds_register                             0x0001e049   Thumb Code    28  fds.o(i.fds_register)
    fds_reserve                              0x0001e06d   Thumb Code    48  fds.o(i.fds_reserve)
    fds_reserve_cancel                       0x0001e0a1   Thumb Code    62  fds.o(i.fds_reserve_cancel)
    fputc                                    0x0001e20d   Thumb Code    18  fputc.o(i.fputc)
    fs_erase                                 0x0001e221   Thumb Code   120  fstorage.o(i.fs_erase)
    fs_init                                  0x0001e2a9   Thumb Code   154  fstorage.o(i.fs_init)
    fs_queued_op_count_get                   0x0001e355   Thumb Code    18  fstorage.o(i.fs_queued_op_count_get)
    fs_store                                 0x0001e36d   Thumb Code   128  fstorage.o(i.fs_store)
    fs_sys_event_handler                     0x0001e3f1   Thumb Code    94  fstorage.o(i.fs_sys_event_handler)
    gcm_ble_evt_handler                      0x0001e6c9   Thumb Code   232  gatt_cache_manager.o(i.gcm_ble_evt_handler)
    gcm_gscm_evt_handler                     0x0001e7b9   Thumb Code    96  gatt_cache_manager.o(i.gcm_gscm_evt_handler)
    gcm_im_evt_handler                       0x0001e821   Thumb Code    40  gatt_cache_manager.o(i.gcm_im_evt_handler)
    gcm_init                                 0x0001e84d   Thumb Code    66  gatt_cache_manager.o(i.gcm_init)
    gcm_local_database_has_changed           0x0001e895   Thumb Code    66  gatt_cache_manager.o(i.gcm_local_database_has_changed)
    gcm_smd_evt_handler                      0x0001e8e1   Thumb Code    16  gatt_cache_manager.o(i.gcm_smd_evt_handler)
    get_connection_by_conn_handle            0x0001e8f1   Thumb Code    48  id_manager.o(i.get_connection_by_conn_handle)
    get_free_connection                      0x0001e929   Thumb Code    40  id_manager.o(i.get_free_connection)
    gscm_db_change_notification_done         0x0001e9ad   Thumb Code    22  gatts_cache_manager.o(i.gscm_db_change_notification_done)
    gscm_init                                0x0001e9c9   Thumb Code    16  gatts_cache_manager.o(i.gscm_init)
    gscm_local_database_has_changed          0x0001e9dd   Thumb Code    18  gatts_cache_manager.o(i.gscm_local_database_has_changed)
    gscm_local_db_cache_apply                0x0001e9f9   Thumb Code   104  gatts_cache_manager.o(i.gscm_local_db_cache_apply)
    gscm_local_db_cache_update               0x0001ea65   Thumb Code   124  gatts_cache_manager.o(i.gscm_local_db_cache_update)
    gscm_pdb_evt_handler                     0x0001eae9   Thumb Code    72  gatts_cache_manager.o(i.gscm_pdb_evt_handler)
    gscm_service_changed_ind_needed          0x0001eb39   Thumb Code    28  gatts_cache_manager.o(i.gscm_service_changed_ind_needed)
    gscm_service_changed_ind_send            0x0001eb55   Thumb Code    32  gatts_cache_manager.o(i.gscm_service_changed_ind_send)
    im_address_resolve                       0x0001edcd   Thumb Code    64  id_manager.o(i.im_address_resolve)
    im_ble_addr_get                          0x0001ee0d   Thumb Code    38  id_manager.o(i.im_ble_addr_get)
    im_ble_evt_handler                       0x0001ee39   Thumb Code   162  id_manager.o(i.im_ble_evt_handler)
    im_conn_handle_get                       0x0001eee1   Thumb Code    34  id_manager.o(i.im_conn_handle_get)
    im_device_identities_list_set            0x0001ef0d   Thumb Code     4  id_manager.o(i.im_device_identities_list_set)
    im_init                                  0x0001ef11   Thumb Code    60  id_manager.o(i.im_init)
    im_is_duplicate_bonding_data             0x0001ef59   Thumb Code    56  id_manager.o(i.im_is_duplicate_bonding_data)
    im_master_id_is_valid                    0x0001ef91   Thumb Code    28  id_manager.o(i.im_master_id_is_valid)
    im_master_ids_compare                    0x0001efad   Thumb Code    44  id_manager.o(i.im_master_ids_compare)
    im_new_peer_id                           0x0001efd9   Thumb Code     8  id_manager.o(i.im_new_peer_id)
    im_pdb_evt_handler                       0x0001efe1   Thumb Code   110  id_manager.o(i.im_pdb_evt_handler)
    im_peer_free                             0x0001f051   Thumb Code    38  id_manager.o(i.im_peer_free)
    im_peer_id_get_by_conn_handle            0x0001f07d   Thumb Code    24  id_manager.o(i.im_peer_id_get_by_conn_handle)
    im_peer_id_get_by_master_id              0x0001f09d   Thumb Code    62  id_manager.o(i.im_peer_id_get_by_master_id)
    im_whitelist_get                         0x0001f0e1   Thumb Code    48  id_manager.o(i.im_whitelist_get)
    im_whitelist_set                         0x0001f119   Thumb Code    46  id_manager.o(i.im_whitelist_set)
    intern_softdevice_events_execute         0x0001f28d   Thumb Code   122  softdevice_handler.o(i.intern_softdevice_events_execute)
    is_valid_irk                             0x0001f371   Thumb Code    22  id_manager.o(i.is_valid_irk)
    main                                     0x0001f945   Thumb Code   246  main.o(i.main)
    new_connection                           0x0001fbfd   Thumb Code    80  id_manager.o(i.new_connection)
    next_id_get                              0x0001fc59   Thumb Code    48  peer_id.o(i.next_id_get)
    nrf_drv_clock_init                       0x0001fd51   Thumb Code    60  nrf_drv_clock.o(i.nrf_drv_clock_init)
    nrf_drv_clock_on_sd_enable               0x0001fd99   Thumb Code    46  nrf_drv_clock.o(i.nrf_drv_clock_on_sd_enable)
    nrf_drv_clock_on_soc_event               0x0001fdcd   Thumb Code    12  nrf_drv_clock.o(i.nrf_drv_clock_on_soc_event)
    nrf_drv_common_irq_enable                0x0001fdd9   Thumb Code    78  nrf_drv_common.o(i.nrf_drv_common_irq_enable)
    nrf_drv_gpiote_in_event_enable           0x0001fe39   Thumb Code   132  nrf_drv_gpiote.o(i.nrf_drv_gpiote_in_event_enable)
    nrf_drv_gpiote_in_init                   0x0001fec9   Thumb Code   148  nrf_drv_gpiote.o(i.nrf_drv_gpiote_in_init)
    nrf_drv_gpiote_in_is_set                 0x0001ff69   Thumb Code    14  nrf_drv_gpiote.o(i.nrf_drv_gpiote_in_is_set)
    nrf_drv_gpiote_init                      0x0001ff79   Thumb Code    84  nrf_drv_gpiote.o(i.nrf_drv_gpiote_init)
    nrf_drv_gpiote_is_init                   0x0001ffd5   Thumb Code    12  nrf_drv_gpiote.o(i.nrf_drv_gpiote_is_init)
    pdb_init                                 0x00020895   Thumb Code    62  peer_database.o(i.pdb_init)
    pdb_next_deleted_peer_id_get             0x000208e1   Thumb Code     8  peer_database.o(i.pdb_next_deleted_peer_id_get)
    pdb_next_peer_id_get                     0x000208e9   Thumb Code     8  peer_database.o(i.pdb_next_peer_id_get)
    pdb_pds_evt_handler                      0x000208f1   Thumb Code   300  peer_database.o(i.pdb_pds_evt_handler)
    pdb_peer_allocate                        0x00020a25   Thumb Code     8  peer_database.o(i.pdb_peer_allocate)
    pdb_peer_data_load                       0x00020a2d   Thumb Code    16  peer_database.o(i.pdb_peer_data_load)
    pdb_peer_data_ptr_get                    0x00020a3d   Thumb Code    10  peer_database.o(i.pdb_peer_data_ptr_get)
    pdb_peer_free                            0x00020a47   Thumb Code    74  peer_database.o(i.pdb_peer_free)
    pdb_raw_store                            0x00020a91   Thumb Code    12  peer_database.o(i.pdb_raw_store)
    pdb_write_buf_get                        0x00020a9d   Thumb Code   256  peer_database.o(i.pdb_write_buf_get)
    pdb_write_buf_release                    0x00020ba5   Thumb Code    42  peer_database.o(i.pdb_write_buf_release)
    pdb_write_buf_store                      0x00020bd1   Thumb Code   190  peer_database.o(i.pdb_write_buf_store)
    pdb_write_buf_store_prepare              0x00020c99   Thumb Code    98  peer_database.o(i.pdb_write_buf_store_prepare)
    pds_init                                 0x00020d0d   Thumb Code   100  peer_data_storage.o(i.pds_init)
    pds_next_deleted_peer_id_get             0x00020d7d   Thumb Code     8  peer_data_storage.o(i.pds_next_deleted_peer_id_get)
    pds_next_peer_id_get                     0x00020d85   Thumb Code     8  peer_data_storage.o(i.pds_next_peer_id_get)
    pds_peer_data_iterate                    0x00020d8d   Thumb Code    80  peer_data_storage.o(i.pds_peer_data_iterate)
    pds_peer_data_iterate_prepare            0x00020de1   Thumb Code    10  peer_data_storage.o(i.pds_peer_data_iterate_prepare)
    pds_peer_data_read                       0x00020df1   Thumb Code   112  peer_data_storage.o(i.pds_peer_data_read)
    pds_peer_data_store                      0x00020e61   Thumb Code   174  peer_data_storage.o(i.pds_peer_data_store)
    pds_peer_id_allocate                     0x00020f11   Thumb Code    10  peer_data_storage.o(i.pds_peer_id_allocate)
    pds_peer_id_free                         0x00020f21   Thumb Code    22  peer_data_storage.o(i.pds_peer_id_free)
    pds_peer_id_is_allocated                 0x00020f37   Thumb Code     8  peer_data_storage.o(i.pds_peer_id_is_allocated)
    pds_space_reserve                        0x00020f3f   Thumb Code    48  peer_data_storage.o(i.pds_space_reserve)
    pds_space_reserve_cancel                 0x00020f6f   Thumb Code    16  peer_data_storage.o(i.pds_space_reserve_cancel)
    peer_id_allocate                         0x0002106d   Thumb Code    10  peer_id.o(i.peer_id_allocate)
    peer_id_delete                           0x0002107d   Thumb Code    30  peer_id.o(i.peer_id_delete)
    peer_id_free                             0x000210a5   Thumb Code    22  peer_id.o(i.peer_id_free)
    peer_id_get_next_deleted                 0x000210c1   Thumb Code    10  peer_id.o(i.peer_id_get_next_deleted)
    peer_id_get_next_used                    0x000210d1   Thumb Code    42  peer_id.o(i.peer_id_get_next_used)
    peer_id_init                             0x00021105   Thumb Code    34  peer_id.o(i.peer_id_init)
    peer_id_is_allocated                     0x0002112d   Thumb Code    20  peer_id.o(i.peer_id_is_allocated)
    peer_id_is_deleted                       0x00021145   Thumb Code    20  peer_id.o(i.peer_id_is_deleted)
    pm_buffer_block_acquire                  0x00021345   Thumb Code    94  pm_buffer.o(i.pm_buffer_block_acquire)
    pm_buffer_init                           0x000213a3   Thumb Code    68  pm_buffer.o(i.pm_buffer_init)
    pm_buffer_ptr_get                        0x000213e7   Thumb Code    46  pm_buffer.o(i.pm_buffer_ptr_get)
    pm_buffer_release                        0x00021415   Thumb Code    42  pm_buffer.o(i.pm_buffer_release)
    pm_conn_sec_config_reply                 0x0002143f   Thumb Code     8  peer_manager.o(i.pm_conn_sec_config_reply)
    pm_device_identities_list_set            0x00021449   Thumb Code    20  peer_manager.o(i.pm_device_identities_list_set)
    pm_gcm_evt_handler                       0x00021501   Thumb Code   128  peer_manager.o(i.pm_gcm_evt_handler)
    pm_im_evt_handler                        0x00021581   Thumb Code    74  peer_manager.o(i.pm_im_evt_handler)
    pm_init                                  0x000215d1   Thumb Code   108  peer_manager.o(i.pm_init)
    pm_local_database_has_changed            0x00021641   Thumb Code    16  peer_manager.o(i.pm_local_database_has_changed)
    pm_mutex_init                            0x00021655   Thumb Code    16  pm_mutex.o(i.pm_mutex_init)
    pm_mutex_lock                            0x00021665   Thumb Code    28  pm_mutex.o(i.pm_mutex_lock)
    pm_mutex_lock_first_available            0x00021681   Thumb Code    52  pm_mutex.o(i.pm_mutex_lock_first_available)
    pm_mutex_lock_status_get                 0x000216b5   Thumb Code    24  pm_mutex.o(i.pm_mutex_lock_status_get)
    pm_mutex_unlock                          0x000216cd   Thumb Code    54  pm_mutex.o(i.pm_mutex_unlock)
    pm_next_peer_id_get                      0x00021705   Thumb Code    20  peer_manager.o(i.pm_next_peer_id_get)
    pm_on_ble_evt                            0x00021721   Thumb Code    32  peer_manager.o(i.pm_on_ble_evt)
    pm_pdb_evt_handler                       0x00021745   Thumb Code   306  peer_manager.o(i.pm_pdb_evt_handler)
    pm_peer_data_bonding_load                0x00021881   Thumb Code    18  peer_manager.o(i.pm_peer_data_bonding_load)
    pm_peer_data_load                        0x00021895   Thumb Code    92  peer_manager.o(i.pm_peer_data_load)
    pm_peer_delete                           0x000218f5   Thumb Code    20  peer_manager.o(i.pm_peer_delete)
    pm_peers_delete                          0x0002190d   Thumb Code    52  peer_manager.o(i.pm_peers_delete)
    pm_register                              0x00021949   Thumb Code    38  peer_manager.o(i.pm_register)
    pm_sec_params_set                        0x00021979   Thumb Code    20  peer_manager.o(i.pm_sec_params_set)
    pm_sm_evt_handler                        0x00021991   Thumb Code   324  peer_manager.o(i.pm_sm_evt_handler)
    pm_whitelist_get                         0x00021add   Thumb Code    46  peer_manager.o(i.pm_whitelist_get)
    pm_whitelist_set                         0x00021b11   Thumb Code    20  peer_manager.o(i.pm_whitelist_set)
    sdk_mapped_flags_bulk_update_by_key      0x000223b9   Thumb Code    70  sdk_mapped_flags.o(i.sdk_mapped_flags_bulk_update_by_key)
    sdk_mapped_flags_first_key_index_get     0x00022401   Thumb Code    34  sdk_mapped_flags.o(i.sdk_mapped_flags_first_key_index_get)
    sdk_mapped_flags_get_by_key              0x00022439   Thumb Code    38  sdk_mapped_flags.o(i.sdk_mapped_flags_get_by_key)
    sdk_mapped_flags_key_list_get            0x0002245f   Thumb Code    70  sdk_mapped_flags.o(i.sdk_mapped_flags_key_list_get)
    sdk_mapped_flags_update_by_key           0x000224a5   Thumb Code    14  sdk_mapped_flags.o(i.sdk_mapped_flags_update_by_key)
    sensorsim_decrement                      0x00022695   Thumb Code    28  sensorsim.o(i.sensorsim_decrement)
    sensorsim_increment                      0x000226b1   Thumb Code    28  sensorsim.o(i.sensorsim_increment)
    sensorsim_init                           0x000226cd   Thumb Code    24  sensorsim.o(i.sensorsim_init)
    sensorsim_measure                        0x000226e5   Thumb Code    26  sensorsim.o(i.sensorsim_measure)
    sm_ble_evt_handler                       0x000229dd   Thumb Code    16  security_manager.o(i.sm_ble_evt_handler)
    sm_conn_sec_config_reply                 0x000229f1   Thumb Code    24  security_manager.o(i.sm_conn_sec_config_reply)
    sm_init                                  0x00022a0d   Thumb Code    76  security_manager.o(i.sm_init)
    sm_pdb_evt_handler                       0x00022a5d   Thumb Code    48  security_manager.o(i.sm_pdb_evt_handler)
    sm_sec_params_set                        0x00022a91   Thumb Code    44  security_manager.o(i.sm_sec_params_set)
    sm_smd_evt_handler                       0x00022ac1   Thumb Code   118  security_manager.o(i.sm_smd_evt_handler)
    smd_ble_evt_handler                      0x00022b3d   Thumb Code   216  security_dispatcher.o(i.smd_ble_evt_handler)
    smd_init                                 0x00022c21   Thumb Code    56  security_dispatcher.o(i.smd_init)
    smd_link_secure                          0x00022c5d   Thumb Code    44  security_dispatcher.o(i.smd_link_secure)
    smd_params_reply                         0x00022c8d   Thumb Code   260  security_dispatcher.o(i.smd_params_reply)
    smd_pdb_evt_handler                      0x00022e25   Thumb Code    48  security_dispatcher.o(i.smd_pdb_evt_handler)
    softdevice_ble_evt_handler_set           0x00022e59   Thumb Code    16  softdevice_handler.o(i.softdevice_ble_evt_handler_set)
    softdevice_enable                        0x00022e6d   Thumb Code    14  softdevice_handler.o(i.softdevice_enable)
    softdevice_enable_get_default_config     0x00022e81   Thumb Code    40  softdevice_handler.o(i.softdevice_enable_get_default_config)
    softdevice_evt_get                       0x00022ea9   Thumb Code    18  softdevice_handler_appsh.o(i.softdevice_evt_get)
    softdevice_evt_schedule                  0x00022ebd   Thumb Code    14  softdevice_handler_appsh.o(i.softdevice_evt_schedule)
    softdevice_fault_handler                 0x00022ed1   Thumb Code     8  softdevice_handler.o(i.softdevice_fault_handler)
    softdevice_handler_init                  0x00022ed9   Thumb Code    74  softdevice_handler.o(i.softdevice_handler_init)
    softdevice_handler_is_enabled            0x00022f31   Thumb Code     6  softdevice_handler.o(i.softdevice_handler_is_enabled)
    softdevice_sys_evt_handler_set           0x00022f3d   Thumb Code    16  softdevice_handler.o(i.softdevice_sys_evt_handler_set)
    Region$$Table$$Base                      0x000238e0   Number         0  anon$$obj.o(Region$$Table)
    Region$$Table$$Limit                     0x00023900   Number         0  anon$$obj.o(Region$$Table)
    Image$$RW_IRAM1$$Base                    0x20001fe8   Number         0  main.o(.data)
    SystemCoreClock                          0x200020a4   Data           4  system_nrf51.o(.data)
    nrf_nvic_state                           0x200021e0   Data           8  app_util_platform.o(.data)
    __stdout                                 0x20002218   Data           4  stdout.o(.data)
    fs_data$$Base                            0x2000221c   Number         0  fds.o(fs_data)
    fs_data$$Limit                           0x2000222c   Number         0  fds.o(fs_data)
    __initial_sp                             0x20003640   Data           0  arm_startup_nrf51.o(STACK)



==============================================================================

Memory Map of the image

  Image Entry point : 0x0001b0c1

  Load Region LR_IROM1 (Base: 0x0001b000, Size: 0x00008b44, Max: 0x00025000, ABSOLUTE, COMPRESSED[0x000089b0])

    Execution Region ER_IROM1 (Base: 0x0001b000, Size: 0x00008900, Max: 0x00025000, ABSOLUTE)

    Base Addr    Size         Type   Attr      Idx    E Section Name        Object

    0x0001b000   0x000000c0   Data   RO          714    RESET               arm_startup_nrf51.o
    0x0001b0c0   0x00000000   Code   RO         4651  * .ARM.Collect$$$$00000000  mc_p.l(entry.o)
    0x0001b0c0   0x00000004   Code   RO         4929    .ARM.Collect$$$$00000001  mc_p.l(entry2.o)
    0x0001b0c4   0x00000004   Code   RO         4932    .ARM.Collect$$$$00000004  mc_p.l(entry5.o)
    0x0001b0c8   0x00000000   Code   RO         4934    .ARM.Collect$$$$00000008  mc_p.l(entry7b.o)
    0x0001b0c8   0x00000000   Code   RO         4936    .ARM.Collect$$$$0000000A  mc_p.l(entry8b.o)
    0x0001b0c8   0x00000008   Code   RO         4937    .ARM.Collect$$$$0000000B  mc_p.l(entry9a.o)
    0x0001b0d0   0x00000000   Code   RO         4939    .ARM.Collect$$$$0000000D  mc_p.l(entry10a.o)
    0x0001b0d0   0x00000000   Code   RO         4941    .ARM.Collect$$$$0000000F  mc_p.l(entry11a.o)
    0x0001b0d0   0x00000004   Code   RO         4930    .ARM.Collect$$$$00002712  mc_p.l(entry2.o)
    0x0001b0d4   0x00000038   Code   RO          715    .text               arm_startup_nrf51.o
    0x0001b10c   0x0000002c   Code   RO         4654    .text               mc_p.l(uidiv.o)
    0x0001b138   0x00000024   Code   RO         4656    .text               mc_p.l(memcpya.o)
    0x0001b15c   0x00000024   Code   RO         4658    .text               mc_p.l(memseta.o)
    0x0001b180   0x0000000e   Code   RO         4660    .text               mc_p.l(strlen.o)
    0x0001b18e   0x0000001a   Code   RO         4662    .text               mc_p.l(memcmp.o)
    0x0001b1a8   0x00000024   Code   RO         4959    .text               mc_p.l(init.o)
    0x0001b1cc   0x00000000   Code   RO         4961    .text               mc_p.l(semi.o)
    0x0001b1cc   0x00000000   Code   RO         4968    .text               mc_p.l(iusesemip.o)
    0x0001b1cc   0x00000056   Code   RO         4981    .text               mc_p.l(__dczerorl2.o)
    0x0001b222   0x00000002   PAD
    0x0001b224   0x0000017c   Code   RO         2949    i.GPIOTE_IRQHandler  nrf_drv_gpiote.o
    0x0001b3a0   0x00000044   Code   RO         3542    i.NVIC_SetPriority  app_timer.o
    0x0001b3e4   0x00000054   Code   RO         2736    i.POWER_CLOCK_IRQHandler  nrf_drv_clock.o
    0x0001b438   0x00000020   Code   RO         3543    i.RTC1_IRQHandler   app_timer.o
    0x0001b458   0x00000008   Code   RO         3544    i.SWI0_IRQHandler   app_timer.o
    0x0001b460   0x0000003c   Code   RO         4489    i.SWI2_IRQHandler   softdevice_handler.o
    0x0001b49c   0x000000a0   Code   RO          722    i.SystemInit        system_nrf51.o
    0x0001b53c   0x00000014   Code   RO         3184    i.UART0_IRQHandler  nrf_drv_uart.o
    0x0001b550   0x00000020   Code   RO         4713    i.__0printf$1       mc_p.l(printf1.o)
    0x0001b570   0x0000001a   Code   RO          150    i.__ARM_common_switch8  main.o
    0x0001b58a   0x0000000e   Code   RO         4975    i.__scatterload_copy  mc_p.l(handlers.o)
    0x0001b598   0x00000002   Code   RO         4976    i.__scatterload_null  mc_p.l(handlers.o)
    0x0001b59a   0x0000000e   Code   RO         4977    i.__scatterload_zeroinit  mc_p.l(handlers.o)
    0x0001b5a8   0x0000001c   Code   RO         4490    i.__sd_nvic_app_accessible_irq  softdevice_handler.o
    0x0001b5c4   0x0000014c   Code   RO         4720    i._printf_core      mc_p.l(printf1.o)
    0x0001b710   0x00000028   Code   RO         1349    i.addr_compare      id_manager.o
    0x0001b738   0x0000018e   Code   RO          758    i.adv_data_encode   ble_advdata.o
    0x0001b8c6   0x00000002   PAD
    0x0001b8c8   0x00000068   Code   RO          834    i.adv_mode_next_avail_get  ble_advertising.o
    0x0001b930   0x00000060   Code   RO          635    i.advertising_buttons_configure  bsp_btn_ble.o
    0x0001b990   0x00000090   Code   RO            3    i.advertising_init  main.o
    0x0001ba20   0x000000c4   Code   RO            4    i.advertising_start  main.o
    0x0001bae4   0x0000004e   Code   RO         1351    i.ah                id_manager.o
    0x0001bb32   0x0000000a   Code   RO          524    i.alert_timer_handler  bsp.o
    0x0001bb3c   0x00000024   Code   RO         3382    i.app_button_enable  app_button.o
    0x0001bb60   0x00000074   Code   RO         3383    i.app_button_init   app_button.o
    0x0001bbd4   0x00000018   Code   RO         3475    i.app_error_fault_handler  app_error_weak.o
    0x0001bbec   0x00000018   Code   RO         3440    i.app_error_handler_bare  app_error.o
    0x0001bc04   0x0000009c   Code   RO         3498    i.app_sched_event_put  app_scheduler.o
    0x0001bca0   0x0000003c   Code   RO         3499    i.app_sched_execute  app_scheduler.o
    0x0001bcdc   0x0000002c   Code   RO         3500    i.app_sched_init    app_scheduler.o
    0x0001bd08   0x0000002c   Code   RO         3547    i.app_timer_create  app_timer.o
    0x0001bd34   0x00000016   Code   RO         3680    i.app_timer_evt_get  app_timer_appsh.o
    0x0001bd4a   0x00000002   PAD
    0x0001bd4c   0x00000018   Code   RO         3681    i.app_timer_evt_schedule  app_timer_appsh.o
    0x0001bd64   0x00000074   Code   RO         3548    i.app_timer_init    app_timer.o
    0x0001bdd8   0x00000088   Code   RO         3549    i.app_timer_start   app_timer.o
    0x0001be60   0x00000028   Code   RO         3550    i.app_timer_stop    app_timer.o
    0x0001be88   0x0000003c   Code   RO         3705    i.app_util_critical_region_enter  app_util_platform.o
    0x0001bec4   0x0000002c   Code   RO         3706    i.app_util_critical_region_exit  app_util_platform.o
    0x0001bef0   0x000000a0   Code   RO         2313    i.auth_status_success_process  security_dispatcher.o
    0x0001bf90   0x0000006c   Code   RO            6    i.bas_init          main.o
    0x0001bffc   0x00000130   Code   RO         2537    i.battery_level_char_add  ble_bas.o
    0x0001c12c   0x00000040   Code   RO            7    i.battery_level_meas_timeout_handler  main.o
    0x0001c16c   0x00000068   Code   RO          759    i.ble_advdata_set   ble_advdata.o
    0x0001c1d4   0x00000008   Code   RO            8    i.ble_advertising_error_handler  main.o
    0x0001c1dc   0x0000015c   Code   RO          835    i.ble_advertising_init  ble_advertising.o
    0x0001c338   0x00000058   Code   RO          836    i.ble_advertising_on_ble_evt  ble_advertising.o
    0x0001c390   0x00000030   Code   RO          837    i.ble_advertising_on_sys_evt  ble_advertising.o
    0x0001c3c0   0x00000028   Code   RO          838    i.ble_advertising_peer_addr_reply  ble_advertising.o
    0x0001c3e8   0x0000003c   Code   RO          839    i.ble_advertising_restart_without_whitelist  ble_advertising.o
    0x0001c424   0x00000108   Code   RO          840    i.ble_advertising_start  ble_advertising.o
    0x0001c52c   0x00000064   Code   RO          841    i.ble_advertising_whitelist_reply  ble_advertising.o
    0x0001c590   0x00000074   Code   RO         2538    i.ble_bas_battery_level_update  ble_bas.o
    0x0001c604   0x00000048   Code   RO         2539    i.ble_bas_init      ble_bas.o
    0x0001c64c   0x00000060   Code   RO         2540    i.ble_bas_on_ble_evt  ble_bas.o
    0x0001c6ac   0x00000054   Code   RO          919    i.ble_conn_params_init  ble_conn_params.o
    0x0001c700   0x00000090   Code   RO          920    i.ble_conn_params_on_ble_evt  ble_conn_params.o
    0x0001c790   0x00000014   Code   RO          985    i.ble_conn_state_conn_handles  ble_conn_state.o
    0x0001c7a4   0x00000014   Code   RO          986    i.ble_conn_state_encrypted  ble_conn_state.o
    0x0001c7b8   0x00000014   Code   RO          988    i.ble_conn_state_mitm_protected  ble_conn_state.o
    0x0001c7cc   0x000000f4   Code   RO          992    i.ble_conn_state_on_ble_evt  ble_conn_state.o
    0x0001c8c0   0x00000034   Code   RO          994    i.ble_conn_state_role  ble_conn_state.o
    0x0001c8f4   0x00000030   Code   RO          996    i.ble_conn_state_user_flag_acquire  ble_conn_state.o
    0x0001c924   0x00000018   Code   RO          997    i.ble_conn_state_user_flag_collection  ble_conn_state.o
    0x0001c93c   0x00000024   Code   RO          998    i.ble_conn_state_user_flag_get  ble_conn_state.o
    0x0001c960   0x00000028   Code   RO          999    i.ble_conn_state_user_flag_set  ble_conn_state.o
    0x0001c988   0x0000005e   Code   RO          760    i.ble_device_addr_encode  ble_advdata.o
    0x0001c9e6   0x00000002   PAD
    0x0001c9e8   0x00000140   Code   RO         2574    i.ble_dis_init      ble_dis.o
    0x0001cb28   0x00000040   Code   RO            9    i.ble_evt_dispatch  main.o
    0x0001cb68   0x0000007c   Code   RO         2612    i.ble_hids_boot_mouse_inp_rep_send  ble_hids.o
    0x0001cbe4   0x00000130   Code   RO         2613    i.ble_hids_init     ble_hids.o
    0x0001cd14   0x00000060   Code   RO         2614    i.ble_hids_inp_rep_send  ble_hids.o
    0x0001cd74   0x0000009a   Code   RO         2615    i.ble_hids_on_ble_evt  ble_hids.o
    0x0001ce0e   0x00000012   Code   RO         1112    i.ble_srv_ascii_to_utf8  ble_srv_common.o
    0x0001ce20   0x0000000e   Code   RO         1114    i.ble_srv_is_notification_enabled  ble_srv_common.o
    0x0001ce2e   0x0000000c   Code   RO         1115    i.ble_srv_report_ref_encode  ble_srv_common.o
    0x0001ce3a   0x00000002   PAD
    0x0001ce3c   0x000000d0   Code   RO           10    i.ble_stack_init    main.o
    0x0001cf0c   0x000000ae   Code   RO         2617    i.boot_inp_rep_char_add  ble_hids.o
    0x0001cfba   0x00000002   PAD
    0x0001cfbc   0x00000088   Code   RO         2618    i.boot_kb_outp_rep_char_add  ble_hids.o
    0x0001d044   0x0000000c   Code   RO          409    i.bsp_board_button_idx_to_pin  boards.o
    0x0001d050   0x00000020   Code   RO          410    i.bsp_board_button_state_get  boards.o
    0x0001d070   0x00000020   Code   RO          413    i.bsp_board_led_invert  boards.o
    0x0001d090   0x00000014   Code   RO          414    i.bsp_board_led_off  boards.o
    0x0001d0a4   0x00000014   Code   RO          415    i.bsp_board_led_on  boards.o
    0x0001d0b8   0x00000020   Code   RO          416    i.bsp_board_led_state_get  boards.o
    0x0001d0d8   0x00000028   Code   RO          417    i.bsp_board_leds_init  boards.o
    0x0001d100   0x00000012   Code   RO          418    i.bsp_board_leds_off  boards.o
    0x0001d112   0x00000012   Code   RO          419    i.bsp_board_leds_on  boards.o
    0x0001d124   0x00000024   Code   RO          420    i.bsp_board_pin_to_button_idx  boards.o
    0x0001d148   0x00000060   Code   RO          636    i.bsp_btn_ble_init  bsp_btn_ble.o
    0x0001d1a8   0x00000048   Code   RO          637    i.bsp_btn_ble_on_ble_evt  bsp_btn_ble.o
    0x0001d1f0   0x00000022   Code   RO          638    i.bsp_btn_ble_sleep_mode_prepare  bsp_btn_ble.o
    0x0001d212   0x00000002   PAD
    0x0001d214   0x00000094   Code   RO          525    i.bsp_button_event_handler  bsp.o
    0x0001d2a8   0x00000008   Code   RO          526    i.bsp_button_is_pressed  bsp.o
    0x0001d2b0   0x00000098   Code   RO           11    i.bsp_event_handler  main.o
    0x0001d348   0x00000048   Code   RO          529    i.bsp_event_to_button_action_assign  bsp.o
    0x0001d390   0x0000001c   Code   RO          530    i.bsp_indication_set  bsp.o
    0x0001d3ac   0x000000a0   Code   RO          531    i.bsp_init          bsp.o
    0x0001d44c   0x00000180   Code   RO          532    i.bsp_led_indication  bsp.o
    0x0001d5cc   0x00000010   Code   RO          534    i.bsp_wakeup_button_enable  bsp.o
    0x0001d5dc   0x0000000c   Code   RO          535    i.button_timer_handler  bsp.o
    0x0001d5e8   0x0000006c   Code   RO           12    i.buttons_leds_init  main.o
    0x0001d654   0x0000001c   Code   RO         2950    i.channel_free      nrf_drv_gpiote.o
    0x0001d670   0x00000048   Code   RO         2951    i.channel_port_alloc  nrf_drv_gpiote.o
    0x0001d6b8   0x00000010   Code   RO         2952    i.channel_port_get  nrf_drv_gpiote.o
    0x0001d6c8   0x00000094   Code   RO         2575    i.char_add          ble_dis.o
    0x0001d75c   0x00000020   Code   RO         4077    i.check_config      fstorage.o
    0x0001d77c   0x00000018   Code   RO         3775    i.chunk_queue_next  fds.o
    0x0001d794   0x0000003c   Code   RO         1880    i.claim             peer_id.o
    0x0001d7d0   0x00000028   Code   RO         2737    i.clock_clk_started_notify  nrf_drv_clock.o
    0x0001d7f8   0x000000a8   Code   RO         3552    i.compare_reg_update  app_timer.o
    0x0001d8a0   0x00000088   Code   RO          761    i.conn_int_encode   ble_advdata.o
    0x0001d928   0x00000008   Code   RO           13    i.conn_params_error_handler  main.o
    0x0001d930   0x00000068   Code   RO          922    i.conn_params_negotiation  ble_conn_params.o
    0x0001d998   0x00000060   Code   RO          639    i.connection_buttons_configure  bsp_btn_ble.o
    0x0001d9f8   0x0000008c   Code   RO         3776    i.delete_execute    fds.o
    0x0001da84   0x00000060   Code   RO         3385    i.detection_delay_timeout_handler  app_button.o
    0x0001dae4   0x00000088   Code   RO           14    i.dis_init          main.o
    0x0001db6c   0x00000040   Code   RO         3553    i.elapsed_ticks_acquire  app_timer.o
    0x0001dbac   0x00000030   Code   RO         2314    i.encryption_failure  security_dispatcher.o
    0x0001dbdc   0x0000006a   Code   RO         3777    i.event_prepare     fds.o
    0x0001dc46   0x00000002   PAD
    0x0001dc48   0x00000020   Code   RO         3778    i.event_send        fds.o
    0x0001dc68   0x00000032   Code   RO         2421    i.events_send_from_err_code  security_manager.o
    0x0001dc9a   0x00000002   PAD
    0x0001dc9c   0x0000000c   Code   RO         1167    i.evt_send          gatt_cache_manager.o
    0x0001dca8   0x0000001c   Code   RO         1352    i.evt_send          id_manager.o
    0x0001dcc4   0x00000028   Code   RO         1966    i.evt_send          peer_manager.o
    0x0001dcec   0x0000001c   Code   RO         2315    i.evt_send          security_dispatcher.o
    0x0001dd08   0x0000000c   Code   RO         2422    i.evt_send          security_manager.o
    0x0001dd14   0x0000011c   Code   RO         1572    i.fds_evt_handler   peer_data_storage.o
    0x0001de30   0x0000004c   Code   RO         3780    i.fds_file_delete   fds.o
    0x0001de7c   0x00000048   Code   RO         3781    i.fds_gc            fds.o
    0x0001dec4   0x00000088   Code   RO         3782    i.fds_init          fds.o
    0x0001df4c   0x00000040   Code   RO         3783    i.fds_record_close  fds.o
    0x0001df8c   0x0000000e   Code   RO         3785    i.fds_record_find   fds.o
    0x0001df9a   0x00000010   Code   RO         3786    i.fds_record_find_by_key  fds.o
    0x0001dfaa   0x00000010   Code   RO         3787    i.fds_record_find_in_file  fds.o
    0x0001dfba   0x00000014   Code   RO         3788    i.fds_record_id_from_desc  fds.o
    0x0001dfce   0x00000002   PAD
    0x0001dfd0   0x00000044   Code   RO         3790    i.fds_record_open   fds.o
    0x0001e014   0x00000014   Code   RO         3791    i.fds_record_update  fds.o
    0x0001e028   0x0000000c   Code   RO         3792    i.fds_record_write  fds.o
    0x0001e034   0x00000012   Code   RO         3793    i.fds_record_write_reserved  fds.o
    0x0001e046   0x00000002   PAD
    0x0001e048   0x00000024   Code   RO         3794    i.fds_register      fds.o
    0x0001e06c   0x00000034   Code   RO         3795    i.fds_reserve       fds.o
    0x0001e0a0   0x00000048   Code   RO         3796    i.fds_reserve_cancel  fds.o
    0x0001e0e8   0x00000062   Code   RO         2619    i.feature_rep_characteristics_add  ble_hids.o
    0x0001e14a   0x0000000a   Code   RO         1573    i.file_id_to_peer_id  peer_data_storage.o
    0x0001e154   0x00000018   Code   RO         1574    i.file_id_within_pm_range  peer_data_storage.o
    0x0001e16c   0x00000010   Code   RO         3798    i.flag_clear        fds.o
    0x0001e17c   0x00000012   Code   RO         2316    i.flag_id_init      security_dispatcher.o
    0x0001e18e   0x00000012   Code   RO         2423    i.flag_id_init      security_manager.o
    0x0001e1a0   0x00000010   Code   RO         3799    i.flag_set          fds.o
    0x0001e1b0   0x0000005c   Code   RO         2424    i.flags_set_from_err_code  security_manager.o
    0x0001e20c   0x00000012   Code   RO         4943    i.fputc             mc_p.l(fputc.o)
    0x0001e21e   0x00000002   PAD
    0x0001e220   0x0000007c   Code   RO         4078    i.fs_erase          fstorage.o
    0x0001e29c   0x0000000a   Code   RO         3800    i.fs_event_handler  fds.o
    0x0001e2a6   0x00000002   PAD
    0x0001e2a8   0x000000ac   Code   RO         4080    i.fs_init           fstorage.o
    0x0001e354   0x00000018   Code   RO         4083    i.fs_queued_op_count_get  fstorage.o
    0x0001e36c   0x00000084   Code   RO         4084    i.fs_store          fstorage.o
    0x0001e3f0   0x00000068   Code   RO         4085    i.fs_sys_event_handler  fstorage.o
    0x0001e458   0x0000009c   Code   RO           15    i.gap_params_init   main.o
    0x0001e4f4   0x00000068   Code   RO         3801    i.gc_execute        fds.o
    0x0001e55c   0x0000004c   Code   RO         3802    i.gc_next_page      fds.o
    0x0001e5a8   0x0000004c   Code   RO         3803    i.gc_page_erase     fds.o
    0x0001e5f4   0x00000034   Code   RO         3804    i.gc_record_copy    fds.o
    0x0001e628   0x00000020   Code   RO         3805    i.gc_record_find_next  fds.o
    0x0001e648   0x00000080   Code   RO         3806    i.gc_state_advance  fds.o
    0x0001e6c8   0x000000f0   Code   RO         1168    i.gcm_ble_evt_handler  gatt_cache_manager.o
    0x0001e7b8   0x00000068   Code   RO         1169    i.gcm_gscm_evt_handler  gatt_cache_manager.o
    0x0001e820   0x0000002c   Code   RO         1170    i.gcm_im_evt_handler  gatt_cache_manager.o
    0x0001e84c   0x00000048   Code   RO         1171    i.gcm_init          gatt_cache_manager.o
    0x0001e894   0x0000004c   Code   RO         1172    i.gcm_local_database_has_changed  gatt_cache_manager.o
    0x0001e8e0   0x00000010   Code   RO         1175    i.gcm_smd_evt_handler  gatt_cache_manager.o
    0x0001e8f0   0x00000038   Code   RO         1353    i.get_connection_by_conn_handle  id_manager.o
    0x0001e928   0x00000030   Code   RO         1354    i.get_free_connection  id_manager.o
    0x0001e958   0x00000054   Code   RO         3386    i.gpiote_event_handler  app_button.o
    0x0001e9ac   0x0000001c   Code   RO         1271    i.gscm_db_change_notification_done  gatts_cache_manager.o
    0x0001e9c8   0x00000014   Code   RO         1272    i.gscm_init         gatts_cache_manager.o
    0x0001e9dc   0x0000001c   Code   RO         1273    i.gscm_local_database_has_changed  gatts_cache_manager.o
    0x0001e9f8   0x0000006c   Code   RO         1274    i.gscm_local_db_cache_apply  gatts_cache_manager.o
    0x0001ea64   0x00000084   Code   RO         1276    i.gscm_local_db_cache_update  gatts_cache_manager.o
    0x0001eae8   0x00000050   Code   RO         1277    i.gscm_pdb_evt_handler  gatts_cache_manager.o
    0x0001eb38   0x0000001c   Code   RO         1278    i.gscm_service_changed_ind_needed  gatts_cache_manager.o
    0x0001eb54   0x0000002c   Code   RO         1279    i.gscm_service_changed_ind_send  gatts_cache_manager.o
    0x0001eb80   0x0000001c   Code   RO         3807    i.header_is_valid   fds.o
    0x0001eb9c   0x00000088   Code   RO         2620    i.hid_control_point_char_add  ble_hids.o
    0x0001ec24   0x0000009c   Code   RO         2621    i.hid_information_char_add  ble_hids.o
    0x0001ecc0   0x0000010c   Code   RO           16    i.hids_init         main.o
    0x0001edcc   0x00000040   Code   RO         1355    i.im_address_resolve  id_manager.o
    0x0001ee0c   0x0000002c   Code   RO         1356    i.im_ble_addr_get   id_manager.o
    0x0001ee38   0x000000a8   Code   RO         1357    i.im_ble_evt_handler  id_manager.o
    0x0001eee0   0x0000002c   Code   RO         1358    i.im_conn_handle_get  id_manager.o
    0x0001ef0c   0x00000004   Code   RO         1359    i.im_device_identities_list_set  id_manager.o
    0x0001ef10   0x00000048   Code   RO         1362    i.im_init           id_manager.o
    0x0001ef58   0x00000038   Code   RO         1363    i.im_is_duplicate_bonding_data  id_manager.o
    0x0001ef90   0x0000001c   Code   RO         1364    i.im_master_id_is_valid  id_manager.o
    0x0001efac   0x0000002c   Code   RO         1365    i.im_master_ids_compare  id_manager.o
    0x0001efd8   0x00000008   Code   RO         1366    i.im_new_peer_id    id_manager.o
    0x0001efe0   0x0000006e   Code   RO         1367    i.im_pdb_evt_handler  id_manager.o
    0x0001f04e   0x00000002   PAD
    0x0001f050   0x0000002c   Code   RO         1368    i.im_peer_free      id_manager.o
    0x0001f07c   0x00000020   Code   RO         1369    i.im_peer_id_get_by_conn_handle  id_manager.o
    0x0001f09c   0x00000044   Code   RO         1370    i.im_peer_id_get_by_master_id  id_manager.o
    0x0001f0e0   0x00000038   Code   RO         1373    i.im_whitelist_get  id_manager.o
    0x0001f118   0x00000038   Code   RO         1374    i.im_whitelist_set  id_manager.o
    0x0001f150   0x000000c0   Code   RO         3808    i.init_execute      fds.o
    0x0001f210   0x0000007a   Code   RO         2622    i.inp_rep_characteristics_add  ble_hids.o
    0x0001f28a   0x00000002   PAD
    0x0001f28c   0x00000080   Code   RO         4491    i.intern_softdevice_events_execute  softdevice_handler.o
    0x0001f30c   0x0000001c   Code   RO          923    i.is_conn_params_ok  ble_conn_params.o
    0x0001f328   0x00000048   Code   RO          723    i.is_manual_peripheral_setup_needed  system_nrf51.o
    0x0001f370   0x00000016   Code   RO         1375    i.is_valid_irk      id_manager.o
    0x0001f386   0x0000000c   Code   RO         3809    i.is_word_aligned   fds.o
    0x0001f392   0x00000002   PAD
    0x0001f394   0x00000018   Code   RO          536    i.leds_timer_handler  bsp.o
    0x0001f3ac   0x0000009c   Code   RO         2425    i.link_secure       security_manager.o
    0x0001f448   0x00000088   Code   RO         2317    i.link_secure_central  security_dispatcher.o
    0x0001f4d0   0x000000c8   Code   RO         2318    i.link_secure_central_existing_peer  security_dispatcher.o
    0x0001f598   0x00000074   Code   RO         2319    i.link_secure_central_new_peer  security_dispatcher.o
    0x0001f60c   0x00000050   Code   RO         2320    i.link_secure_failure  security_dispatcher.o
    0x0001f65c   0x0000005c   Code   RO         2426    i.link_secure_pending_process  security_manager.o
    0x0001f6b8   0x000000ac   Code   RO         3554    i.list_deletions_handler  app_timer.o
    0x0001f764   0x000000bc   Code   RO         3555    i.list_insertions_handler  app_timer.o
    0x0001f820   0x00000078   Code   RO         1176    i.local_db_apply_in_evt  gatt_cache_manager.o
    0x0001f898   0x00000078   Code   RO         1177    i.local_db_update_in_evt  gatt_cache_manager.o
    0x0001f910   0x00000034   Code   RO         2264    i.lock_by_mask      pm_mutex.o
    0x0001f944   0x00000118   Code   RO           17    i.main              main.o
    0x0001fa5c   0x00000012   Code   RO         2623    i.make_char_id      ble_hids.o
    0x0001fa6e   0x00000068   Code   RO          762    i.manuf_specific_data_encode  ble_advdata.o
    0x0001fad6   0x00000002   PAD
    0x0001fad8   0x00000084   Code   RO           18    i.mouse_movement_send  main.o
    0x0001fb5c   0x0000009e   Code   RO          763    i.name_encode       ble_advdata.o
    0x0001fbfa   0x00000002   PAD
    0x0001fbfc   0x0000005c   Code   RO         1376    i.new_connection    id_manager.o
    0x0001fc58   0x00000034   Code   RO         1881    i.next_id_get       peer_id.o
    0x0001fc8c   0x00000010   Code   RO         2953    i.nrf_bitmask_bit_is_set  nrf_drv_gpiote.o
    0x0001fc9c   0x00000010   Code   RO         2741    i.nrf_clock_event_check  nrf_drv_clock.o
    0x0001fcac   0x0000000c   Code   RO         2742    i.nrf_clock_event_clear  nrf_drv_clock.o
    0x0001fcb8   0x00000034   Code   RO           19    i.nrf_delay_ms      main.o
    0x0001fcec   0x00000034   Code   RO         4492    i.nrf_delay_ms      softdevice_handler.o
    0x0001fd20   0x00000030   Code   RO         3556    i.nrf_delay_us      app_timer.o
    0x0001fd50   0x00000048   Code   RO         2750    i.nrf_drv_clock_init  nrf_drv_clock.o
    0x0001fd98   0x00000034   Code   RO         2757    i.nrf_drv_clock_on_sd_enable  nrf_drv_clock.o
    0x0001fdcc   0x0000000c   Code   RO         2758    i.nrf_drv_clock_on_soc_event  nrf_drv_clock.o
    0x0001fdd8   0x00000060   Code   RO         2908    i.nrf_drv_common_irq_enable  nrf_drv_common.o
    0x0001fe38   0x00000090   Code   RO         2956    i.nrf_drv_gpiote_in_event_enable  nrf_drv_gpiote.o
    0x0001fec8   0x000000a0   Code   RO         2957    i.nrf_drv_gpiote_in_init  nrf_drv_gpiote.o
    0x0001ff68   0x0000000e   Code   RO         2958    i.nrf_drv_gpiote_in_is_set  nrf_drv_gpiote.o
    0x0001ff76   0x00000002   PAD
    0x0001ff78   0x0000005c   Code   RO         2960    i.nrf_drv_gpiote_init  nrf_drv_gpiote.o
    0x0001ffd4   0x00000010   Code   RO         2961    i.nrf_drv_gpiote_is_init  nrf_drv_gpiote.o
    0x0001ffe4   0x00000028   Code   RO          422    i.nrf_gpio_cfg      boards.o
    0x0002000c   0x00000028   Code   RO         2973    i.nrf_gpio_cfg      nrf_drv_gpiote.o
    0x00020034   0x00000022   Code   RO          537    i.nrf_gpio_cfg_sense_set  bsp.o
    0x00020056   0x00000022   Code   RO         2975    i.nrf_gpio_cfg_sense_set  nrf_drv_gpiote.o
    0x00020078   0x00000010   Code   RO         2977    i.nrf_gpio_pin_read  nrf_drv_gpiote.o
    0x00020088   0x00000018   Code   RO          423    i.nrf_gpio_pin_write  boards.o
    0x000200a0   0x00000028   Code   RO         2979    i.nrf_gpio_ports_read  nrf_drv_gpiote.o
    0x000200c8   0x00000010   Code   RO         2980    i.nrf_gpiote_event_clear  nrf_drv_gpiote.o
    0x000200d8   0x00000014   Code   RO         2981    i.nrf_gpiote_event_is_set  nrf_drv_gpiote.o
    0x000200ec   0x0000000c   Code   RO         3203    i.nrf_uart_errorsrc_get_and_clear  nrf_drv_uart.o
    0x000200f8   0x0000000a   Code   RO         3204    i.nrf_uart_event_check  nrf_drv_uart.o
    0x00020102   0x00000010   Code   RO         3206    i.nrf_uart_int_enable_check  nrf_drv_uart.o
    0x00020112   0x00000002   PAD
    0x00020114   0x00000110   Code   RO           20    i.on_adv_evt        main.o
    0x00020224   0x0000013c   Code   RO           21    i.on_ble_evt        main.o
    0x00020360   0x00000020   Code   RO           22    i.on_hids_evt       main.o
    0x00020380   0x00000054   Code   RO         4086    i.on_operation_success  fstorage.o
    0x000203d4   0x00000040   Code   RO         2624    i.on_report_cccd_write  ble_hids.o
    0x00020414   0x0000002e   Code   RO         2625    i.on_report_value_write  ble_hids.o
    0x00020442   0x00000002   PAD
    0x00020444   0x00000114   Code   RO         2626    i.on_write          ble_hids.o
    0x00020558   0x00000078   Code   RO         3810    i.op_enqueue        fds.o
    0x000205d0   0x00000062   Code   RO         2627    i.outp_rep_characteristics_add  ble_hids.o
    0x00020632   0x00000012   Code   RO         3811    i.page_offsets_update  fds.o
    0x00020644   0x00000058   Code   RO         3812    i.page_scan         fds.o
    0x0002069c   0x0000001c   Code   RO         3813    i.page_tag_write_data  fds.o
    0x000206b8   0x00000024   Code   RO         3814    i.page_tag_write_swap  fds.o
    0x000206dc   0x000000f0   Code   RO         3815    i.pages_init        fds.o
    0x000207cc   0x00000070   Code   RO         2321    i.pairing_failure   security_dispatcher.o
    0x0002083c   0x0000003c   Code   RO         2427    i.params_reply_pending_process  security_manager.o
    0x00020878   0x0000001c   Code   RO         1727    i.pdb_evt_send      peer_database.o
    0x00020894   0x0000004c   Code   RO         1728    i.pdb_init          peer_database.o
    0x000208e0   0x00000008   Code   RO         1730    i.pdb_next_deleted_peer_id_get  peer_database.o
    0x000208e8   0x00000008   Code   RO         1731    i.pdb_next_peer_id_get  peer_database.o
    0x000208f0   0x00000134   Code   RO         1732    i.pdb_pds_evt_handler  peer_database.o
    0x00020a24   0x00000008   Code   RO         1733    i.pdb_peer_allocate  peer_database.o
    0x00020a2c   0x00000010   Code   RO         1734    i.pdb_peer_data_load  peer_database.o
    0x00020a3c   0x0000000a   Code   RO         1735    i.pdb_peer_data_ptr_get  peer_database.o
    0x00020a46   0x0000004a   Code   RO         1736    i.pdb_peer_free     peer_database.o
    0x00020a90   0x0000000c   Code   RO         1737    i.pdb_raw_store     peer_database.o
    0x00020a9c   0x00000108   Code   RO         1738    i.pdb_write_buf_get  peer_database.o
    0x00020ba4   0x0000002a   Code   RO         1739    i.pdb_write_buf_release  peer_database.o
    0x00020bce   0x00000002   PAD
    0x00020bd0   0x000000c8   Code   RO         1740    i.pdb_write_buf_store  peer_database.o
    0x00020c98   0x00000068   Code   RO         1741    i.pdb_write_buf_store_prepare  peer_database.o
    0x00020d00   0x0000000c   Code   RO         1575    i.pds_evt_send      peer_data_storage.o
    0x00020d0c   0x00000070   Code   RO         1576    i.pds_init          peer_data_storage.o
    0x00020d7c   0x00000008   Code   RO         1577    i.pds_next_deleted_peer_id_get  peer_data_storage.o
    0x00020d84   0x00000008   Code   RO         1578    i.pds_next_peer_id_get  peer_data_storage.o
    0x00020d8c   0x00000054   Code   RO         1581    i.pds_peer_data_iterate  peer_data_storage.o
    0x00020de0   0x00000010   Code   RO         1582    i.pds_peer_data_iterate_prepare  peer_data_storage.o
    0x00020df0   0x00000070   Code   RO         1583    i.pds_peer_data_read  peer_data_storage.o
    0x00020e60   0x000000ae   Code   RO         1584    i.pds_peer_data_store  peer_data_storage.o
    0x00020f0e   0x00000002   PAD
    0x00020f10   0x00000010   Code   RO         1585    i.pds_peer_id_allocate  peer_data_storage.o
    0x00020f20   0x00000016   Code   RO         1586    i.pds_peer_id_free  peer_data_storage.o
    0x00020f36   0x00000008   Code   RO         1587    i.pds_peer_id_is_allocated  peer_data_storage.o
    0x00020f3e   0x00000030   Code   RO         1588    i.pds_space_reserve  peer_data_storage.o
    0x00020f6e   0x00000010   Code   RO         1589    i.pds_space_reserve_cancel  peer_data_storage.o
    0x00020f7e   0x0000000a   Code   RO         1742    i.peer_data_const_point_to_buffer  peer_database.o
    0x00020f88   0x00000080   Code   RO         1590    i.peer_data_delete  peer_data_storage.o
    0x00021008   0x00000030   Code   RO         1591    i.peer_data_find    peer_data_storage.o
    0x00021038   0x00000020   Code   RO         1592    i.peer_data_id_is_valid  peer_data_storage.o
    0x00021058   0x00000014   Code   RO         1743    i.peer_data_point_to_buffer  peer_database.o
    0x0002106c   0x00000010   Code   RO         1882    i.peer_id_allocate  peer_id.o
    0x0002107c   0x00000028   Code   RO         1883    i.peer_id_delete    peer_id.o
    0x000210a4   0x0000001c   Code   RO         1884    i.peer_id_free      peer_id.o
    0x000210c0   0x00000010   Code   RO         1885    i.peer_id_get_next_deleted  peer_id.o
    0x000210d0   0x00000034   Code   RO         1886    i.peer_id_get_next_used  peer_id.o
    0x00021104   0x00000028   Code   RO         1887    i.peer_id_init      peer_id.o
    0x0002112c   0x00000018   Code   RO         1888    i.peer_id_is_allocated  peer_id.o
    0x00021144   0x00000018   Code   RO         1889    i.peer_id_is_deleted  peer_id.o
    0x0002115c   0x0000001c   Code   RO         1377    i.peer_id_set       id_manager.o
    0x00021178   0x0000000a   Code   RO         1593    i.peer_id_to_file_id  peer_data_storage.o
    0x00021182   0x00000002   PAD
    0x00021184   0x000000c4   Code   RO           23    i.peer_manager_init  main.o
    0x00021248   0x000000b8   Code   RO         1378    i.peers_id_keys_get  id_manager.o
    0x00021300   0x00000014   Code   RO         2982    i.pin_in_use_by_gpiote  nrf_drv_gpiote.o
    0x00021314   0x00000018   Code   RO         2983    i.pin_in_use_by_port  nrf_drv_gpiote.o
    0x0002132c   0x00000018   Code   RO         2984    i.pin_in_use_by_te  nrf_drv_gpiote.o
    0x00021344   0x0000005e   Code   RO         2226    i.pm_buffer_block_acquire  pm_buffer.o
    0x000213a2   0x00000044   Code   RO         2227    i.pm_buffer_init    pm_buffer.o
    0x000213e6   0x0000002e   Code   RO         2228    i.pm_buffer_ptr_get  pm_buffer.o
    0x00021414   0x0000002a   Code   RO         2229    i.pm_buffer_release  pm_buffer.o
    0x0002143e   0x00000008   Code   RO         1968    i.pm_conn_sec_config_reply  peer_manager.o
    0x00021446   0x00000002   PAD
    0x00021448   0x00000018   Code   RO         1971    i.pm_device_identities_list_set  peer_manager.o
    0x00021460   0x000000a0   Code   RO           24    i.pm_evt_handler    main.o
    0x00021500   0x00000080   Code   RO         1972    i.pm_gcm_evt_handler  peer_manager.o
    0x00021580   0x00000050   Code   RO         1975    i.pm_im_evt_handler  peer_manager.o
    0x000215d0   0x00000070   Code   RO         1976    i.pm_init           peer_manager.o
    0x00021640   0x00000014   Code   RO         1978    i.pm_local_database_has_changed  peer_manager.o
    0x00021654   0x00000010   Code   RO         2265    i.pm_mutex_init     pm_mutex.o
    0x00021664   0x0000001c   Code   RO         2266    i.pm_mutex_lock     pm_mutex.o
    0x00021680   0x00000034   Code   RO         2267    i.pm_mutex_lock_first_available  pm_mutex.o
    0x000216b4   0x00000018   Code   RO         2268    i.pm_mutex_lock_status_get  pm_mutex.o
    0x000216cc   0x00000036   Code   RO         2269    i.pm_mutex_unlock   pm_mutex.o
    0x00021702   0x00000002   PAD
    0x00021704   0x0000001c   Code   RO         1979    i.pm_next_peer_id_get  peer_manager.o
    0x00021720   0x00000024   Code   RO         1980    i.pm_on_ble_evt     peer_manager.o
    0x00021744   0x0000013c   Code   RO         1981    i.pm_pdb_evt_handler  peer_manager.o
    0x00021880   0x00000012   Code   RO         1985    i.pm_peer_data_bonding_load  peer_manager.o
    0x00021892   0x00000002   PAD
    0x00021894   0x00000060   Code   RO         1988    i.pm_peer_data_load  peer_manager.o
    0x000218f4   0x00000018   Code   RO         1992    i.pm_peer_delete    peer_manager.o
    0x0002190c   0x0000003c   Code   RO         1997    i.pm_peers_delete   peer_manager.o
    0x00021948   0x00000030   Code   RO         2000    i.pm_register       peer_manager.o
    0x00021978   0x00000018   Code   RO         2002    i.pm_sec_params_set  peer_manager.o
    0x00021990   0x0000014c   Code   RO         2003    i.pm_sm_evt_handler  peer_manager.o
    0x00021adc   0x00000034   Code   RO         2004    i.pm_whitelist_get  peer_manager.o
    0x00021b10   0x00000018   Code   RO         2005    i.pm_whitelist_set  peer_manager.o
    0x00021b28   0x00000036   Code   RO         2576    i.pnp_id_encode     ble_dis.o
    0x00021b5e   0x00000002   PAD
    0x00021b60   0x00000084   Code   RO         2628    i.protocol_mode_char_add  ble_hids.o
    0x00021be4   0x0000002c   Code   RO         4087    i.queue_advance     fstorage.o
    0x00021c10   0x00000038   Code   RO         4088    i.queue_get_next_free  fstorage.o
    0x00021c48   0x000000b8   Code   RO         3816    i.queue_process     fds.o
    0x00021d00   0x0000006c   Code   RO         4089    i.queue_process     fstorage.o
    0x00021d6c   0x0000001c   Code   RO         3817    i.queue_start       fds.o
    0x00021d88   0x0000001c   Code   RO         4090    i.queue_start       fstorage.o
    0x00021da4   0x00000084   Code   RO         3818    i.record_find       fds.o
    0x00021e28   0x000000a0   Code   RO         3819    i.record_find_by_desc  fds.o
    0x00021ec8   0x00000054   Code   RO         3820    i.record_find_next  fds.o
    0x00021f1c   0x00000038   Code   RO         3821    i.record_header_flag_dirty  fds.o
    0x00021f54   0x0000000a   Code   RO         1594    i.record_key_to_peer_data_id  peer_data_storage.o
    0x00021f5e   0x00000002   PAD
    0x00021f60   0x00000018   Code   RO         1595    i.record_key_within_pm_range  peer_data_storage.o
    0x00021f78   0x0000005c   Code   RO         3822    i.record_write_chunk  fds.o
    0x00021fd4   0x00000012   Code   RO         1891    i.release           peer_id.o
    0x00021fe6   0x00000002   PAD
    0x00021fe8   0x00000114   Code   RO         2629    i.rep_char_add      ble_hids.o
    0x000220fc   0x00000130   Code   RO         2630    i.rep_map_char_add  ble_hids.o
    0x0002222c   0x00000088   Code   RO         2631    i.rep_value_identify  ble_hids.o
    0x000222b4   0x00000044   Code   RO         3557    i.rtc1_stop         app_timer.o
    0x000222f8   0x00000026   Code   RO         3208    i.rx_byte           nrf_drv_uart.o
    0x0002231e   0x00000014   Code   RO         3209    i.rx_done_event     nrf_drv_uart.o
    0x00022332   0x00000002   PAD
    0x00022334   0x00000084   Code   RO         4494    i.sd_nvic_EnableIRQ  softdevice_handler.o
    0x000223b8   0x00000046   Code   RO         4221    i.sdk_mapped_flags_bulk_update_by_key  sdk_mapped_flags.o
    0x000223fe   0x00000002   PAD
    0x00022400   0x00000028   Code   RO         4222    i.sdk_mapped_flags_first_key_index_get  sdk_mapped_flags.o
    0x00022428   0x00000010   Code   RO         4223    i.sdk_mapped_flags_get_by_index  sdk_mapped_flags.o
    0x00022438   0x00000026   Code   RO         4224    i.sdk_mapped_flags_get_by_key  sdk_mapped_flags.o
    0x0002245e   0x00000046   Code   RO         4225    i.sdk_mapped_flags_key_list_get  sdk_mapped_flags.o
    0x000224a4   0x0000000e   Code   RO         4227    i.sdk_mapped_flags_update_by_key  sdk_mapped_flags.o
    0x000224b2   0x00000002   PAD
    0x000224b4   0x000000b4   Code   RO         2322    i.sec_info_request_process  security_dispatcher.o
    0x00022568   0x00000076   Code   RO         2428    i.sec_params_verify  security_manager.o
    0x000225de   0x00000002   PAD
    0x000225e0   0x0000004c   Code   RO         2323    i.sec_proc_start    security_dispatcher.o
    0x0002262c   0x00000020   Code   RO         2324    i.sec_start_send    security_dispatcher.o
    0x0002264c   0x00000048   Code   RO         4091    i.send_event        fstorage.o
    0x00022694   0x0000001c   Code   RO         4274    i.sensorsim_decrement  sensorsim.o
    0x000226b0   0x0000001c   Code   RO         4275    i.sensorsim_increment  sensorsim.o
    0x000226cc   0x00000018   Code   RO         4276    i.sensorsim_init    sensorsim.o
    0x000226e4   0x0000001a   Code   RO         4277    i.sensorsim_measure  sensorsim.o
    0x000226fe   0x00000002   PAD
    0x00022700   0x00000058   Code   RO         1178    i.service_changed_pending_flags_check  gatt_cache_manager.o
    0x00022758   0x00000044   Code   RO         1280    i.service_changed_pending_set  gatts_cache_manager.o
    0x0002279c   0x00000098   Code   RO         1179    i.service_changed_send_in_evt  gatt_cache_manager.o
    0x00022834   0x0000008e   Code   RO          764    i.service_data_encode  ble_advdata.o
    0x000228c2   0x00000008   Code   RO           25    i.service_error_handler  main.o
    0x000228ca   0x00000002   PAD
    0x000228cc   0x00000058   Code   RO          842    i.set_adv_mode_fast  ble_advertising.o
    0x00022924   0x00000054   Code   RO          843    i.set_adv_mode_slow  ble_advertising.o
    0x00022978   0x00000064   Code   RO           26    i.sleep_mode_enter  main.o
    0x000229dc   0x00000014   Code   RO         2429    i.sm_ble_evt_handler  security_manager.o
    0x000229f0   0x0000001c   Code   RO         2430    i.sm_conn_sec_config_reply  security_manager.o
    0x00022a0c   0x00000050   Code   RO         2431    i.sm_init           security_manager.o
    0x00022a5c   0x00000034   Code   RO         2434    i.sm_pdb_evt_handler  security_manager.o
    0x00022a90   0x00000030   Code   RO         2436    i.sm_sec_params_set  security_manager.o
    0x00022ac0   0x0000007c   Code   RO         2437    i.sm_smd_evt_handler  security_manager.o
    0x00022b3c   0x000000e4   Code   RO         2325    i.smd_ble_evt_handler  security_dispatcher.o
    0x00022c20   0x0000003c   Code   RO         2326    i.smd_init          security_dispatcher.o
    0x00022c5c   0x00000030   Code   RO         2327    i.smd_link_secure   security_dispatcher.o
    0x00022c8c   0x00000110   Code   RO         2328    i.smd_params_reply  security_dispatcher.o
    0x00022d9c   0x00000088   Code   RO         2438    i.smd_params_reply_perform  security_manager.o
    0x00022e24   0x00000034   Code   RO         2329    i.smd_pdb_evt_handler  security_dispatcher.o
    0x00022e58   0x00000014   Code   RO         4495    i.softdevice_ble_evt_handler_set  softdevice_handler.o
    0x00022e6c   0x00000014   Code   RO         4496    i.softdevice_enable  softdevice_handler.o
    0x00022e80   0x00000028   Code   RO         4497    i.softdevice_enable_get_default_config  softdevice_handler.o
    0x00022ea8   0x00000012   Code   RO         4627    i.softdevice_evt_get  softdevice_handler_appsh.o
    0x00022eba   0x00000002   PAD
    0x00022ebc   0x00000014   Code   RO         4628    i.softdevice_evt_schedule  softdevice_handler_appsh.o
    0x00022ed0   0x00000008   Code   RO         4498    i.softdevice_fault_handler  softdevice_handler.o
    0x00022ed8   0x00000058   Code   RO         4499    i.softdevice_handler_init  softdevice_handler.o
    0x00022f30   0x0000000c   Code   RO         4500    i.softdevice_handler_is_enabled  softdevice_handler.o
    0x00022f3c   0x00000014   Code   RO         4505    i.softdevice_sys_evt_handler_set  softdevice_handler.o
    0x00022f50   0x00000010   Code   RO           27    i.sys_evt_dispatch  main.o
    0x00022f60   0x0000004e   Code   RO         2577    i.sys_id_encode     ble_dis.o
    0x00022fae   0x00000002   PAD
    0x00022fb0   0x00000084   Code   RO         3558    i.timer_list_handler  app_timer.o
    0x00023034   0x00000010   Code   RO         3559    i.timer_list_handler_sched  app_timer.o
    0x00023044   0x00000040   Code   RO         3560    i.timer_list_insert  app_timer.o
    0x00023084   0x00000048   Code   RO         3561    i.timer_stop_op_schedule  app_timer.o
    0x000230cc   0x000000a0   Code   RO         3562    i.timer_timeouts_check  app_timer.o
    0x0002316c   0x00000068   Code   RO           28    i.timers_init       main.o
    0x000231d4   0x0000001e   Code   RO         3211    i.tx_byte           nrf_drv_uart.o
    0x000231f2   0x00000018   Code   RO         3212    i.tx_done_event     nrf_drv_uart.o
    0x0002320a   0x00000124   Code   RO         3213    i.uart_irq_handler  nrf_drv_uart.o
    0x0002332e   0x0000000a   Code   RO          765    i.uint16_encode     ble_advdata.o
    0x00023338   0x00000064   Code   RO          924    i.update_timeout_handler  ble_conn_params.o
    0x0002339c   0x00000018   Code   RO         1001    i.user_flag_is_acquired  ble_conn_state.o
    0x000233b4   0x0000002c   Code   RO         3563    i.user_op_alloc     app_timer.o
    0x000233e0   0x00000030   Code   RO          766    i.uuid_list_encode  ble_advdata.o
    0x00023410   0x000000ae   Code   RO          767    i.uuid_list_sized_encode  ble_advdata.o
    0x000234be   0x00000002   PAD
    0x000234c0   0x00000018   Code   RO          844    i.whitelist_has_entries  ble_advertising.o
    0x000234d8   0x00000024   Code   RO         1744    i.write_buf_length_words_set  peer_database.o
    0x000234fc   0x00000024   Code   RO         1745    i.write_buffer_record_find  peer_database.o
    0x00023520   0x00000028   Code   RO         1746    i.write_buffer_record_find_next  peer_database.o
    0x00023548   0x00000022   Code   RO         1747    i.write_buffer_record_invalidate  peer_database.o
    0x0002356a   0x00000002   PAD
    0x0002356c   0x00000028   Code   RO         1748    i.write_buffer_record_release  peer_database.o
    0x00023594   0x00000118   Code   RO         3823    i.write_enqueue     fds.o
    0x000236ac   0x000000f4   Code   RO         3824    i.write_execute     fds.o
    0x000237a0   0x00000014   Code   RO         3825    i.write_space_free  fds.o
    0x000237b4   0x0000004c   Code   RO         3826    i.write_space_reserve  fds.o
    0x00023800   0x00000008   Data   RO           31    .constdata          main.o
    0x00023808   0x00000008   Data   RO          424    .constdata          boards.o
    0x00023810   0x0000002c   Data   RO          542    .constdata          bsp.o
    0x0002383c   0x00000004   Data   RO          927    .constdata          ble_conn_params.o
    0x00023840   0x00000004   Data   RO         1281    .constdata          gatts_cache_manager.o
    0x00023844   0x00000010   Data   RO         1282    .constdata          gatts_cache_manager.o
    0x00023854   0x00000004   Data   RO         1283    .constdata          gatts_cache_manager.o
    0x00023858   0x00000008   Data   RO         1380    .constdata          id_manager.o
    0x00023860   0x00000004   Data   RO         1596    .constdata          peer_data_storage.o
    0x00023864   0x00000014   Data   RO         1750    .constdata          peer_database.o
    0x00023878   0x00000044   Data   RO         2331    .constdata          security_dispatcher.o
    0x000238bc   0x00000004   Data   RO         2439    .constdata          security_manager.o
    0x000238c0   0x00000004   Data   RO         2986    .constdata          nrf_drv_gpiote.o
    0x000238c4   0x00000008   Data   RO         3388    .constdata          app_button.o
    0x000238cc   0x00000014   Data   RO         3828    .constdata          fds.o
    0x000238e0   0x00000020   Data   RO         4973    Region$$Table       anon$$obj.o


    Execution Region RW_IRAM1 (Base: 0x20001fe8, Size: 0x00001658, Max: 0x00006018, ABSOLUTE, COMPRESSED[0x000000b0])

    Base Addr    Size         Type   Attr      Idx    E Section Name        Object

    0x20001fe8   0x000000a0   Data   RW           32    .data               main.o
    0x20002088   0x00000014   Data   RW          543    .data               bsp.o
    0x2000209c   0x00000008   Data   RW          640    .data               bsp_btn_ble.o
    0x200020a4   0x00000004   Data   RW          724    .data               system_nrf51.o
    0x200020a8   0x00000030   Data   RW          848    .data               ble_advertising.o
    0x200020d8   0x00000014   Data   RW          928    .data               ble_conn_params.o
    0x200020ec   0x0000000c   Data   RW         1180    .data               gatt_cache_manager.o
    0x200020f8   0x0000000c   Data   RW         1284    .data               gatts_cache_manager.o
    0x20002104   0x0000000a   Data   RW         1381    .data               id_manager.o
    0x2000210e   0x00000002   PAD
    0x20002110   0x0000000c   Data   RW         1597    .data               peer_data_storage.o
    0x2000211c   0x00000008   Data   RW         1751    .data               peer_database.o
    0x20002124   0x00000010   Data   RW         2008    .data               peer_manager.o
    0x20002134   0x00000004   Data   RW         2332    .data               security_dispatcher.o
    0x20002138   0x00000015   Data   RW         2440    .data               security_manager.o
    0x2000214d   0x00000001   PAD
    0x2000214e   0x0000004a   Data   RW         2578    .data               ble_dis.o
    0x20002198   0x00000014   Data   RW         3389    .data               app_button.o
    0x200021ac   0x00000010   Data   RW         3502    .data               app_scheduler.o
    0x200021bc   0x00000020   Data   RW         3564    .data               app_timer.o
    0x200021dc   0x0000000c   Data   RW         3709    .data               app_util_platform.o
    0x200021e8   0x00000018   Data   RW         3829    .data               fds.o
    0x20002200   0x00000002   Data   RW         4093    .data               fstorage.o
    0x20002202   0x00000002   PAD
    0x20002204   0x00000014   Data   RW         4506    .data               softdevice_handler.o
    0x20002218   0x00000004   Data   RW         4945    .data               mc_p.l(stdout.o)
    0x2000221c   0x00000010   Data   RW         3830    fs_data             fds.o
    0x2000222c   0x00000020   Zero   RW           29    .bss                main.o
    0x2000224c   0x00000320   Zero   RW           30    .bss                main.o
    0x2000256c   0x00000020   Zero   RW          538    .bss                bsp.o
    0x2000258c   0x00000020   Zero   RW          539    .bss                bsp.o
    0x200025ac   0x0000000c   Zero   RW          540    .bss                bsp.o
    0x200025b8   0x00000020   Zero   RW          541    .bss                bsp.o
    0x200025d8   0x0000016b   Zero   RW          845    .bss                ble_advertising.o
    0x20002743   0x00000001   PAD
    0x20002744   0x00000020   Zero   RW          846    .bss                ble_advertising.o
    0x20002764   0x00000020   Zero   RW          847    .bss                ble_advertising.o
    0x20002784   0x00000020   Zero   RW          925    .bss                ble_conn_params.o
    0x200027a4   0x0000001c   Zero   RW          926    .bss                ble_conn_params.o
    0x200027c0   0x00000034   Zero   RW         1002    .bss                ble_conn_state.o
    0x200027f4   0x00000070   Zero   RW         1379    .bss                id_manager.o
    0x20002864   0x00000330   Zero   RW         1749    .bss                peer_database.o
    0x20002b94   0x00000040   Zero   RW         1892    .bss                peer_id.o
    0x20002bd4   0x0000000c   Zero   RW         2006    .bss                peer_manager.o
    0x20002be0   0x00000040   Zero   RW         2330    .bss                security_dispatcher.o
    0x20002c20   0x00000014   Zero   RW         2760    .bss                nrf_drv_clock.o
    0x20002c34   0x00000048   Zero   RW         2985    .bss                nrf_drv_gpiote.o
    0x20002c7c   0x0000001c   Zero   RW         3214    .bss                nrf_drv_uart.o
    0x20002c98   0x00000020   Zero   RW         3387    .bss                app_button.o
    0x20002cb8   0x0000011c   Zero   RW         3827    .bss                fds.o
    0x20002dd4   0x00000068   Zero   RW         4092    .bss                fstorage.o
    0x20002e3c   0x00000004   PAD
    0x20002e40   0x00000800   Zero   RW          712    STACK               arm_startup_nrf51.o


==============================================================================

Image component sizes


      Code (inc. data)   RO Data    RW Data    ZI Data      Debug   Object Name

       332         34          8         20         32       8486   app_button.o
        24          4          0          0          0        613   app_error.o
        24          8          0          0          0       6310   app_error_weak.o
       260         18          0         16          0      20143   app_scheduler.o
      1640        174          0         32          0      23679   app_timer.o
        46          6          0          0          0       1837   app_timer_appsh.o
       104         20          0         12          0       5554   app_util_platform.o
        56         18        192          0       2048        704   arm_startup_nrf51.o
      1368          6          0          0          0      28592   ble_advdata.o
      1248         88          0         48        427      11437   ble_advertising.o
       588         20          0          0          0       4395   ble_bas.o
       460         60          4         20         60       5112   ble_conn_params.o
       528         50          0          0         52       8665   ble_conn_state.o
       600         16          0         74          0       4923   ble_dis.o
      2850         66          0          0          0      19133   ble_hids.o
        44          0          0          0          0       2614   ble_srv_common.o
       324         58          8          0          0      11496   boards.o
       896         86         44         20        108      12943   bsp.o
       394         34          0          8          0       5117   bsp_btn_ble.o
      3622        380         20         40        284      39866   fds.o
       980         80          0          2        104      11403   fstorage.o
      1044         80          0         12          0      14796   gatt_cache_manager.o
       536         66         24         12          0       8295   gatts_cache_manager.o
      1474        114          8         10        112      21287   id_manager.o
      3314        510          8        160        832     147539   main.o
       288         34          0          0         20      11860   nrf_drv_clock.o
        96         18          0          0          0       6464   nrf_drv_common.o
      1172        102          4          0         72      26472   nrf_drv_gpiote.o
       462          8          0          0         28      15613   nrf_drv_uart.o
      1206         62          4         12          0      16964   peer_data_storage.o
      1374         72         20          8        816      18116   peer_database.o
       370         60          0          0         64       8019   peer_id.o
      1470        138          0         16         12      16440   peer_manager.o
       250          0          0          0          0       3711   pm_buffer.o
       226          0          0          0          0       4593   pm_mutex.o
       248          6          0          0          0       5220   sdk_mapped_flags.o
      1846        102         68          4         64      15572   security_dispatcher.o
      1086         82          4         21          0      11952   security_manager.o
       106          0          0          0          0       2911   sensorsim.o
       608         90          0         20          0      20852   softdevice_handler.o
        38          6          0          0          0       2063   softdevice_handler_appsh.o
       232         36          0          4          0       2343   system_nrf51.o

    ----------------------------------------------------------------------
     33910       2812        448        576       5140     614104   Object Totals
         0          0         32          0          0          0   (incl. Generated)
        76          0          0          5          5          0   (incl. Padding)

    ----------------------------------------------------------------------

      Code (inc. data)   RO Data    RW Data    ZI Data      Debug   Library Member Name

        86          0          0          0          0          0   __dczerorl2.o
         0          0          0          0          0          0   entry.o
         0          0          0          0          0          0   entry10a.o
         0          0          0          0          0          0   entry11a.o
         8          4          0          0          0          0   entry2.o
         4          0          0          0          0          0   entry5.o
         0          0          0          0          0          0   entry7b.o
         0          0          0          0          0          0   entry8b.o
         8          4          0          0          0          0   entry9a.o
        18          0          0          0          0         72   fputc.o
        30          0          0          0          0          0   handlers.o
        36          8          0          0          0         68   init.o
         0          0          0          0          0          0   iusesemip.o
        26          0          0          0          0         72   memcmp.o
        36          0          0          0          0         60   memcpya.o
        36          0          0          0          0        100   memseta.o
       364         14          0          0          0        164   printf1.o
         0          0          0          0          0          0   semi.o
         0          0          0          4          0          0   stdout.o
        14          0          0          0          0         60   strlen.o
        44          0          0          0          0         72   uidiv.o

    ----------------------------------------------------------------------
       714         30          0          4          0        668   Library Totals
         4          0          0          0          0          0   (incl. Padding)

    ----------------------------------------------------------------------

      Code (inc. data)   RO Data    RW Data    ZI Data      Debug   Library Name

       710         30          0          4          0        668   mc_p.l

    ----------------------------------------------------------------------
       714         30          0          4          0        668   Library Totals

    ----------------------------------------------------------------------

==============================================================================


      Code (inc. data)   RO Data    RW Data    ZI Data      Debug   

     34624       2842        448        580       5140     595492   Grand Totals
     34624       2842        448        176       5140     595492   ELF Image Totals (compressed)
     34624       2842        448        176          0          0   ROM Totals

==============================================================================

    Total RO  Size (Code + RO Data)                35072 (  34.25kB)
    Total RW  Size (RW Data + ZI Data)              5720 (   5.59kB)
    Total ROM Size (Code + RO Data + RW Data)      35248 (  34.42kB)

==============================================================================

