<html>
<body>
<pre>
<h1>礦ision Build Log</h1>
<h2>Project:</h2>
E:\工作目录\file\nordic平台\sdk\nRF5_SDK_12.3.0_d7731ad\examples\ble_peripheral\ble_app_hids_mouse\pca10028\s130\arm4\ble_app_hids_mouse_pca10028_s130.uvproj
Project File Date:  06/06/2018

<h2>Output:</h2>
Build target 'nrf51422_xxac'
assembling arm_startup_nrf51.s...
linking...
Program Size: Code=34624 RO-data=448 RW-data=580 ZI-data=5140  
FromELF: creating hex file...
".\_build\nrf51422_xxac.axf" - 0 Error(s), 0 Warning(s).
</pre>
</body>
</html>
nordic平台\\sdk\\nRF5_SDK_12.3.0_d7731ad\\examples\\ble_peripheral\\ble_app_hids_mouse\\pca10028\\s130\\arm4\\_build\\nrf51422_xxac.axf" 
Set JLink Project File to "E:\工作目录\file\nordic平台\sdk\nRF5_SDK_12.3.0_d7731ad\examples\ble_peripheral\ble_app_hids_mouse\pca10028\s130\arm4\JLinkSettings.ini"
* JLink Info: Device "NRF51422_XXAC" selected.
 
JLink info:
------------
DLL: V6.14c, compiled Mar 31 2017 17:45:52
Firmware: J-Link V9 compiled Apr 21 2017 11:08:06
Hardware: V9.20
S/N : 29999997 
Feature(s) : GDB, RDI, FlashBP, FlashDL, JFlash 
 
* JLink Info: Found SW-DP with ID 0x0BB11477
* JLink Info: AP-IDR: 0x04770021, Type: AHB-AP
* JLink Info: AHB-AP ROM: 0xF0000000 (Base addr. of first ROM table)
* JLink Info: Found Cortex-M0 r0p0, Little endian.
* JLink Info: FPUnit: 4 code (BP) slots and 0 literal slots
* JLink Info: CoreSight components:
* JLink Info: ROMTbl[0] @ F0000000
* JLink Info: ROMTbl[0][0]: E00FF000, CID: B105100D, PID: 000BB471 ROM Table
* JLink Info: ROMTbl[1] @ E00FF000
* JLink Info: ROMTbl[1][0]: E000E000, CID: B105E00D, PID: 000BB008 SCS
* JLink Info: ROMTbl[1][1]: E0001000, CID: B105E00D, PID: 000BB00A DWT
* JLink Info: ROMTbl[1][2]: E0002000, CID: B105E00D, PID: 000BB00B FPB
* JLink Info: ROMTbl[0][1]: F0002000, CID: B105900D, PID: 000BB9A3 ???
ROMTableAddr = 0xE00FF003
 
Target info:
------------
Device: nRF51422_xxAC
VTarget = 3.308V
State of Pins: 
TCK: 0, TDI: 0, TDO: 0, TMS: 1, TRES: 1, TRST: 1
Hardware-Breakpoints: 4
Software-Breakpoints: 8192
Watchpoints:          2
JTAG speed: 2000 kHz
 
Erase Done.
Programming Done.
Verify OK.
Application running ...
