Component: ARM Compiler 5.06 update 1 (build 61) Tool: armlink [4d35a8]

==============================================================================

Section Cross References

    main.o(i.advertising_init) refers to memseta.o(.text) for __aeabi_memclr4
    main.o(i.advertising_init) refers to ble_advertising.o(i.ble_advertising_init) for ble_advertising_init
    main.o(i.advertising_init) refers to printf1.o(i.__0printf$1) for __2printf
    main.o(i.advertising_init) refers to main.o(i.nrf_delay_ms) for nrf_delay_ms
    main.o(i.advertising_init) refers to app_error.o(i.app_error_handler_bare) for app_error_handler_bare
    main.o(i.advertising_init) refers to main.o(.data) for .data
    main.o(i.advertising_init) refers to main.o(i.on_adv_evt) for on_adv_evt
    main.o(i.advertising_init) refers to main.o(i.pm_evt_handler) for i.pm_evt_handler
    main.o(i.assert_nrf_callback) refers to app_error.o(i.app_error_handler) for app_error_handler
    main.o(i.battery_level_meas_timeout_handler) refers to sensorsim.o(i.sensorsim_measure) for sensorsim_measure
    main.o(i.battery_level_meas_timeout_handler) refers to ble_bas.o(i.ble_bas_battery_level_update) for ble_bas_battery_level_update
    main.o(i.battery_level_meas_timeout_handler) refers to app_error.o(i.app_error_handler_bare) for app_error_handler_bare
    main.o(i.battery_level_meas_timeout_handler) refers to main.o(.bss) for .bss
    main.o(i.battery_level_meas_timeout_handler) refers to main.o(.data) for .data
    main.o(i.ble_evt_dispatch) refers to ble_bps.o(i.ble_bps_on_ble_evt) for ble_bps_on_ble_evt
    main.o(i.ble_evt_dispatch) refers to ble_bas.o(i.ble_bas_on_ble_evt) for ble_bas_on_ble_evt
    main.o(i.ble_evt_dispatch) refers to ble_conn_params.o(i.ble_conn_params_on_ble_evt) for ble_conn_params_on_ble_evt
    main.o(i.ble_evt_dispatch) refers to ble_conn_state.o(i.ble_conn_state_on_ble_evt) for ble_conn_state_on_ble_evt
    main.o(i.ble_evt_dispatch) refers to peer_manager.o(i.pm_on_ble_evt) for pm_on_ble_evt
    main.o(i.ble_evt_dispatch) refers to bsp_btn_ble.o(i.bsp_btn_ble_on_ble_evt) for bsp_btn_ble_on_ble_evt
    main.o(i.ble_evt_dispatch) refers to main.o(i.on_ble_evt) for on_ble_evt
    main.o(i.ble_evt_dispatch) refers to ble_advertising.o(i.ble_advertising_on_ble_evt) for ble_advertising_on_ble_evt
    main.o(i.ble_evt_dispatch) refers to main.o(.bss) for .bss
    main.o(i.ble_stack_init) refers to softdevice_handler.o(i.softdevice_handler_init) for softdevice_handler_init
    main.o(i.ble_stack_init) refers to printf1.o(i.__0printf$1) for __2printf
    main.o(i.ble_stack_init) refers to main.o(i.nrf_delay_ms) for nrf_delay_ms
    main.o(i.ble_stack_init) refers to app_error.o(i.app_error_handler_bare) for app_error_handler_bare
    main.o(i.ble_stack_init) refers to softdevice_handler.o(i.softdevice_enable_get_default_config) for softdevice_enable_get_default_config
    main.o(i.ble_stack_init) refers to softdevice_handler.o(i.softdevice_enable) for softdevice_enable
    main.o(i.ble_stack_init) refers to softdevice_handler.o(i.softdevice_ble_evt_handler_set) for softdevice_ble_evt_handler_set
    main.o(i.ble_stack_init) refers to softdevice_handler.o(i.softdevice_sys_evt_handler_set) for softdevice_sys_evt_handler_set
    main.o(i.ble_stack_init) refers to main.o(.constdata) for .constdata
    main.o(i.ble_stack_init) refers to main.o(.bss) for .bss
    main.o(i.ble_stack_init) refers to main.o(i.ble_evt_dispatch) for ble_evt_dispatch
    main.o(i.ble_stack_init) refers to main.o(i.sys_evt_dispatch) for sys_evt_dispatch
    main.o(i.blood_pressure_measurement_send) refers to ble_bps.o(i.ble_bps_is_indication_enabled) for ble_bps_is_indication_enabled
    main.o(i.blood_pressure_measurement_send) refers to printf1.o(i.__0printf$1) for __2printf
    main.o(i.blood_pressure_measurement_send) refers to main.o(i.nrf_delay_ms) for nrf_delay_ms
    main.o(i.blood_pressure_measurement_send) refers to app_error.o(i.app_error_handler_bare) for app_error_handler_bare
    main.o(i.blood_pressure_measurement_send) refers to main.o(i.bps_sim_measurement) for bps_sim_measurement
    main.o(i.blood_pressure_measurement_send) refers to ble_bps.o(i.ble_bps_measurement_send) for ble_bps_measurement_send
    main.o(i.blood_pressure_measurement_send) refers to main.o(.bss) for .bss
    main.o(i.blood_pressure_measurement_send) refers to main.o(.data) for .data
    main.o(i.bps_sim_measurement) refers to memcpya.o(.text) for __aeabi_memcpy
    main.o(i.bps_sim_measurement) refers to main.o(.data) for .data
    main.o(i.bps_sim_measurement) refers to main.o(.bss) for .bss
    main.o(i.bsp_event_handler) refers to main.o(i.blood_pressure_measurement_send) for blood_pressure_measurement_send
    main.o(i.bsp_event_handler) refers to main.o(i.sleep_mode_enter) for sleep_mode_enter
    main.o(i.bsp_event_handler) refers to printf1.o(i.__0printf$1) for __2printf
    main.o(i.bsp_event_handler) refers to main.o(i.nrf_delay_ms) for nrf_delay_ms
[...]
    m_whitelist_addrs                        0x2000241f   Data          56  ble_advertising.o(.bss)
    m_whitelist_irks                         0x20002457   Data         128  ble_advertising.o(.bss)
    .bss                                     0x200024d8   Section       32  ble_advertising.o(.bss)
    m_p_whitelist_addrs                      0x200024d8   Data          32  ble_advertising.o(.bss)
    .bss                                     0x200024f8   Section       32  ble_advertising.o(.bss)
    m_p_whitelist_irks                       0x200024f8   Data          32  ble_advertising.o(.bss)
    .bss                                     0x20002518   Section       32  ble_conn_params.o(.bss)
    m_conn_params_timer_id_data              0x20002518   Data          32  ble_conn_params.o(.bss)
    .bss                                     0x20002538   Section       28  ble_conn_params.o(.bss)
    m_conn_params_config                     0x20002538   Data          28  ble_conn_params.o(.bss)
    .bss                                     0x20002554   Section       52  ble_conn_state.o(.bss)
    m_bcs                                    0x20002554   Data          52  ble_conn_state.o(.bss)
    .bss                                     0x20002588   Section      112  id_manager.o(.bss)
    m_connections                            0x20002588   Data          96  id_manager.o(.bss)
    m_wlisted_peers                          0x200025e8   Data          16  id_manager.o(.bss)
    .bss                                     0x200025f8   Section      816  peer_database.o(.bss)
    buffer_memory                            0x200025f8   Data         640  peer_database.o(.bss)
    m_write_buffer                           0x20002878   Data          16  peer_database.o(.bss)
    m_write_buffer_records                   0x20002888   Data         160  peer_database.o(.bss)
    .bss                                     0x20002928   Section       64  peer_id.o(.bss)
    m_pi                                     0x20002928   Data          64  peer_id.o(.bss)
    .bss                                     0x20002968   Section       12  peer_manager.o(.bss)
    m_evt_handlers                           0x20002968   Data          12  peer_manager.o(.bss)
    .bss                                     0x20002974   Section       64  security_dispatcher.o(.bss)
    m_peer_pk                                0x20002974   Data          64  security_dispatcher.o(.bss)
    .bss                                     0x200029b4   Section       20  nrf_drv_clock.o(.bss)
    m_clock_cb                               0x200029b4   Data          20  nrf_drv_clock.o(.bss)
    .bss                                     0x200029c8   Section       72  nrf_drv_gpiote.o(.bss)
    m_cb                                     0x200029c8   Data          72  nrf_drv_gpiote.o(.bss)
    .bss                                     0x20002a10   Section       28  nrf_drv_uart.o(.bss)
    m_cb                                     0x20002a10   Data          28  nrf_drv_uart.o(.bss)
    .bss                                     0x20002a2c   Section       32  app_button.o(.bss)
    m_detection_delay_timer_id_data          0x20002a2c   Data          32  app_button.o(.bss)
    .bss                                     0x20002a4c   Section      284  fds.o(.bss)
    desc                                     0x20002a4c   Data          12  fds.o(.bss)
    m_cb_table                               0x20002a58   Data          32  fds.o(.bss)
    m_op_queue                               0x20002a78   Data         120  fds.o(.bss)
    m_chunk_queue                            0x20002af0   Data          72  fds.o(.bss)
    m_pages                                  0x20002b38   Data          32  fds.o(.bss)
    m_gc                                     0x20002b58   Data          16  fds.o(.bss)
    .bss                                     0x20002b68   Section      104  fstorage.o(.bss)
    m_queue                                  0x20002b68   Data         104  fstorage.o(.bss)
    STACK                                    0x20002bd0   Section     2048  arm_startup_nrf51.o(STACK)

    Global Symbols

    Symbol Name                              Value     Ov Type        Size  Object(Section)

    BuildAttributes$$THM_ISAv3M$S$PE$A:L22$X:L11$S22$IEEE1$IW$USESV6$~STKCKD$USESV7$~SHL$OSPACE$ROPI$EBA8$MICROLIB$REQ8$PRES8$EABIv2 0x00000000   Number         0  anon$$obj.o ABSOLUTE
    __ARM_use_no_argv                        0x00000000   Number         0  main.o ABSOLUTE
    _printf_a                                0x00000000   Number         0  stubs.o ABSOLUTE
    _printf_c                                0x00000000   Number         0  stubs.o ABSOLUTE
    _printf_charcount                        0x00000000   Number         0  stubs.o ABSOLUTE
    _printf_d                                0x00000000   Number         0  stubs.o ABSOLUTE
    _printf_e                                0x00000000   Number         0  stubs.o ABSOLUTE
    _printf_f                                0x00000000   Number         0  stubs.o ABSOLUTE
    _printf_flags                            0x00000000   Number         0  stubs.o ABSOLUTE
    _printf_fp_dec                           0x00000000   Number         0  stubs.o ABSOLUTE
    _printf_fp_hex                           0x00000000   Number         0  stubs.o ABSOLUTE
    _printf_g                                0x00000000   Number         0  stubs.o ABSOLUTE
    _printf_i                                0x00000000   Number         0  stubs.o ABSOLUTE
    _printf_int_dec                          0x00000000   Number         0  stubs.o ABSOLUTE
    _printf_l                                0x00000000   Number         0  stubs.o ABSOLUTE
    _printf_lc                               0x00000000   Number         0  stubs.o ABSOLUTE
    _printf_ll                               0x00000000   Number         0  stubs.o ABSOLUTE
    _printf_lld                              0x00000000   Number         0  stubs.o ABSOLUTE
    _printf_lli                              0x00000000   Number         0  stubs.o ABSOLUTE
    _printf_llo                              0x00000000   Number         0  stubs.o ABSOLUTE
    _printf_llu                              0x00000000   Number         0  stubs.o ABSOLUTE
    _printf_llx                              0x00000000   Number         0  stubs.o ABSOLUTE
    _printf_longlong_dec                     0x00000000   Number         0  stubs.o ABSOLUTE
    _printf_longlong_hex                     0x00000000   Number         0  stubs.o ABSOLUTE
    _printf_longlong_oct                     0x00000000   Number         0  stubs.o ABSOLUTE
    _printf_ls                               0x00000000   Number         0  stubs.o ABSOLUTE
    _printf_mbtowc                           0x00000000   Number         0  stubs.o ABSOLUTE
    _printf_n                                0x00000000   Number         0  stubs.o ABSOLUTE
    _printf_o                                0x00000000   Number         0  stubs.o ABSOLUTE
    _printf_p                                0x00000000   Number         0  stubs.o ABSOLUTE
    _printf_percent                          0x00000000   Number         0  stubs.o ABSOLUTE
    _printf_pre_padding                      0x00000000   Number         0  stubs.o ABSOLUTE
    _printf_return_value                     0x00000000   Number         0  stubs.o ABSOLUTE
    _printf_s                                0x00000000   Number         0  stubs.o ABSOLUTE
    _printf_sizespec                         0x00000000   Number         0  stubs.o ABSOLUTE
    _printf_str                              0x00000000   Number         0  stubs.o ABSOLUTE
    _printf_truncate_signed                  0x00000000   Number         0  stubs.o ABSOLUTE
    _printf_truncate_unsigned                0x00000000   Number         0  stubs.o ABSOLUTE
    _printf_u                                0x00000000   Number         0  stubs.o ABSOLUTE
    _printf_wc                               0x00000000   Number         0  stubs.o ABSOLUTE
    _printf_wctomb                           0x00000000   Number         0  stubs.o ABSOLUTE
    _printf_widthprec                        0x00000000   Number         0  stubs.o ABSOLUTE
    _printf_x                                0x00000000   Number         0  stubs.o ABSOLUTE
    __cpp_initialize__aeabi_                  - Undefined Weak Reference
    __cxa_finalize                            - Undefined Weak Reference
    _clock_init                               - Undefined Weak Reference
    _microlib_exit                            - Undefined Weak Reference
    __Vectors_Size                           0x000000c0   Number         0  arm_startup_nrf51.o ABSOLUTE
    __Vectors                                0x0001b000   Data           4  arm_startup_nrf51.o(RESET)
    __Vectors_End                            0x0001b0c0   Data           0  arm_startup_nrf51.o(RESET)
    __main                                   0x0001b0c1   Thumb Code     0  entry.o(.ARM.Collect$$$$00000000)
    _main_stk                                0x0001b0c1   Thumb Code     0  entry2.o(.ARM.Collect$$$$00000001)
    _main_scatterload                        0x0001b0c5   Thumb Code     0  entry5.o(.ARM.Collect$$$$00000004)
    __main_after_scatterload                 0x0001b0c9   Thumb Code     0  entry5.o(.ARM.Collect$$$$00000004)
    _main_clock                              0x0001b0c9   Thumb Code     0  entry7b.o(.ARM.Collect$$$$00000008)
    _main_cpp_init                           0x0001b0c9   Thumb Code     0  entry8b.o(.ARM.Collect$$$$0000000A)
    _main_init                               0x0001b0c9   Thumb Code     0  entry9a.o(.ARM.Collect$$$$0000000B)
    __rt_final_cpp                           0x0001b0d1   Thumb Code     0  entry10a.o(.ARM.Collect$$$$0000000D)
    __rt_final_exit                          0x0001b0d1   Thumb Code     0  entry11a.o(.ARM.Collect$$$$0000000F)
    Reset_Handler                            0x0001b0d5   Thumb Code    26  arm_startup_nrf51.o(.text)
    NMI_Handler                              0x0001b0ef   Thumb Code     2  arm_startup_nrf51.o(.text)
    HardFault_Handler                        0x0001b0f1   Thumb Code     2  arm_startup_nrf51.o(.text)
    SVC_Handler                              0x0001b0f3   Thumb Code     2  arm_startup_nrf51.o(.text)
    PendSV_Handler                           0x0001b0f5   Thumb Code     2  arm_startup_nrf51.o(.text)
    SysTick_Handler                          0x0001b0f7   Thumb Code     2  arm_startup_nrf51.o(.text)
    ADC_IRQHandler                           0x0001b0f9   Thumb Code     0  arm_startup_nrf51.o(.text)
    CCM_AAR_IRQHandler                       0x0001b0f9   Thumb Code     0  arm_startup_nrf51.o(.text)
    ECB_IRQHandler                           0x0001b0f9   Thumb Code     0  arm_startup_nrf51.o(.text)
    LPCOMP_IRQHandler                        0x0001b0f9   Thumb Code     0  arm_startup_nrf51.o(.text)
    QDEC_IRQHandler                          0x0001b0f9   Thumb Code     0  arm_startup_nrf51.o(.text)
    RADIO_IRQHandler                         0x0001b0f9   Thumb Code     0  arm_startup_nrf51.o(.text)
    RNG_IRQHandler                           0x0001b0f9   Thumb Code     0  arm_startup_nrf51.o(.text)
    RTC0_IRQHandler                          0x0001b0f9   Thumb Code     0  arm_startup_nrf51.o(.text)
    SPI0_TWI0_IRQHandler                     0x0001b0f9   Thumb Code     0  arm_startup_nrf51.o(.text)
    SPI1_TWI1_IRQHandler                     0x0001b0f9   Thumb Code     0  arm_startup_nrf51.o(.text)
    SWI1_IRQHandler                          0x0001b0f9   Thumb Code     0  arm_startup_nrf51.o(.text)
    SWI3_IRQHandler                          0x0001b0f9   Thumb Code     0  arm_startup_nrf51.o(.text)
    SWI4_IRQHandler                          0x0001b0f9   Thumb Code     0  arm_startup_nrf51.o(.text)
    SWI5_IRQHandler                          0x0001b0f9   Thumb Code     0  arm_startup_nrf51.o(.text)
    TEMP_IRQHandler                          0x0001b0f9   Thumb Code     0  arm_startup_nrf51.o(.text)
    TIMER0_IRQHandler                        0x0001b0f9   Thumb Code     0  arm_startup_nrf51.o(.text)
    TIMER1_IRQHandler                        0x0001b0f9   Thumb Code     0  arm_startup_nrf51.o(.text)
    TIMER2_IRQHandler                        0x0001b0f9   Thumb Code     0  arm_startup_nrf51.o(.text)
    WDT_IRQHandler                           0x0001b0f9   Thumb Code     0  arm_startup_nrf51.o(.text)
    __aeabi_uidiv                            0x0001b10d   Thumb Code     0  uidiv.o(.text)
    __aeabi_uidivmod                         0x0001b10d   Thumb Code    44  uidiv.o(.text)
    __aeabi_memcpy                           0x0001b139   Thumb Code    36  memcpya.o(.text)
    __aeabi_memcpy4                          0x0001b139   Thumb Code     0  memcpya.o(.text)
    __aeabi_memcpy8                          0x0001b139   Thumb Code     0  memcpya.o(.text)
    __aeabi_memset                           0x0001b15d   Thumb Code    14  memseta.o(.text)
    __aeabi_memset4                          0x0001b15d   Thumb Code     0  memseta.o(.text)
    __aeabi_memset8                          0x0001b15d   Thumb Code     0  memseta.o(.text)
    __aeabi_memclr                           0x0001b16b   Thumb Code     4  memseta.o(.text)
    __aeabi_memclr4                          0x0001b16b   Thumb Code     0  memseta.o(.text)
    __aeabi_memclr8                          0x0001b16b   Thumb Code     0  memseta.o(.text)
    _memset$wrapper                          0x0001b16f   Thumb Code    18  memseta.o(.text)
    strlen                                   0x0001b181   Thumb Code    14  strlen.o(.text)
    memcmp                                   0x0001b18f   Thumb Code    26  memcmp.o(.text)
    __scatterload                            0x0001b1a9   Thumb Code    28  init.o(.text)
    __scatterload_rt2                        0x0001b1a9   Thumb Code     0  init.o(.text)
    __I$use$semihosting$fputc                0x0001b1cd   Thumb Code     0  iusesemip.o(.text)
    __decompress                             0x0001b1cd   Thumb Code     0  __dczerorl2.o(.text)
    __decompress1                            0x0001b1cd   Thumb Code    86  __dczerorl2.o(.text)
    __semihosting_library_function           0x0001b1cd   Thumb Code     0  semi.o(.text)
    GPIOTE_IRQHandler                        0x0001b225   Thumb Code   364  nrf_drv_gpiote.o(i.GPIOTE_IRQHandler)
    POWER_CLOCK_IRQHandler                   0x0001b3e1   Thumb Code    70  nrf_drv_clock.o(i.POWER_CLOCK_IRQHandler)
    RTC1_IRQHandler                          0x0001b435   Thumb Code    28  app_timer.o(i.RTC1_IRQHandler)
    SWI0_IRQHandler                          0x0001b455   Thumb Code     8  app_timer.o(i.SWI0_IRQHandler)
    SWI2_IRQHandler                          0x0001b45d   Thumb Code    44  softdevice_handler.o(i.SWI2_IRQHandler)
    SystemInit                               0x0001b499   Thumb Code   130  system_nrf51.o(i.SystemInit)
    UART0_IRQHandler                         0x0001b539   Thumb Code    12  nrf_drv_uart.o(i.UART0_IRQHandler)
    __0printf$1                              0x0001b54d   Thumb Code    24  printf1.o(i.__0printf$1)
    __1printf$1                              0x0001b54d   Thumb Code     0  printf1.o(i.__0printf$1)
    __2printf                                0x0001b54d   Thumb Code     0  printf1.o(i.__0printf$1)
    __ARM_common_switch8                     0x0001b56d   Thumb Code    26  main.o(i.__ARM_common_switch8)
    __scatterload_copy                       0x0001b587   Thumb Code    14  handlers.o(i.__scatterload_copy)
    __scatterload_null                       0x0001b595   Thumb Code     2  handlers.o(i.__scatterload_null)
    __scatterload_zeroinit                   0x0001b597   Thumb Code    14  handlers.o(i.__scatterload_zeroinit)
    addr_compare                             0x0001b711   Thumb Code    40  id_manager.o(i.addr_compare)
    adv_data_encode                          0x0001b739   Thumb Code   398  ble_advdata.o(i.adv_data_encode)
    ah                                       0x0001ba01   Thumb Code    78  id_manager.o(i.ah)
    app_button_enable                        0x0001ba59   Thumb Code    32  app_button.o(i.app_button_enable)
    app_button_init                          0x0001ba7d   Thumb Code   100  app_button.o(i.app_button_init)
    app_error_fault_handler                  0x0001baf1   Thumb Code    18  app_error_weak.o(i.app_error_fault_handler)
    app_error_handler_bare                   0x0001bb0d   Thumb Code    20  app_error.o(i.app_error_handler_bare)
    app_timer_create                         0x0001bb25   Thumb Code    40  app_timer.o(i.app_timer_create)
    app_timer_init                           0x0001bb51   Thumb Code    98  app_timer.o(i.app_timer_init)
    app_timer_start                          0x0001bbc5   Thumb Code   128  app_timer.o(i.app_timer_start)
    app_timer_stop                           0x0001bc4d   Thumb Code    36  app_timer.o(i.app_timer_stop)
    app_util_critical_region_enter           0x0001bc75   Thumb Code    48  app_util_platform.o(i.app_util_critical_region_enter)
    app_util_critical_region_exit            0x0001bcb1   Thumb Code    36  app_util_platform.o(i.app_util_critical_region_exit)
    ble_advdata_set                          0x0001bef5   Thumb Code   104  ble_advdata.o(i.ble_advdata_set)
    ble_advertising_init                     0x0001bf5d   Thumb Code   340  ble_advertising.o(i.ble_advertising_init)
    ble_advertising_on_ble_evt               0x0001c0b9   Thumb Code    82  ble_advertising.o(i.ble_advertising_on_ble_evt)
    ble_advertising_on_sys_evt               0x0001c111   Thumb Code    42  ble_advertising.o(i.ble_advertising_on_sys_evt)
    ble_advertising_restart_without_whitelist 0x0001c141   Thumb Code    50  ble_advertising.o(i.ble_advertising_restart_without_whitelist)
    ble_advertising_start                    0x0001c17d   Thumb Code   256  ble_advertising.o(i.ble_advertising_start)
    ble_bas_battery_level_update             0x0001c285   Thumb Code   112  ble_bas.o(i.ble_bas_battery_level_update)
    ble_bas_init                             0x0001c2f9   Thumb Code    66  ble_bas.o(i.ble_bas_init)
    ble_bas_on_ble_evt                       0x0001c341   Thumb Code    96  ble_bas.o(i.ble_bas_on_ble_evt)
    ble_bps_init                             0x0001c3a1   Thumb Code    64  ble_bps.o(i.ble_bps_init)
    ble_bps_is_indication_enabled            0x0001c3e5   Thumb Code    56  ble_bps.o(i.ble_bps_is_indication_enabled)
    ble_bps_measurement_send                 0x0001c421   Thumb Code    82  ble_bps.o(i.ble_bps_measurement_send)
    ble_bps_on_ble_evt                       0x0001c479   Thumb Code   106  ble_bps.o(i.ble_bps_on_ble_evt)
    ble_conn_params_init                     0x0001c4e5   Thumb Code    68  ble_conn_params.o(i.ble_conn_params_init)
    ble_conn_params_on_ble_evt               0x0001c539   Thumb Code   130  ble_conn_params.o(i.ble_conn_params_on_ble_evt)
    ble_conn_state_conn_handles              0x0001c5c9   Thumb Code    14  ble_conn_state.o(i.ble_conn_state_conn_handles)
    ble_conn_state_encrypted                 0x0001c5dd   Thumb Code    16  ble_conn_state.o(i.ble_conn_state_encrypted)
    ble_conn_state_mitm_protected            0x0001c5f1   Thumb Code    16  ble_conn_state.o(i.ble_conn_state_mitm_protected)
    ble_conn_state_on_ble_evt                0x0001c605   Thumb Code   238  ble_conn_state.o(i.ble_conn_state_on_ble_evt)
    ble_conn_state_role                      0x0001c6fd   Thumb Code    46  ble_conn_state.o(i.ble_conn_state_role)
    ble_conn_state_user_flag_acquire         0x0001c731   Thumb Code    42  ble_conn_state.o(i.ble_conn_state_user_flag_acquire)
    ble_conn_state_user_flag_collection      0x0001c761   Thumb Code    20  ble_conn_state.o(i.ble_conn_state_user_flag_collection)
    ble_conn_state_user_flag_get             0x0001c779   Thumb Code    32  ble_conn_state.o(i.ble_conn_state_user_flag_get)
    ble_conn_state_user_flag_set             0x0001c79d   Thumb Code    36  ble_conn_state.o(i.ble_conn_state_user_flag_set)
    ble_dis_init                             0x0001c825   Thumb Code   308  ble_dis.o(i.ble_dis_init)
    ble_srv_ascii_to_utf8                    0x0001c9a5   Thumb Code    18  ble_srv_common.o(i.ble_srv_ascii_to_utf8)
    ble_srv_is_indication_enabled            0x0001c9b7   Thumb Code    14  ble_srv_common.o(i.ble_srv_is_indication_enabled)
    ble_srv_is_notification_enabled          0x0001c9c5   Thumb Code    14  ble_srv_common.o(i.ble_srv_is_notification_enabled)
    ble_srv_report_ref_encode                0x0001c9d3   Thumb Code    12  ble_srv_common.o(i.ble_srv_report_ref_encode)
    bsp_board_button_idx_to_pin              0x0001cde9   Thumb Code     6  boards.o(i.bsp_board_button_idx_to_pin)
    bsp_board_button_state_get               0x0001cdf5   Thumb Code    24  boards.o(i.bsp_board_button_state_get)
    bsp_board_led_invert                     0x0001ce15   Thumb Code    24  boards.o(i.bsp_board_led_invert)
    bsp_board_led_off                        0x0001ce35   Thumb Code    14  boards.o(i.bsp_board_led_off)
    bsp_board_led_on                         0x0001ce49   Thumb Code    14  boards.o(i.bsp_board_led_on)
    bsp_board_led_state_get                  0x0001ce5d   Thumb Code    24  boards.o(i.bsp_board_led_state_get)
    bsp_board_leds_init                      0x0001ce7d   Thumb Code    36  boards.o(i.bsp_board_leds_init)
    bsp_board_leds_off                       0x0001cea5   Thumb Code    18  boards.o(i.bsp_board_leds_off)
    bsp_board_leds_on                        0x0001ceb7   Thumb Code    18  boards.o(i.bsp_board_leds_on)
    bsp_board_pin_to_button_idx              0x0001cec9   Thumb Code    30  boards.o(i.bsp_board_pin_to_button_idx)
    bsp_btn_ble_init                         0x0001ceed   Thumb Code    66  bsp_btn_ble.o(i.bsp_btn_ble_init)
    bsp_btn_ble_on_ble_evt                   0x0001cf4d   Thumb Code    68  bsp_btn_ble.o(i.bsp_btn_ble_on_ble_evt)
    bsp_btn_ble_sleep_mode_prepare           0x0001cf95   Thumb Code    34  bsp_btn_ble.o(i.bsp_btn_ble_sleep_mode_prepare)
    bsp_button_is_pressed                    0x0001d04d   Thumb Code     8  bsp.o(i.bsp_button_is_pressed)
    bsp_event_to_button_action_assign        0x0001d0c1   Thumb Code    66  bsp.o(i.bsp_event_to_button_action_assign)
    bsp_indication_set                       0x0001d109   Thumb Code    22  bsp.o(i.bsp_indication_set)
    bsp_init                                 0x0001d125   Thumb Code   132  bsp.o(i.bsp_init)
    bsp_wakeup_button_enable                 0x0001d33d   Thumb Code    16  bsp.o(i.bsp_wakeup_button_enable)
    chunk_queue_next                         0x0001d4e9   Thumb Code    20  fds.o(i.chunk_queue_next)
    fds_file_delete                          0x0001db15   Thumb Code    66  fds.o(i.fds_file_delete)
    fds_gc                                   0x0001db61   Thumb Code    62  fds.o(i.fds_gc)
    fds_init                                 0x0001dba9   Thumb Code   130  fds.o(i.fds_init)
    fds_record_close                         0x0001dc31   Thumb Code    60  fds.o(i.fds_record_close)
    fds_record_find                          0x0001dc71   Thumb Code    14  fds.o(i.fds_record_find)
    fds_record_find_by_key                   0x0001dc7f   Thumb Code    16  fds.o(i.fds_record_find_by_key)
    fds_record_find_in_file                  0x0001dc8f   Thumb Code    16  fds.o(i.fds_record_find_in_file)
    fds_record_id_from_desc                  0x0001dc9f   Thumb Code    20  fds.o(i.fds_record_id_from_desc)
    fds_record_open                          0x0001dcb5   Thumb Code    64  fds.o(i.fds_record_open)
    fds_record_update                        0x0001dcf9   Thumb Code    20  fds.o(i.fds_record_update)
    fds_record_write                         0x0001dd0d   Thumb Code    12  fds.o(i.fds_record_write)
    fds_record_write_reserved                0x0001dd19   Thumb Code    18  fds.o(i.fds_record_write_reserved)
    fds_register                             0x0001dd2d   Thumb Code    28  fds.o(i.fds_register)
    fds_reserve                              0x0001dd51   Thumb Code    48  fds.o(i.fds_reserve)
    fds_reserve_cancel                       0x0001dd85   Thumb Code    62  fds.o(i.fds_reserve_cancel)
    fputc                                    0x0001de91   Thumb Code    18  fputc.o(i.fputc)
    fs_erase                                 0x0001dea5   Thumb Code   118  fstorage.o(i.fs_erase)
    fs_init                                  0x0001df2d   Thumb Code   154  fstorage.o(i.fs_init)
    fs_queued_op_count_get                   0x0001dfd9   Thumb Code    18  fstorage.o(i.fs_queued_op_count_get)
    fs_store                                 0x0001dff1   Thumb Code   128  fstorage.o(i.fs_store)
    fs_sys_event_handler                     0x0001e075   Thumb Code    94  fstorage.o(i.fs_sys_event_handler)
    gcm_ble_evt_handler                      0x0001e33d   Thumb Code   232  gatt_cache_manager.o(i.gcm_ble_evt_handler)
    gcm_gscm_evt_handler                     0x0001e42d   Thumb Code    96  gatt_cache_manager.o(i.gcm_gscm_evt_handler)
    gcm_im_evt_handler                       0x0001e495   Thumb Code    40  gatt_cache_manager.o(i.gcm_im_evt_handler)
    gcm_init                                 0x0001e4c1   Thumb Code    66  gatt_cache_manager.o(i.gcm_init)
    gcm_local_database_has_changed           0x0001e509   Thumb Code    66  gatt_cache_manager.o(i.gcm_local_database_has_changed)
    gcm_smd_evt_handler                      0x0001e555   Thumb Code    16  gatt_cache_manager.o(i.gcm_smd_evt_handler)
    get_connection_by_conn_handle            0x0001e565   Thumb Code    48  id_manager.o(i.get_connection_by_conn_handle)
    get_free_connection                      0x0001e59d   Thumb Code    40  id_manager.o(i.get_free_connection)
    gscm_db_change_notification_done         0x0001e61d   Thumb Code    22  gatts_cache_manager.o(i.gscm_db_change_notification_done)
    gscm_init                                0x0001e639   Thumb Code    16  gatts_cache_manager.o(i.gscm_init)
    gscm_local_database_has_changed          0x0001e64d   Thumb Code    18  gatts_cache_manager.o(i.gscm_local_database_has_changed)
    gscm_local_db_cache_apply                0x0001e669   Thumb Code   104  gatts_cache_manager.o(i.gscm_local_db_cache_apply)
    gscm_local_db_cache_update               0x0001e6d5   Thumb Code   124  gatts_cache_manager.o(i.gscm_local_db_cache_update)
    gscm_pdb_evt_handler                     0x0001e759   Thumb Code    72  gatts_cache_manager.o(i.gscm_pdb_evt_handler)
    gscm_service_changed_ind_needed          0x0001e7a9   Thumb Code    28  gatts_cache_manager.o(i.gscm_service_changed_ind_needed)
    gscm_service_changed_ind_send            0x0001e7c5   Thumb Code    32  gatts_cache_manager.o(i.gscm_service_changed_ind_send)
    im_address_resolve                       0x0001e80d   Thumb Code    64  id_manager.o(i.im_address_resolve)
    im_ble_addr_get                          0x0001e84d   Thumb Code    38  id_manager.o(i.im_ble_addr_get)
    im_ble_evt_handler                       0x0001e879   Thumb Code   162  id_manager.o(i.im_ble_evt_handler)
    im_conn_handle_get                       0x0001e921   Thumb Code    34  id_manager.o(i.im_conn_handle_get)
    im_init                                  0x0001e94d   Thumb Code    60  id_manager.o(i.im_init)
    im_is_duplicate_bonding_data             0x0001e995   Thumb Code    56  id_manager.o(i.im_is_duplicate_bonding_data)
    im_master_id_is_valid                    0x0001e9cd   Thumb Code    28  id_manager.o(i.im_master_id_is_valid)
    im_master_ids_compare                    0x0001e9e9   Thumb Code    44  id_manager.o(i.im_master_ids_compare)
    im_new_peer_id                           0x0001ea15   Thumb Code     8  id_manager.o(i.im_new_peer_id)
    im_pdb_evt_handler                       0x0001ea1d   Thumb Code   110  id_manager.o(i.im_pdb_evt_handler)
    im_peer_free                             0x0001ea8d   Thumb Code    38  id_manager.o(i.im_peer_free)
    im_peer_id_get_by_conn_handle            0x0001eab9   Thumb Code    24  id_manager.o(i.im_peer_id_get_by_conn_handle)
    im_peer_id_get_by_master_id              0x0001ead9   Thumb Code    62  id_manager.o(i.im_peer_id_get_by_master_id)
    intern_softdevice_events_execute         0x0001ebdd   Thumb Code   122  softdevice_handler.o(i.intern_softdevice_events_execute)
    is_valid_irk                             0x0001ecc1   Thumb Code    22  id_manager.o(i.is_valid_irk)
    main                                     0x0001f295   Thumb Code   194  main.o(i.main)
    new_connection                           0x0001f47d   Thumb Code    80  id_manager.o(i.new_connection)
    next_id_get                              0x0001f4d9   Thumb Code    48  peer_id.o(i.next_id_get)
    nrf_drv_clock_init                       0x0001f5c5   Thumb Code    60  nrf_drv_clock.o(i.nrf_drv_clock_init)
    nrf_drv_clock_on_sd_enable               0x0001f60d   Thumb Code    46  nrf_drv_clock.o(i.nrf_drv_clock_on_sd_enable)
    nrf_drv_clock_on_soc_event               0x0001f641   Thumb Code    12  nrf_drv_clock.o(i.nrf_drv_clock_on_soc_event)
    nrf_drv_common_irq_enable                0x0001f64d   Thumb Code    78  nrf_drv_common.o(i.nrf_drv_common_irq_enable)
    nrf_drv_gpiote_in_event_enable           0x0001f6ad   Thumb Code   136  nrf_drv_gpiote.o(i.nrf_drv_gpiote_in_event_enable)
    nrf_drv_gpiote_in_init                   0x0001f745   Thumb Code   154  nrf_drv_gpiote.o(i.nrf_drv_gpiote_in_init)
    nrf_drv_gpiote_in_is_set                 0x0001f7ed   Thumb Code    16  nrf_drv_gpiote.o(i.nrf_drv_gpiote_in_is_set)
    nrf_drv_gpiote_init                      0x0001f801   Thumb Code    84  nrf_drv_gpiote.o(i.nrf_drv_gpiote_init)
    nrf_drv_gpiote_is_init                   0x0001f85d   Thumb Code    12  nrf_drv_gpiote.o(i.nrf_drv_gpiote_is_init)
    pdb_init                                 0x0001fe15   Thumb Code    62  peer_database.o(i.pdb_init)
    pdb_next_deleted_peer_id_get             0x0001fe61   Thumb Code     8  peer_database.o(i.pdb_next_deleted_peer_id_get)
    pdb_next_peer_id_get                     0x0001fe69   Thumb Code     8  peer_database.o(i.pdb_next_peer_id_get)
    pdb_pds_evt_handler                      0x0001fe71   Thumb Code   300  peer_database.o(i.pdb_pds_evt_handler)
    pdb_peer_allocate                        0x0001ffa5   Thumb Code     8  peer_database.o(i.pdb_peer_allocate)
    pdb_peer_data_ptr_get                    0x0001ffad   Thumb Code    10  peer_database.o(i.pdb_peer_data_ptr_get)
    pdb_peer_free                            0x0001ffb7   Thumb Code    74  peer_database.o(i.pdb_peer_free)
    pdb_raw_store                            0x00020001   Thumb Code    12  peer_database.o(i.pdb_raw_store)
    pdb_write_buf_get                        0x0002000d   Thumb Code   256  peer_database.o(i.pdb_write_buf_get)
    pdb_write_buf_release                    0x00020115   Thumb Code    42  peer_database.o(i.pdb_write_buf_release)
    pdb_write_buf_store                      0x00020141   Thumb Code   190  peer_database.o(i.pdb_write_buf_store)
    pdb_write_buf_store_prepare              0x00020209   Thumb Code    98  peer_database.o(i.pdb_write_buf_store_prepare)
    pds_init                                 0x0002027d   Thumb Code   100  peer_data_storage.o(i.pds_init)
    pds_next_deleted_peer_id_get             0x000202ed   Thumb Code     8  peer_data_storage.o(i.pds_next_deleted_peer_id_get)
    pds_next_peer_id_get                     0x000202f5   Thumb Code     8  peer_data_storage.o(i.pds_next_peer_id_get)
    pds_peer_data_iterate                    0x000202fd   Thumb Code    80  peer_data_storage.o(i.pds_peer_data_iterate)
    pds_peer_data_iterate_prepare            0x00020351   Thumb Code    10  peer_data_storage.o(i.pds_peer_data_iterate_prepare)
    pds_peer_data_read                       0x00020361   Thumb Code   112  peer_data_storage.o(i.pds_peer_data_read)
    pds_peer_data_store                      0x000203d1   Thumb Code   174  peer_data_storage.o(i.pds_peer_data_store)
    pds_peer_id_allocate                     0x00020481   Thumb Code    10  peer_data_storage.o(i.pds_peer_id_allocate)
    pds_peer_id_free                         0x00020491   Thumb Code    22  peer_data_storage.o(i.pds_peer_id_free)
    pds_peer_id_is_allocated                 0x000204a7   Thumb Code     8  peer_data_storage.o(i.pds_peer_id_is_allocated)
    pds_space_reserve                        0x000204af   Thumb Code    48  peer_data_storage.o(i.pds_space_reserve)
    pds_space_reserve_cancel                 0x000204df   Thumb Code    16  peer_data_storage.o(i.pds_space_reserve_cancel)
    peer_id_allocate                         0x000205dd   Thumb Code    10  peer_id.o(i.peer_id_allocate)
    peer_id_delete                           0x000205ed   Thumb Code    30  peer_id.o(i.peer_id_delete)
    peer_id_free                             0x00020615   Thumb Code    22  peer_id.o(i.peer_id_free)
    peer_id_get_next_deleted                 0x00020631   Thumb Code    10  peer_id.o(i.peer_id_get_next_deleted)
    peer_id_get_next_used                    0x00020641   Thumb Code    42  peer_id.o(i.peer_id_get_next_used)
    peer_id_init                             0x00020675   Thumb Code    34  peer_id.o(i.peer_id_init)
    peer_id_is_allocated                     0x0002069d   Thumb Code    20  peer_id.o(i.peer_id_is_allocated)
    peer_id_is_deleted                       0x000206b5   Thumb Code    20  peer_id.o(i.peer_id_is_deleted)
    pm_buffer_block_acquire                  0x000207e9   Thumb Code    94  pm_buffer.o(i.pm_buffer_block_acquire)
    pm_buffer_init                           0x00020847   Thumb Code    66  pm_buffer.o(i.pm_buffer_init)
    pm_buffer_ptr_get                        0x00020889   Thumb Code    46  pm_buffer.o(i.pm_buffer_ptr_get)
    pm_buffer_release                        0x000208b7   Thumb Code    42  pm_buffer.o(i.pm_buffer_release)
    pm_conn_sec_config_reply                 0x000208e1   Thumb Code     8  peer_manager.o(i.pm_conn_sec_config_reply)
    pm_gcm_evt_handler                       0x000209a5   Thumb Code   128  peer_manager.o(i.pm_gcm_evt_handler)
    pm_im_evt_handler                        0x00020a25   Thumb Code    74  peer_manager.o(i.pm_im_evt_handler)
    pm_init                                  0x00020a75   Thumb Code   108  peer_manager.o(i.pm_init)
    pm_local_database_has_changed            0x00020ae5   Thumb Code    16  peer_manager.o(i.pm_local_database_has_changed)
    pm_mutex_init                            0x00020af9   Thumb Code    16  pm_mutex.o(i.pm_mutex_init)
    pm_mutex_lock                            0x00020b09   Thumb Code    28  pm_mutex.o(i.pm_mutex_lock)
    pm_mutex_lock_first_available            0x00020b25   Thumb Code    52  pm_mutex.o(i.pm_mutex_lock_first_available)
    pm_mutex_lock_status_get                 0x00020b59   Thumb Code    24  pm_mutex.o(i.pm_mutex_lock_status_get)
    pm_mutex_unlock                          0x00020b71   Thumb Code    54  pm_mutex.o(i.pm_mutex_unlock)
    pm_on_ble_evt                            0x00020ba9   Thumb Code    32  peer_manager.o(i.pm_on_ble_evt)
    pm_pdb_evt_handler                       0x00020bcd   Thumb Code   306  peer_manager.o(i.pm_pdb_evt_handler)
    pm_peer_delete                           0x00020d09   Thumb Code    20  peer_manager.o(i.pm_peer_delete)
    pm_peers_delete                          0x00020d21   Thumb Code    52  peer_manager.o(i.pm_peers_delete)
    pm_register                              0x00020d5d   Thumb Code    38  peer_manager.o(i.pm_register)
    pm_sec_params_set                        0x00020d8d   Thumb Code    20  peer_manager.o(i.pm_sec_params_set)
    pm_sm_evt_handler                        0x00020da5   Thumb Code   324  peer_manager.o(i.pm_sm_evt_handler)
    sdk_mapped_flags_bulk_update_by_key      0x00021431   Thumb Code    70  sdk_mapped_flags.o(i.sdk_mapped_flags_bulk_update_by_key)
    sdk_mapped_flags_first_key_index_get     0x00021479   Thumb Code    34  sdk_mapped_flags.o(i.sdk_mapped_flags_first_key_index_get)
    sdk_mapped_flags_get_by_key              0x000214b1   Thumb Code    38  sdk_mapped_flags.o(i.sdk_mapped_flags_get_by_key)
    sdk_mapped_flags_key_list_get            0x000214d7   Thumb Code    70  sdk_mapped_flags.o(i.sdk_mapped_flags_key_list_get)
    sdk_mapped_flags_update_by_key           0x0002151d   Thumb Code    14  sdk_mapped_flags.o(i.sdk_mapped_flags_update_by_key)
    sensorsim_decrement                      0x00021795   Thumb Code    28  sensorsim.o(i.sensorsim_decrement)
    sensorsim_increment                      0x000217b1   Thumb Code    28  sensorsim.o(i.sensorsim_increment)
    sensorsim_init                           0x000217cd   Thumb Code    24  sensorsim.o(i.sensorsim_init)
    sensorsim_measure                        0x000217e5   Thumb Code    26  sensorsim.o(i.sensorsim_measure)
    sm_ble_evt_handler                       0x00021c25   Thumb Code    16  security_manager.o(i.sm_ble_evt_handler)
    sm_conn_sec_config_reply                 0x00021c39   Thumb Code    24  security_manager.o(i.sm_conn_sec_config_reply)
    sm_init                                  0x00021c55   Thumb Code    76  security_manager.o(i.sm_init)
    sm_pdb_evt_handler                       0x00021ca5   Thumb Code    48  security_manager.o(i.sm_pdb_evt_handler)
    sm_sec_params_set                        0x00021cd9   Thumb Code    44  security_manager.o(i.sm_sec_params_set)
    sm_smd_evt_handler                       0x00021d09   Thumb Code   118  security_manager.o(i.sm_smd_evt_handler)
    smd_ble_evt_handler                      0x00021d85   Thumb Code   214  security_dispatcher.o(i.smd_ble_evt_handler)
    smd_init                                 0x00021e69   Thumb Code    56  security_dispatcher.o(i.smd_init)
    smd_link_secure                          0x00021ea5   Thumb Code    44  security_dispatcher.o(i.smd_link_secure)
    smd_params_reply                         0x00021ed5   Thumb Code   260  security_dispatcher.o(i.smd_params_reply)
    smd_pdb_evt_handler                      0x0002206d   Thumb Code    46  security_dispatcher.o(i.smd_pdb_evt_handler)
    softdevice_ble_evt_handler_set           0x000220a1   Thumb Code    16  softdevice_handler.o(i.softdevice_ble_evt_handler_set)
    softdevice_enable                        0x000220b5   Thumb Code    14  softdevice_handler.o(i.softdevice_enable)
    softdevice_enable_get_default_config     0x000220c9   Thumb Code    40  softdevice_handler.o(i.softdevice_enable_get_default_config)
    softdevice_fault_handler                 0x000220f1   Thumb Code     8  softdevice_handler.o(i.softdevice_fault_handler)
    softdevice_handler_init                  0x000220f9   Thumb Code    74  softdevice_handler.o(i.softdevice_handler_init)
    softdevice_handler_is_enabled            0x00022151   Thumb Code     6  softdevice_handler.o(i.softdevice_handler_is_enabled)
    softdevice_sys_evt_handler_set           0x0002215d   Thumb Code    16  softdevice_handler.o(i.softdevice_sys_evt_handler_set)
    Region$$Table$$Base                      0x00022b04   Number         0  anon$$obj.o(Region$$Table)
    Region$$Table$$Limit                     0x00022b24   Number         0  anon$$obj.o(Region$$Table)
    Image$$RW_IRAM1$$Base                    0x20001fe8   Number         0  anon$$obj.o ABSOLUTE
    nrf_nvic_state                           0x2000214c   Data           8  app_util_platform.o(.data)
    SystemCoreClock                          0x20002184   Data           4  system_nrf51.o(.data)
    __stdout                                 0x20002188   Data           4  stdout.o(.data)
    fs_data$$Base                            0x2000218c   Number         0  fds.o(fs_data)
    fs_data$$Limit                           0x2000219c   Number         0  fds.o(fs_data)
    __initial_sp                             0x200033d0   Data           0  arm_startup_nrf51.o(STACK)



==============================================================================

Memory Map of the image

  Image Entry point : 0x0001b0c1

  Load Region LR_IROM1 (Base: 0x0001b000, Size: 0x00007cd8, Max: 0x00025000, ABSOLUTE, COMPRESSED[0x00007b64])

    Execution Region ER_IROM1 (Base: 0x0001b000, Size: 0x00007b24, Max: 0x00025000, ABSOLUTE)

    Base Addr    Size         Type   Attr      Idx    E Section Name        Object

    0x0001b000   0x000000c0   Data   RO         4418    RESET               arm_startup_nrf51.o
    0x0001b0c0   0x00000000   Code   RO         4460  * .ARM.Collect$$$$00000000  mc_p.l(entry.o)
    0x0001b0c0   0x00000004   Code   RO         4738    .ARM.Collect$$$$00000001  mc_p.l(entry2.o)
    0x0001b0c4   0x00000004   Code   RO         4741    .ARM.Collect$$$$00000004  mc_p.l(entry5.o)
    0x0001b0c8   0x00000000   Code   RO         4743    .ARM.Collect$$$$00000008  mc_p.l(entry7b.o)
    0x0001b0c8   0x00000000   Code   RO         4745    .ARM.Collect$$$$0000000A  mc_p.l(entry8b.o)
    0x0001b0c8   0x00000008   Code   RO         4746    .ARM.Collect$$$$0000000B  mc_p.l(entry9a.o)
    0x0001b0d0   0x00000000   Code   RO         4748    .ARM.Collect$$$$0000000D  mc_p.l(entry10a.o)
    0x0001b0d0   0x00000000   Code   RO         4750    .ARM.Collect$$$$0000000F  mc_p.l(entry11a.o)
    0x0001b0d0   0x00000004   Code   RO         4739    .ARM.Collect$$$$00002712  mc_p.l(entry2.o)
    0x0001b0d4   0x00000038   Code   RO         4419    .text               arm_startup_nrf51.o
    0x0001b10c   0x0000002c   Code   RO         4463    .text               mc_p.l(uidiv.o)
    0x0001b138   0x00000024   Code   RO         4465    .text               mc_p.l(memcpya.o)
    0x0001b15c   0x00000024   Code   RO         4467    .text               mc_p.l(memseta.o)
    0x0001b180   0x0000000e   Code   RO         4469    .text               mc_p.l(strlen.o)
    0x0001b18e   0x0000001a   Code   RO         4471    .text               mc_p.l(memcmp.o)
    0x0001b1a8   0x00000024   Code   RO         4768    .text               mc_p.l(init.o)
    0x0001b1cc   0x00000000   Code   RO         4770    .text               mc_p.l(semi.o)
    0x0001b1cc   0x00000000   Code   RO         4777    .text               mc_p.l(iusesemip.o)
    0x0001b1cc   0x00000056   Code   RO         4790    .text               mc_p.l(__dczerorl2.o)
    0x0001b222   0x00000002   PAD
    0x0001b224   0x00000178   Code   RO         2839    i.GPIOTE_IRQHandler  nrf_drv_gpiote.o
    0x0001b39c   0x00000044   Code   RO         3351    i.NVIC_SetPriority  app_timer.o
    0x0001b3e0   0x00000054   Code   RO         2636    i.POWER_CLOCK_IRQHandler  nrf_drv_clock.o
    0x0001b434   0x00000020   Code   RO         3352    i.RTC1_IRQHandler   app_timer.o
    0x0001b454   0x00000008   Code   RO         3353    i.SWI0_IRQHandler   app_timer.o
    0x0001b45c   0x0000003c   Code   RO         4280    i.SWI2_IRQHandler   softdevice_handler.o
    0x0001b498   0x000000a0   Code   RO         4426    i.SystemInit        system_nrf51.o
    0x0001b538   0x00000014   Code   RO         3054    i.UART0_IRQHandler  nrf_drv_uart.o
    0x0001b54c   0x00000020   Code   RO         4522    i.__0printf$1       mc_p.l(printf1.o)
    0x0001b56c   0x0000001a   Code   RO          140    i.__ARM_common_switch8  main.o
    0x0001b586   0x0000000e   Code   RO         4784    i.__scatterload_copy  mc_p.l(handlers.o)
    0x0001b594   0x00000002   Code   RO         4785    i.__scatterload_null  mc_p.l(handlers.o)
    0x0001b596   0x0000000e   Code   RO         4786    i.__scatterload_zeroinit  mc_p.l(handlers.o)
    0x0001b5a4   0x0000001c   Code   RO         4281    i.__sd_nvic_app_accessible_irq  softdevice_handler.o
    0x0001b5c0   0x00000150   Code   RO         4529    i._printf_core      mc_p.l(printf1.o)
    0x0001b710   0x00000028   Code   RO         1292    i.addr_compare      id_manager.o
    0x0001b738   0x0000018e   Code   RO          701    i.adv_data_encode   ble_advdata.o
    0x0001b8c6   0x00000002   PAD
    0x0001b8c8   0x00000068   Code   RO          777    i.adv_mode_next_avail_get  ble_advertising.o
    0x0001b930   0x00000060   Code   RO          622    i.advertising_buttons_configure  bsp_btn_ble.o
    0x0001b990   0x00000070   Code   RO            3    i.advertising_init  main.o
    0x0001ba00   0x0000004e   Code   RO         1294    i.ah                id_manager.o
    0x0001ba4e   0x0000000a   Code   RO          511    i.alert_timer_handler  bsp.o
    0x0001ba58   0x00000024   Code   RO         3232    i.app_button_enable  app_button.o
    0x0001ba7c   0x00000074   Code   RO         3233    i.app_button_init   app_button.o
    0x0001baf0   0x0000001c   Code   RO         3328    i.app_error_fault_handler  app_error_weak.o
    0x0001bb0c   0x00000018   Code   RO         3290    i.app_error_handler_bare  app_error.o
    0x0001bb24   0x0000002c   Code   RO         3356    i.app_timer_create  app_timer.o
    0x0001bb50   0x00000074   Code   RO         3357    i.app_timer_init    app_timer.o
    0x0001bbc4   0x00000088   Code   RO         3358    i.app_timer_start   app_timer.o
    0x0001bc4c   0x00000028   Code   RO         3359    i.app_timer_stop    app_timer.o
    0x0001bc74   0x0000003c   Code   RO         3493    i.app_util_critical_region_enter  app_util_platform.o
    0x0001bcb0   0x0000002c   Code   RO         3494    i.app_util_critical_region_exit  app_util_platform.o
    0x0001bcdc   0x000000a0   Code   RO         2265    i.auth_status_success_process  security_dispatcher.o
    0x0001bd7c   0x00000138   Code   RO         2498    i.battery_level_char_add  ble_bas.o
    0x0001beb4   0x00000040   Code   RO            5    i.battery_level_meas_timeout_handler  main.o
    0x0001bef4   0x00000068   Code   RO          702    i.ble_advdata_set   ble_advdata.o
    0x0001bf5c   0x0000015c   Code   RO          778    i.ble_advertising_init  ble_advertising.o
    0x0001c0b8   0x00000058   Code   RO          779    i.ble_advertising_on_ble_evt  ble_advertising.o
    0x0001c110   0x00000030   Code   RO          780    i.ble_advertising_on_sys_evt  ble_advertising.o
    0x0001c140   0x0000003c   Code   RO          782    i.ble_advertising_restart_without_whitelist  ble_advertising.o
    0x0001c17c   0x00000108   Code   RO          783    i.ble_advertising_start  ble_advertising.o
    0x0001c284   0x00000074   Code   RO         2499    i.ble_bas_battery_level_update  ble_bas.o
    0x0001c2f8   0x00000048   Code   RO         2500    i.ble_bas_init      ble_bas.o
    0x0001c340   0x00000060   Code   RO         2501    i.ble_bas_on_ble_evt  ble_bas.o
    0x0001c3a0   0x00000044   Code   RO         2535    i.ble_bps_init      ble_bps.o
    0x0001c3e4   0x0000003c   Code   RO         2536    i.ble_bps_is_indication_enabled  ble_bps.o
    0x0001c420   0x00000058   Code   RO         2537    i.ble_bps_measurement_send  ble_bps.o
    0x0001c478   0x0000006a   Code   RO         2538    i.ble_bps_on_ble_evt  ble_bps.o
    0x0001c4e2   0x00000002   PAD
    0x0001c4e4   0x00000054   Code   RO          862    i.ble_conn_params_init  ble_conn_params.o
    0x0001c538   0x00000090   Code   RO          863    i.ble_conn_params_on_ble_evt  ble_conn_params.o
    0x0001c5c8   0x00000014   Code   RO          928    i.ble_conn_state_conn_handles  ble_conn_state.o
    0x0001c5dc   0x00000014   Code   RO          929    i.ble_conn_state_encrypted  ble_conn_state.o
    0x0001c5f0   0x00000014   Code   RO          931    i.ble_conn_state_mitm_protected  ble_conn_state.o
    0x0001c604   0x000000f8   Code   RO          935    i.ble_conn_state_on_ble_evt  ble_conn_state.o
    0x0001c6fc   0x00000034   Code   RO          937    i.ble_conn_state_role  ble_conn_state.o
    0x0001c730   0x00000030   Code   RO          939    i.ble_conn_state_user_flag_acquire  ble_conn_state.o
    0x0001c760   0x00000018   Code   RO          940    i.ble_conn_state_user_flag_collection  ble_conn_state.o
    0x0001c778   0x00000024   Code   RO          941    i.ble_conn_state_user_flag_get  ble_conn_state.o
    0x0001c79c   0x00000028   Code   RO          942    i.ble_conn_state_user_flag_set  ble_conn_state.o
    0x0001c7c4   0x0000005e   Code   RO          703    i.ble_device_addr_encode  ble_advdata.o
    0x0001c822   0x00000002   PAD
    0x0001c824   0x00000140   Code   RO         2599    i.ble_dis_init      ble_dis.o
    0x0001c964   0x00000040   Code   RO            6    i.ble_evt_dispatch  main.o
    0x0001c9a4   0x00000012   Code   RO         1055    i.ble_srv_ascii_to_utf8  ble_srv_common.o
    0x0001c9b6   0x0000000e   Code   RO         1056    i.ble_srv_is_indication_enabled  ble_srv_common.o
    0x0001c9c4   0x0000000e   Code   RO         1057    i.ble_srv_is_notification_enabled  ble_srv_common.o
    0x0001c9d2   0x0000000c   Code   RO         1058    i.ble_srv_report_ref_encode  ble_srv_common.o
    0x0001c9de   0x00000002   PAD
    0x0001c9e0   0x000000cc   Code   RO            7    i.ble_stack_init    main.o
    0x0001caac   0x00000068   Code   RO            8    i.blood_pressure_measurement_send  main.o
    0x0001cb14   0x00000090   Code   RO         2539    i.bps_feature_char_add  ble_bps.o
    0x0001cba4   0x000000b0   Code   RO         2540    i.bps_measurement_char_add  ble_bps.o
    0x0001cc54   0x000000f0   Code   RO         2541    i.bps_measurement_encode  ble_bps.o
    0x0001cd44   0x000000a4   Code   RO            9    i.bps_sim_measurement  main.o
    0x0001cde8   0x0000000c   Code   RO          396    i.bsp_board_button_idx_to_pin  boards.o
    0x0001cdf4   0x00000020   Code   RO          397    i.bsp_board_button_state_get  boards.o
    0x0001ce14   0x00000020   Code   RO          400    i.bsp_board_led_invert  boards.o
    0x0001ce34   0x00000014   Code   RO          401    i.bsp_board_led_off  boards.o
    0x0001ce48   0x00000014   Code   RO          402    i.bsp_board_led_on  boards.o
    0x0001ce5c   0x00000020   Code   RO          403    i.bsp_board_led_state_get  boards.o
    0x0001ce7c   0x00000028   Code   RO          404    i.bsp_board_leds_init  boards.o
    0x0001cea4   0x00000012   Code   RO          405    i.bsp_board_leds_off  boards.o
    0x0001ceb6   0x00000012   Code   RO          406    i.bsp_board_leds_on  boards.o
    0x0001cec8   0x00000024   Code   RO          407    i.bsp_board_pin_to_button_idx  boards.o
    0x0001ceec   0x00000060   Code   RO          623    i.bsp_btn_ble_init  bsp_btn_ble.o
    0x0001cf4c   0x00000048   Code   RO          624    i.bsp_btn_ble_on_ble_evt  bsp_btn_ble.o
    0x0001cf94   0x00000022   Code   RO          625    i.bsp_btn_ble_sleep_mode_prepare  bsp_btn_ble.o
    0x0001cfb6   0x00000002   PAD
    0x0001cfb8   0x00000094   Code   RO          512    i.bsp_button_event_handler  bsp.o
    0x0001d04c   0x00000008   Code   RO          513    i.bsp_button_is_pressed  bsp.o
    0x0001d054   0x0000006c   Code   RO           10    i.bsp_event_handler  main.o
    0x0001d0c0   0x00000048   Code   RO          516    i.bsp_event_to_button_action_assign  bsp.o
    0x0001d108   0x0000001c   Code   RO          517    i.bsp_indication_set  bsp.o
    0x0001d124   0x00000098   Code   RO          518    i.bsp_init          bsp.o
    0x0001d1bc   0x00000180   Code   RO          519    i.bsp_led_indication  bsp.o
    0x0001d33c   0x00000010   Code   RO          521    i.bsp_wakeup_button_enable  bsp.o
    0x0001d34c   0x0000000c   Code   RO          522    i.button_timer_handler  bsp.o
    0x0001d358   0x00000064   Code   RO           11    i.buttons_leds_init  main.o
    0x0001d3bc   0x0000001c   Code   RO         2840    i.channel_free      nrf_drv_gpiote.o
    0x0001d3d8   0x00000048   Code   RO         2841    i.channel_port_alloc  nrf_drv_gpiote.o
    0x0001d420   0x00000010   Code   RO         2842    i.channel_port_get  nrf_drv_gpiote.o
    0x0001d430   0x00000098   Code   RO         2600    i.char_add          ble_dis.o
    0x0001d4c8   0x00000020   Code   RO         3865    i.check_config      fstorage.o
    0x0001d4e8   0x00000018   Code   RO         3563    i.chunk_queue_next  fds.o
    0x0001d500   0x0000003c   Code   RO         1829    i.claim             peer_id.o
    0x0001d53c   0x00000028   Code   RO         2637    i.clock_clk_started_notify  nrf_drv_clock.o
    0x0001d564   0x000000a8   Code   RO         3361    i.compare_reg_update  app_timer.o
    0x0001d60c   0x00000088   Code   RO          704    i.conn_int_encode   ble_advdata.o
    0x0001d694   0x00000008   Code   RO           12    i.conn_params_error_handler  main.o
    0x0001d69c   0x00000068   Code   RO          865    i.conn_params_negotiation  ble_conn_params.o
    0x0001d704   0x00000060   Code   RO          626    i.connection_buttons_configure  bsp_btn_ble.o
    0x0001d764   0x0000008c   Code   RO         3564    i.delete_execute    fds.o
    0x0001d7f0   0x00000060   Code   RO         3235    i.detection_delay_timeout_handler  app_button.o
    0x0001d850   0x00000040   Code   RO         3362    i.elapsed_ticks_acquire  app_timer.o
    0x0001d890   0x00000030   Code   RO         2266    i.encryption_failure  security_dispatcher.o
    0x0001d8c0   0x0000006a   Code   RO         3565    i.event_prepare     fds.o
    0x0001d92a   0x00000002   PAD
    0x0001d92c   0x00000020   Code   RO         3566    i.event_send        fds.o
    0x0001d94c   0x00000032   Code   RO         2376    i.events_send_from_err_code  security_manager.o
    0x0001d97e   0x00000002   PAD
    0x0001d980   0x0000000c   Code   RO         1110    i.evt_send          gatt_cache_manager.o
    0x0001d98c   0x0000001c   Code   RO         1295    i.evt_send          id_manager.o
    0x0001d9a8   0x00000028   Code   RO         1915    i.evt_send          peer_manager.o
    0x0001d9d0   0x0000001c   Code   RO         2267    i.evt_send          security_dispatcher.o
    0x0001d9ec   0x0000000c   Code   RO         2377    i.evt_send          security_manager.o
    0x0001d9f8   0x0000011c   Code   RO         1515    i.fds_evt_handler   peer_data_storage.o
    0x0001db14   0x0000004c   Code   RO         3568    i.fds_file_delete   fds.o
    0x0001db60   0x00000048   Code   RO         3569    i.fds_gc            fds.o
    0x0001dba8   0x00000088   Code   RO         3570    i.fds_init          fds.o
    0x0001dc30   0x00000040   Code   RO         3571    i.fds_record_close  fds.o
    0x0001dc70   0x0000000e   Code   RO         3573    i.fds_record_find   fds.o
    0x0001dc7e   0x00000010   Code   RO         3574    i.fds_record_find_by_key  fds.o
    0x0001dc8e   0x00000010   Code   RO         3575    i.fds_record_find_in_file  fds.o
    0x0001dc9e   0x00000014   Code   RO         3576    i.fds_record_id_from_desc  fds.o
    0x0001dcb2   0x00000002   PAD
    0x0001dcb4   0x00000044   Code   RO         3578    i.fds_record_open   fds.o
    0x0001dcf8   0x00000014   Code   RO         3579    i.fds_record_update  fds.o
    0x0001dd0c   0x0000000c   Code   RO         3580    i.fds_record_write  fds.o
    0x0001dd18   0x00000012   Code   RO         3581    i.fds_record_write_reserved  fds.o
    0x0001dd2a   0x00000002   PAD
    0x0001dd2c   0x00000024   Code   RO         3582    i.fds_register      fds.o
    0x0001dd50   0x00000034   Code   RO         3583    i.fds_reserve       fds.o
    0x0001dd84   0x00000048   Code   RO         3584    i.fds_reserve_cancel  fds.o
    0x0001ddcc   0x0000000a   Code   RO         1516    i.file_id_to_peer_id  peer_data_storage.o
    0x0001ddd6   0x00000002   PAD
    0x0001ddd8   0x00000018   Code   RO         1517    i.file_id_within_pm_range  peer_data_storage.o
    0x0001ddf0   0x00000010   Code   RO         3586    i.flag_clear        fds.o
    0x0001de00   0x00000012   Code   RO         2268    i.flag_id_init      security_dispatcher.o
    0x0001de12   0x00000012   Code   RO         2378    i.flag_id_init      security_manager.o
    0x0001de24   0x00000010   Code   RO         3587    i.flag_set          fds.o
    0x0001de34   0x0000005c   Code   RO         2379    i.flags_set_from_err_code  security_manager.o
    0x0001de90   0x00000012   Code   RO         4752    i.fputc             mc_p.l(fputc.o)
    0x0001dea2   0x00000002   PAD
    0x0001dea4   0x0000007c   Code   RO         3866    i.fs_erase          fstorage.o
    0x0001df20   0x0000000a   Code   RO         3588    i.fs_event_handler  fds.o
    0x0001df2a   0x00000002   PAD
    0x0001df2c   0x000000ac   Code   RO         3868    i.fs_init           fstorage.o
    0x0001dfd8   0x00000018   Code   RO         3871    i.fs_queued_op_count_get  fstorage.o
    0x0001dff0   0x00000084   Code   RO         3872    i.fs_store          fstorage.o
    0x0001e074   0x00000068   Code   RO         3873    i.fs_sys_event_handler  fstorage.o
    0x0001e0dc   0x0000008c   Code   RO           13    i.gap_params_init   main.o
    0x0001e168   0x00000068   Code   RO         3589    i.gc_execute        fds.o
    0x0001e1d0   0x0000004c   Code   RO         3590    i.gc_next_page      fds.o
    0x0001e21c   0x0000004c   Code   RO         3591    i.gc_page_erase     fds.o
    0x0001e268   0x00000034   Code   RO         3592    i.gc_record_copy    fds.o
    0x0001e29c   0x00000020   Code   RO         3593    i.gc_record_find_next  fds.o
    0x0001e2bc   0x00000080   Code   RO         3594    i.gc_state_advance  fds.o
    0x0001e33c   0x000000f0   Code   RO         1111    i.gcm_ble_evt_handler  gatt_cache_manager.o
    0x0001e42c   0x00000068   Code   RO         1112    i.gcm_gscm_evt_handler  gatt_cache_manager.o
    0x0001e494   0x0000002c   Code   RO         1113    i.gcm_im_evt_handler  gatt_cache_manager.o
    0x0001e4c0   0x00000048   Code   RO         1114    i.gcm_init          gatt_cache_manager.o
    0x0001e508   0x0000004c   Code   RO         1115    i.gcm_local_database_has_changed  gatt_cache_manager.o
    0x0001e554   0x00000010   Code   RO         1118    i.gcm_smd_evt_handler  gatt_cache_manager.o
    0x0001e564   0x00000038   Code   RO         1296    i.get_connection_by_conn_handle  id_manager.o
    0x0001e59c   0x00000030   Code   RO         1297    i.get_free_connection  id_manager.o
    0x0001e5cc   0x00000050   Code   RO         3236    i.gpiote_event_handler  app_button.o
    0x0001e61c   0x0000001c   Code   RO         1214    i.gscm_db_change_notification_done  gatts_cache_manager.o
    0x0001e638   0x00000014   Code   RO         1215    i.gscm_init         gatts_cache_manager.o
    0x0001e64c   0x0000001c   Code   RO         1216    i.gscm_local_database_has_changed  gatts_cache_manager.o
    0x0001e668   0x0000006c   Code   RO         1217    i.gscm_local_db_cache_apply  gatts_cache_manager.o
    0x0001e6d4   0x00000084   Code   RO         1219    i.gscm_local_db_cache_update  gatts_cache_manager.o
    0x0001e758   0x00000050   Code   RO         1220    i.gscm_pdb_evt_handler  gatts_cache_manager.o
    0x0001e7a8   0x0000001c   Code   RO         1221    i.gscm_service_changed_ind_needed  gatts_cache_manager.o
    0x0001e7c4   0x0000002c   Code   RO         1222    i.gscm_service_changed_ind_send  gatts_cache_manager.o
    0x0001e7f0   0x0000001c   Code   RO         3595    i.header_is_valid   fds.o
    0x0001e80c   0x00000040   Code   RO         1298    i.im_address_resolve  id_manager.o
    0x0001e84c   0x0000002c   Code   RO         1299    i.im_ble_addr_get   id_manager.o
    0x0001e878   0x000000a8   Code   RO         1300    i.im_ble_evt_handler  id_manager.o
    0x0001e920   0x0000002c   Code   RO         1301    i.im_conn_handle_get  id_manager.o
    0x0001e94c   0x00000048   Code   RO         1305    i.im_init           id_manager.o
    0x0001e994   0x00000038   Code   RO         1306    i.im_is_duplicate_bonding_data  id_manager.o
    0x0001e9cc   0x0000001c   Code   RO         1307    i.im_master_id_is_valid  id_manager.o
    0x0001e9e8   0x0000002c   Code   RO         1308    i.im_master_ids_compare  id_manager.o
    0x0001ea14   0x00000008   Code   RO         1309    i.im_new_peer_id    id_manager.o
    0x0001ea1c   0x0000006e   Code   RO         1310    i.im_pdb_evt_handler  id_manager.o
    0x0001ea8a   0x00000002   PAD
    0x0001ea8c   0x0000002c   Code   RO         1311    i.im_peer_free      id_manager.o
    0x0001eab8   0x00000020   Code   RO         1312    i.im_peer_id_get_by_conn_handle  id_manager.o
    0x0001ead8   0x00000044   Code   RO         1313    i.im_peer_id_get_by_master_id  id_manager.o
    0x0001eb1c   0x000000c0   Code   RO         3596    i.init_execute      fds.o
    0x0001ebdc   0x00000080   Code   RO         4282    i.intern_softdevice_events_execute  softdevice_handler.o
    0x0001ec5c   0x0000001c   Code   RO          866    i.is_conn_params_ok  ble_conn_params.o
    0x0001ec78   0x00000048   Code   RO         4427    i.is_manual_peripheral_setup_needed  system_nrf51.o
    0x0001ecc0   0x00000016   Code   RO         1318    i.is_valid_irk      id_manager.o
    0x0001ecd6   0x0000000c   Code   RO         3597    i.is_word_aligned   fds.o
    0x0001ece2   0x00000002   PAD
    0x0001ece4   0x00000018   Code   RO          523    i.leds_timer_handler  bsp.o
    0x0001ecfc   0x0000009c   Code   RO         2380    i.link_secure       security_manager.o
    0x0001ed98   0x00000088   Code   RO         2269    i.link_secure_central  security_dispatcher.o
    0x0001ee20   0x000000c6   Code   RO         2270    i.link_secure_central_existing_peer  security_dispatcher.o
    0x0001eee6   0x00000002   PAD
    0x0001eee8   0x00000074   Code   RO         2271    i.link_secure_central_new_peer  security_dispatcher.o
    0x0001ef5c   0x00000050   Code   RO         2272    i.link_secure_failure  security_dispatcher.o
    0x0001efac   0x0000005c   Code   RO         2381    i.link_secure_pending_process  security_manager.o
    0x0001f008   0x000000ac   Code   RO         3363    i.list_deletions_handler  app_timer.o
    0x0001f0b4   0x000000bc   Code   RO         3364    i.list_insertions_handler  app_timer.o
    0x0001f170   0x00000078   Code   RO         1119    i.local_db_apply_in_evt  gatt_cache_manager.o
    0x0001f1e8   0x00000078   Code   RO         1120    i.local_db_update_in_evt  gatt_cache_manager.o
    0x0001f260   0x00000032   Code   RO         2216    i.lock_by_mask      pm_mutex.o
    0x0001f292   0x00000002   PAD
    0x0001f294   0x000000e0   Code   RO           14    i.main              main.o
    0x0001f374   0x00000068   Code   RO          705    i.manuf_specific_data_encode  ble_advdata.o
    0x0001f3dc   0x0000009e   Code   RO          706    i.name_encode       ble_advdata.o
    0x0001f47a   0x00000002   PAD
    0x0001f47c   0x0000005c   Code   RO         1319    i.new_connection    id_manager.o
    0x0001f4d8   0x00000034   Code   RO         1830    i.next_id_get       peer_id.o
    0x0001f50c   0x00000010   Code   RO         2843    i.nrf_bitmask_bit_is_set  nrf_drv_gpiote.o
    0x0001f51c   0x00000010   Code   RO         2641    i.nrf_clock_event_check  nrf_drv_clock.o
    0x0001f52c   0x00000034   Code   RO           15    i.nrf_delay_ms      main.o
    0x0001f560   0x00000034   Code   RO         4283    i.nrf_delay_ms      softdevice_handler.o
    0x0001f594   0x00000030   Code   RO         3365    i.nrf_delay_us      app_timer.o
    0x0001f5c4   0x00000048   Code   RO         2648    i.nrf_drv_clock_init  nrf_drv_clock.o
    0x0001f60c   0x00000034   Code   RO         2655    i.nrf_drv_clock_on_sd_enable  nrf_drv_clock.o
    0x0001f640   0x0000000c   Code   RO         2656    i.nrf_drv_clock_on_soc_event  nrf_drv_clock.o
    0x0001f64c   0x00000060   Code   RO         2798    i.nrf_drv_common_irq_enable  nrf_drv_common.o
    0x0001f6ac   0x00000098   Code   RO         2846    i.nrf_drv_gpiote_in_event_enable  nrf_drv_gpiote.o
    0x0001f744   0x000000a8   Code   RO         2847    i.nrf_drv_gpiote_in_init  nrf_drv_gpiote.o
    0x0001f7ec   0x00000014   Code   RO         2848    i.nrf_drv_gpiote_in_is_set  nrf_drv_gpiote.o
    0x0001f800   0x0000005c   Code   RO         2850    i.nrf_drv_gpiote_init  nrf_drv_gpiote.o
    0x0001f85c   0x00000010   Code   RO         2851    i.nrf_drv_gpiote_is_init  nrf_drv_gpiote.o
    0x0001f86c   0x00000028   Code   RO          409    i.nrf_gpio_cfg      boards.o
    0x0001f894   0x00000028   Code   RO         2863    i.nrf_gpio_cfg      nrf_drv_gpiote.o
    0x0001f8bc   0x00000022   Code   RO          524    i.nrf_gpio_cfg_sense_set  bsp.o
    0x0001f8de   0x00000022   Code   RO         2865    i.nrf_gpio_cfg_sense_set  nrf_drv_gpiote.o
    0x0001f900   0x00000018   Code   RO          410    i.nrf_gpio_pin_write  boards.o
    0x0001f918   0x00000028   Code   RO         2866    i.nrf_gpio_ports_read  nrf_drv_gpiote.o
    0x0001f940   0x00000010   Code   RO         2867    i.nrf_gpiote_event_clear  nrf_drv_gpiote.o
    0x0001f950   0x00000014   Code   RO         2868    i.nrf_gpiote_event_is_set  nrf_drv_gpiote.o
    0x0001f964   0x0000000a   Code   RO         3072    i.nrf_uart_event_check  nrf_drv_uart.o
    0x0001f96e   0x00000010   Code   RO         3073    i.nrf_uart_int_enable_check  nrf_drv_uart.o
    0x0001f97e   0x00000002   PAD
    0x0001f980   0x0000003c   Code   RO           16    i.on_adv_evt        main.o
    0x0001f9bc   0x000000d0   Code   RO           17    i.on_ble_evt        main.o
    0x0001fa8c   0x00000020   Code   RO           18    i.on_bps_evt        main.o
    0x0001faac   0x0000003c   Code   RO           19    i.on_conn_params_evt  main.o
    0x0001fae8   0x00000054   Code   RO         3874    i.on_operation_success  fstorage.o
    0x0001fb3c   0x00000078   Code   RO         3598    i.op_enqueue        fds.o
    0x0001fbb4   0x00000012   Code   RO         3599    i.page_offsets_update  fds.o
    0x0001fbc6   0x00000002   PAD
    0x0001fbc8   0x00000058   Code   RO         3600    i.page_scan         fds.o
    0x0001fc20   0x0000001c   Code   RO         3601    i.page_tag_write_data  fds.o
    0x0001fc3c   0x00000024   Code   RO         3602    i.page_tag_write_swap  fds.o
    0x0001fc60   0x000000f0   Code   RO         3603    i.pages_init        fds.o
    0x0001fd50   0x0000006c   Code   RO         2273    i.pairing_failure   security_dispatcher.o
    0x0001fdbc   0x0000003c   Code   RO         2382    i.params_reply_pending_process  security_manager.o
    0x0001fdf8   0x0000001c   Code   RO         1670    i.pdb_evt_send      peer_database.o
    0x0001fe14   0x0000004c   Code   RO         1671    i.pdb_init          peer_database.o
    0x0001fe60   0x00000008   Code   RO         1673    i.pdb_next_deleted_peer_id_get  peer_database.o
    0x0001fe68   0x00000008   Code   RO         1674    i.pdb_next_peer_id_get  peer_database.o
    0x0001fe70   0x00000134   Code   RO         1675    i.pdb_pds_evt_handler  peer_database.o
    0x0001ffa4   0x00000008   Code   RO         1676    i.pdb_peer_allocate  peer_database.o
    0x0001ffac   0x0000000a   Code   RO         1678    i.pdb_peer_data_ptr_get  peer_database.o
    0x0001ffb6   0x0000004a   Code   RO         1679    i.pdb_peer_free     peer_database.o
    0x00020000   0x0000000c   Code   RO         1680    i.pdb_raw_store     peer_database.o
    0x0002000c   0x00000108   Code   RO         1681    i.pdb_write_buf_get  peer_database.o
    0x00020114   0x0000002a   Code   RO         1682    i.pdb_write_buf_release  peer_database.o
    0x0002013e   0x00000002   PAD
    0x00020140   0x000000c8   Code   RO         1683    i.pdb_write_buf_store  peer_database.o
    0x00020208   0x00000068   Code   RO         1684    i.pdb_write_buf_store_prepare  peer_database.o
    0x00020270   0x0000000c   Code   RO         1518    i.pds_evt_send      peer_data_storage.o
    0x0002027c   0x00000070   Code   RO         1519    i.pds_init          peer_data_storage.o
    0x000202ec   0x00000008   Code   RO         1520    i.pds_next_deleted_peer_id_get  peer_data_storage.o
    0x000202f4   0x00000008   Code   RO         1521    i.pds_next_peer_id_get  peer_data_storage.o
    0x000202fc   0x00000054   Code   RO         1524    i.pds_peer_data_iterate  peer_data_storage.o
    0x00020350   0x00000010   Code   RO         1525    i.pds_peer_data_iterate_prepare  peer_data_storage.o
    0x00020360   0x00000070   Code   RO         1526    i.pds_peer_data_read  peer_data_storage.o
    0x000203d0   0x000000ae   Code   RO         1527    i.pds_peer_data_store  peer_data_storage.o
    0x0002047e   0x00000002   PAD
    0x00020480   0x00000010   Code   RO         1528    i.pds_peer_id_allocate  peer_data_storage.o
    0x00020490   0x00000016   Code   RO         1529    i.pds_peer_id_free  peer_data_storage.o
    0x000204a6   0x00000008   Code   RO         1530    i.pds_peer_id_is_allocated  peer_data_storage.o
    0x000204ae   0x00000030   Code   RO         1531    i.pds_space_reserve  peer_data_storage.o
    0x000204de   0x00000010   Code   RO         1532    i.pds_space_reserve_cancel  peer_data_storage.o
    0x000204ee   0x0000000a   Code   RO         1685    i.peer_data_const_point_to_buffer  peer_database.o
    0x000204f8   0x00000080   Code   RO         1533    i.peer_data_delete  peer_data_storage.o
    0x00020578   0x00000030   Code   RO         1534    i.peer_data_find    peer_data_storage.o
    0x000205a8   0x00000020   Code   RO         1535    i.peer_data_id_is_valid  peer_data_storage.o
    0x000205c8   0x00000014   Code   RO         1686    i.peer_data_point_to_buffer  peer_database.o
    0x000205dc   0x00000010   Code   RO         1831    i.peer_id_allocate  peer_id.o
    0x000205ec   0x00000028   Code   RO         1832    i.peer_id_delete    peer_id.o
    0x00020614   0x0000001c   Code   RO         1833    i.peer_id_free      peer_id.o
    0x00020630   0x00000010   Code   RO         1834    i.peer_id_get_next_deleted  peer_id.o
    0x00020640   0x00000034   Code   RO         1835    i.peer_id_get_next_used  peer_id.o
    0x00020674   0x00000028   Code   RO         1836    i.peer_id_init      peer_id.o
    0x0002069c   0x00000018   Code   RO         1837    i.peer_id_is_allocated  peer_id.o
    0x000206b4   0x00000018   Code   RO         1838    i.peer_id_is_deleted  peer_id.o
    0x000206cc   0x0000001c   Code   RO         1320    i.peer_id_set       id_manager.o
    0x000206e8   0x0000000a   Code   RO         1536    i.peer_id_to_file_id  peer_data_storage.o
    0x000206f2   0x00000002   PAD
    0x000206f4   0x000000c4   Code   RO           20    i.peer_manager_init  main.o
    0x000207b8   0x00000018   Code   RO         2869    i.pin_in_use_by_port  nrf_drv_gpiote.o
    0x000207d0   0x00000018   Code   RO         2870    i.pin_in_use_by_te  nrf_drv_gpiote.o
    0x000207e8   0x0000005e   Code   RO         2178    i.pm_buffer_block_acquire  pm_buffer.o
    0x00020846   0x00000042   Code   RO         2179    i.pm_buffer_init    pm_buffer.o
    0x00020888   0x0000002e   Code   RO         2180    i.pm_buffer_ptr_get  pm_buffer.o
    0x000208b6   0x0000002a   Code   RO         2181    i.pm_buffer_release  pm_buffer.o
    0x000208e0   0x00000008   Code   RO         1917    i.pm_conn_sec_config_reply  peer_manager.o
    0x000208e8   0x000000bc   Code   RO           21    i.pm_evt_handler    main.o
    0x000209a4   0x00000080   Code   RO         1921    i.pm_gcm_evt_handler  peer_manager.o
    0x00020a24   0x00000050   Code   RO         1924    i.pm_im_evt_handler  peer_manager.o
    0x00020a74   0x00000070   Code   RO         1925    i.pm_init           peer_manager.o
    0x00020ae4   0x00000014   Code   RO         1927    i.pm_local_database_has_changed  peer_manager.o
    0x00020af8   0x00000010   Code   RO         2217    i.pm_mutex_init     pm_mutex.o
    0x00020b08   0x0000001c   Code   RO         2218    i.pm_mutex_lock     pm_mutex.o
    0x00020b24   0x00000034   Code   RO         2219    i.pm_mutex_lock_first_available  pm_mutex.o
    0x00020b58   0x00000018   Code   RO         2220    i.pm_mutex_lock_status_get  pm_mutex.o
    0x00020b70   0x00000036   Code   RO         2221    i.pm_mutex_unlock   pm_mutex.o
    0x00020ba6   0x00000002   PAD
    0x00020ba8   0x00000024   Code   RO         1929    i.pm_on_ble_evt     peer_manager.o
    0x00020bcc   0x0000013c   Code   RO         1930    i.pm_pdb_evt_handler  peer_manager.o
    0x00020d08   0x00000018   Code   RO         1941    i.pm_peer_delete    peer_manager.o
    0x00020d20   0x0000003c   Code   RO         1946    i.pm_peers_delete   peer_manager.o
    0x00020d5c   0x00000030   Code   RO         1949    i.pm_register       peer_manager.o
    0x00020d8c   0x00000018   Code   RO         1951    i.pm_sec_params_set  peer_manager.o
    0x00020da4   0x0000014c   Code   RO         1952    i.pm_sm_evt_handler  peer_manager.o
    0x00020ef0   0x00000036   Code   RO         2601    i.pnp_id_encode     ble_dis.o
    0x00020f26   0x00000002   PAD
    0x00020f28   0x0000002c   Code   RO         3875    i.queue_advance     fstorage.o
    0x00020f54   0x00000038   Code   RO         3876    i.queue_get_next_free  fstorage.o
    0x00020f8c   0x000000b8   Code   RO         3604    i.queue_process     fds.o
    0x00021044   0x0000006c   Code   RO         3877    i.queue_process     fstorage.o
    0x000210b0   0x0000001c   Code   RO         3605    i.queue_start       fds.o
    0x000210cc   0x0000001c   Code   RO         3878    i.queue_start       fstorage.o
    0x000210e8   0x00000084   Code   RO         3606    i.record_find       fds.o
    0x0002116c   0x000000a0   Code   RO         3607    i.record_find_by_desc  fds.o
    0x0002120c   0x00000054   Code   RO         3608    i.record_find_next  fds.o
    0x00021260   0x00000038   Code   RO         3609    i.record_header_flag_dirty  fds.o
    0x00021298   0x0000000a   Code   RO         1537    i.record_key_to_peer_data_id  peer_data_storage.o
    0x000212a2   0x00000002   PAD
    0x000212a4   0x00000018   Code   RO         1538    i.record_key_within_pm_range  peer_data_storage.o
    0x000212bc   0x0000005c   Code   RO         3610    i.record_write_chunk  fds.o
    0x00021318   0x00000012   Code   RO         1840    i.release           peer_id.o
    0x0002132a   0x00000002   PAD
    0x0002132c   0x00000044   Code   RO         3366    i.rtc1_stop         app_timer.o
    0x00021370   0x00000026   Code   RO         3074    i.rx_byte           nrf_drv_uart.o
    0x00021396   0x00000014   Code   RO         3075    i.rx_done_event     nrf_drv_uart.o
    0x000213aa   0x00000002   PAD
    0x000213ac   0x00000084   Code   RO         4285    i.sd_nvic_EnableIRQ  softdevice_handler.o
    0x00021430   0x00000046   Code   RO         4012    i.sdk_mapped_flags_bulk_update_by_key  sdk_mapped_flags.o
    0x00021476   0x00000002   PAD
    0x00021478   0x00000028   Code   RO         4013    i.sdk_mapped_flags_first_key_index_get  sdk_mapped_flags.o
    0x000214a0   0x00000010   Code   RO         4014    i.sdk_mapped_flags_get_by_index  sdk_mapped_flags.o
    0x000214b0   0x00000026   Code   RO         4015    i.sdk_mapped_flags_get_by_key  sdk_mapped_flags.o
    0x000214d6   0x00000046   Code   RO         4016    i.sdk_mapped_flags_key_list_get  sdk_mapped_flags.o
    0x0002151c   0x0000000e   Code   RO         4018    i.sdk_mapped_flags_update_by_key  sdk_mapped_flags.o
    0x0002152a   0x00000002   PAD
    0x0002152c   0x000000b4   Code   RO         2274    i.sec_info_request_process  security_dispatcher.o
    0x000215e0   0x00000076   Code   RO         2383    i.sec_params_verify  security_manager.o
    0x00021656   0x00000002   PAD
    0x00021658   0x0000004c   Code   RO         2275    i.sec_proc_start    security_dispatcher.o
    0x000216a4   0x0000001c   Code   RO         2276    i.sec_start_send    security_dispatcher.o
    0x000216c0   0x00000048   Code   RO         3879    i.send_event        fstorage.o
    0x00021708   0x0000008c   Code   RO           22    i.sensor_simulator_init  main.o
    0x00021794   0x0000001c   Code   RO         4065    i.sensorsim_decrement  sensorsim.o
    0x000217b0   0x0000001c   Code   RO         4066    i.sensorsim_increment  sensorsim.o
    0x000217cc   0x00000018   Code   RO         4067    i.sensorsim_init    sensorsim.o
    0x000217e4   0x0000001a   Code   RO         4068    i.sensorsim_measure  sensorsim.o
    0x000217fe   0x00000002   PAD
    0x00021800   0x00000058   Code   RO         1121    i.service_changed_pending_flags_check  gatt_cache_manager.o
    0x00021858   0x00000044   Code   RO         1223    i.service_changed_pending_set  gatts_cache_manager.o
    0x0002189c   0x00000098   Code   RO         1122    i.service_changed_send_in_evt  gatt_cache_manager.o
    0x00021934   0x0000008e   Code   RO          707    i.service_data_encode  ble_advdata.o
    0x000219c2   0x00000002   PAD
    0x000219c4   0x00000150   Code   RO           23    i.services_init     main.o
    0x00021b14   0x00000058   Code   RO          785    i.set_adv_mode_fast  ble_advertising.o
    0x00021b6c   0x00000054   Code   RO          786    i.set_adv_mode_slow  ble_advertising.o
    0x00021bc0   0x00000064   Code   RO           24    i.sleep_mode_enter  main.o
    0x00021c24   0x00000014   Code   RO         2384    i.sm_ble_evt_handler  security_manager.o
    0x00021c38   0x0000001c   Code   RO         2385    i.sm_conn_sec_config_reply  security_manager.o
    0x00021c54   0x00000050   Code   RO         2386    i.sm_init           security_manager.o
    0x00021ca4   0x00000034   Code   RO         2389    i.sm_pdb_evt_handler  security_manager.o
    0x00021cd8   0x00000030   Code   RO         2391    i.sm_sec_params_set  security_manager.o
    0x00021d08   0x0000007c   Code   RO         2392    i.sm_smd_evt_handler  security_manager.o
    0x00021d84   0x000000e4   Code   RO         2277    i.smd_ble_evt_handler  security_dispatcher.o
    0x00021e68   0x0000003c   Code   RO         2278    i.smd_init          security_dispatcher.o
    0x00021ea4   0x00000030   Code   RO         2279    i.smd_link_secure   security_dispatcher.o
    0x00021ed4   0x00000110   Code   RO         2280    i.smd_params_reply  security_dispatcher.o
    0x00021fe4   0x00000088   Code   RO         2393    i.smd_params_reply_perform  security_manager.o
    0x0002206c   0x00000034   Code   RO         2281    i.smd_pdb_evt_handler  security_dispatcher.o
    0x000220a0   0x00000014   Code   RO         4286    i.softdevice_ble_evt_handler_set  softdevice_handler.o
    0x000220b4   0x00000014   Code   RO         4287    i.softdevice_enable  softdevice_handler.o
    0x000220c8   0x00000028   Code   RO         4288    i.softdevice_enable_get_default_config  softdevice_handler.o
    0x000220f0   0x00000008   Code   RO         4289    i.softdevice_fault_handler  softdevice_handler.o
    0x000220f8   0x00000058   Code   RO         4290    i.softdevice_handler_init  softdevice_handler.o
    0x00022150   0x0000000c   Code   RO         4291    i.softdevice_handler_is_enabled  softdevice_handler.o
    0x0002215c   0x00000014   Code   RO         4296    i.softdevice_sys_evt_handler_set  softdevice_handler.o
    0x00022170   0x00000010   Code   RO           25    i.sys_evt_dispatch  main.o
    0x00022180   0x0000004e   Code   RO         2602    i.sys_id_encode     ble_dis.o
    0x000221ce   0x00000002   PAD
    0x000221d0   0x00000084   Code   RO         3367    i.timer_list_handler  app_timer.o
    0x00022254   0x00000010   Code   RO         3368    i.timer_list_handler_sched  app_timer.o
    0x00022264   0x00000040   Code   RO         3369    i.timer_list_insert  app_timer.o
    0x000222a4   0x00000048   Code   RO         3370    i.timer_stop_op_schedule  app_timer.o
    0x000222ec   0x000000a0   Code   RO         3371    i.timer_timeouts_check  app_timer.o
    0x0002238c   0x0000005c   Code   RO           26    i.timers_init       main.o
    0x000223e8   0x0000001e   Code   RO         3077    i.tx_byte           nrf_drv_uart.o
    0x00022406   0x00000018   Code   RO         3078    i.tx_done_event     nrf_drv_uart.o
    0x0002241e   0x00000128   Code   RO         3079    i.uart_irq_handler  nrf_drv_uart.o
    0x00022546   0x0000000a   Code   RO          708    i.uint16_encode     ble_advdata.o
    0x00022550   0x0000000a   Code   RO         2542    i.uint16_encode     ble_bps.o
    0x0002255a   0x00000002   PAD
    0x0002255c   0x00000064   Code   RO          867    i.update_timeout_handler  ble_conn_params.o
    0x000225c0   0x00000018   Code   RO          944    i.user_flag_is_acquired  ble_conn_state.o
    0x000225d8   0x0000002c   Code   RO         3372    i.user_op_alloc     app_timer.o
    0x00022604   0x00000030   Code   RO          709    i.uuid_list_encode  ble_advdata.o
    0x00022634   0x000000ae   Code   RO          710    i.uuid_list_sized_encode  ble_advdata.o
    0x000226e2   0x00000002   PAD
    0x000226e4   0x00000018   Code   RO          787    i.whitelist_has_entries  ble_advertising.o
    0x000226fc   0x00000024   Code   RO         1687    i.write_buf_length_words_set  peer_database.o
    0x00022720   0x00000024   Code   RO         1688    i.write_buffer_record_find  peer_database.o
    0x00022744   0x00000028   Code   RO         1689    i.write_buffer_record_find_next  peer_database.o
    0x0002276c   0x00000022   Code   RO         1690    i.write_buffer_record_invalidate  peer_database.o
    0x0002278e   0x00000002   PAD
    0x00022790   0x00000028   Code   RO         1691    i.write_buffer_record_release  peer_database.o
    0x000227b8   0x00000118   Code   RO         3611    i.write_enqueue     fds.o
    0x000228d0   0x000000f4   Code   RO         3612    i.write_execute     fds.o
    0x000229c4   0x00000014   Code   RO         3613    i.write_space_free  fds.o
    0x000229d8   0x0000004c   Code   RO         3614    i.write_space_reserve  fds.o
    0x00022a24   0x00000008   Data   RO           29    .constdata          main.o
    0x00022a2c   0x00000008   Data   RO          411    .constdata          boards.o
    0x00022a34   0x0000002c   Data   RO          529    .constdata          bsp.o
    0x00022a60   0x00000004   Data   RO          870    .constdata          ble_conn_params.o
    0x00022a64   0x00000004   Data   RO         1224    .constdata          gatts_cache_manager.o
    0x00022a68   0x00000010   Data   RO         1225    .constdata          gatts_cache_manager.o
    0x00022a78   0x00000004   Data   RO         1226    .constdata          gatts_cache_manager.o
    0x00022a7c   0x00000008   Data   RO         1323    .constdata          id_manager.o
    0x00022a84   0x00000004   Data   RO         1539    .constdata          peer_data_storage.o
    0x00022a88   0x00000014   Data   RO         1693    .constdata          peer_database.o
    0x00022a9c   0x00000044   Data   RO         2283    .constdata          security_dispatcher.o
    0x00022ae0   0x00000004   Data   RO         2394    .constdata          security_manager.o
    0x00022ae4   0x00000004   Data   RO         2872    .constdata          nrf_drv_gpiote.o
    0x00022ae8   0x00000008   Data   RO         3238    .constdata          app_button.o
    0x00022af0   0x00000014   Data   RO         3616    .constdata          fds.o
    0x00022b04   0x00000020   Data   RO         4782    Region$$Table       anon$$obj.o


    Execution Region RW_IRAM1 (Base: 0x20001fe8, Size: 0x000013e8, Max: 0x00006018, ABSOLUTE, COMPRESSED[0x00000040])

    Base Addr    Size         Type   Attr      Idx    E Section Name        Object

    0x20001fe8   0x00000020   Data   RW           30    .data               main.o
    0x20002008   0x00000014   Data   RW          530    .data               bsp.o
    0x2000201c   0x00000008   Data   RW          627    .data               bsp_btn_ble.o
    0x20002024   0x00000030   Data   RW          791    .data               ble_advertising.o
    0x20002054   0x00000014   Data   RW          871    .data               ble_conn_params.o
    0x20002068   0x0000000c   Data   RW         1123    .data               gatt_cache_manager.o
    0x20002074   0x0000000c   Data   RW         1227    .data               gatts_cache_manager.o
    0x20002080   0x0000000a   Data   RW         1324    .data               id_manager.o
    0x2000208a   0x00000002   PAD
    0x2000208c   0x0000000c   Data   RW         1540    .data               peer_data_storage.o
    0x20002098   0x00000008   Data   RW         1694    .data               peer_database.o
    0x200020a0   0x00000010   Data   RW         1957    .data               peer_manager.o
    0x200020b0   0x00000004   Data   RW         2284    .data               security_dispatcher.o
    0x200020b4   0x00000015   Data   RW         2395    .data               security_manager.o
    0x200020c9   0x00000001   PAD
    0x200020ca   0x0000004a   Data   RW         2603    .data               ble_dis.o
    0x20002114   0x00000014   Data   RW         3239    .data               app_button.o
    0x20002128   0x00000020   Data   RW         3373    .data               app_timer.o
    0x20002148   0x0000000c   Data   RW         3497    .data               app_util_platform.o
    0x20002154   0x00000018   Data   RW         3617    .data               fds.o
    0x2000216c   0x00000002   Data   RW         3881    .data               fstorage.o
    0x2000216e   0x00000002   PAD
    0x20002170   0x00000014   Data   RW         4297    .data               softdevice_handler.o
    0x20002184   0x00000004   Data   RW         4428    .data               system_nrf51.o
    0x20002188   0x00000004   Data   RW         4754    .data               mc_p.l(stdout.o)
    0x2000218c   0x00000010   Data   RW         3618    fs_data             fds.o
    0x2000219c   0x00000020   Zero   RW           27    .bss                main.o
    0x200021bc   0x00000144   Zero   RW           28    .bss                main.o
    0x20002300   0x00000020   Zero   RW          525    .bss                bsp.o
    0x20002320   0x00000020   Zero   RW          526    .bss                bsp.o
    0x20002340   0x0000000c   Zero   RW          527    .bss                bsp.o
    0x2000234c   0x00000020   Zero   RW          528    .bss                bsp.o
    0x2000236c   0x0000016b   Zero   RW          788    .bss                ble_advertising.o
    0x200024d7   0x00000001   PAD
    0x200024d8   0x00000020   Zero   RW          789    .bss                ble_advertising.o
    0x200024f8   0x00000020   Zero   RW          790    .bss                ble_advertising.o
    0x20002518   0x00000020   Zero   RW          868    .bss                ble_conn_params.o
    0x20002538   0x0000001c   Zero   RW          869    .bss                ble_conn_params.o
    0x20002554   0x00000034   Zero   RW          945    .bss                ble_conn_state.o
    0x20002588   0x00000070   Zero   RW         1322    .bss                id_manager.o
    0x200025f8   0x00000330   Zero   RW         1692    .bss                peer_database.o
    0x20002928   0x00000040   Zero   RW         1841    .bss                peer_id.o
    0x20002968   0x0000000c   Zero   RW         1955    .bss                peer_manager.o
    0x20002974   0x00000040   Zero   RW         2282    .bss                security_dispatcher.o
    0x200029b4   0x00000014   Zero   RW         2658    .bss                nrf_drv_clock.o
    0x200029c8   0x00000048   Zero   RW         2871    .bss                nrf_drv_gpiote.o
    0x20002a10   0x0000001c   Zero   RW         3080    .bss                nrf_drv_uart.o
    0x20002a2c   0x00000020   Zero   RW         3237    .bss                app_button.o
    0x20002a4c   0x0000011c   Zero   RW         3615    .bss                fds.o
    0x20002b68   0x00000068   Zero   RW         3880    .bss                fstorage.o
    0x20002bd0   0x00000800   Zero   RW         4416    STACK               arm_startup_nrf51.o


==============================================================================

Image component sizes


      Code (inc. data)   RO Data    RW Data    ZI Data      Debug   Object Name

       328         34          8         20         32       9034   app_button.o
        24          4          0          0          0       2333   app_error.o
        28         10          0          0          0       7102   app_error_weak.o
      1640        174          0         32          0      42807   app_timer.o
       104         20          0         12          0       6422   app_util_platform.o
        56         18        192          0       2048        708   arm_startup_nrf51.o
      1368          6          0          0          0      30720   ble_advdata.o
      1108         78          0         48        427      10769   ble_advertising.o
       596         20          0          0          0       4903   ble_bas.o
       892         22          0          0          0      11595   ble_bps.o
       460         60          4         20         60       5568   ble_conn_params.o
       532         52          0          0         52       9561   ble_conn_state.o
       604         16          0         74          0       5535   ble_dis.o
        58          0          0          0          0       3530   ble_srv_common.o
       324         58          8          0          0      12500   boards.o
       888         86         44         20        108      14191   bsp.o
       394         34          0          8          0       5381   bsp_btn_ble.o
      3622        378         20         40        284      45138   fds.o
       980         82          0          2        104      12699   fstorage.o
      1044         80          0         12          0      15788   gatt_cache_manager.o
       536         66         24         12          0       9203   gatts_cache_manager.o
      1174         92          8         10        112      20269   id_manager.o
      2798        404          8         32        356     144243   main.o
       276         38          0          0         20      11960   nrf_drv_clock.o
        96         18          0          0          0       7320   nrf_drv_common.o
      1154        100          4          0         72      28112   nrf_drv_gpiote.o
       454          8          0          0         28      16141   nrf_drv_uart.o
      1206         64          4         12          0      18600   peer_data_storage.o
      1358         72         20          8        816      23387   peer_database.o
       370         60          0          0         64       8851   peer_id.o
      1228        112          0         16         12      13132   peer_manager.o
       248          0          0          0          0       4331   pm_buffer.o
       224          0          0          0          0       5213   pm_mutex.o
       248          6          0          0          0       6140   sdk_mapped_flags.o
      1836        104         68          4         64      20260   security_dispatcher.o
      1086         82          4         21          0      16436   security_manager.o
       106          0          0          0          0       3255   sensorsim.o
       608         92          0         20          0      22864   softdevice_handler.o
       232         36          0          4          0       2375   system_nrf51.o

    ----------------------------------------------------------------------
     30358       2586        448        432       4660     638376   Object Totals
         0          0         32          0          0          0   (incl. Generated)
        70          0          0          5          1          0   (incl. Padding)

    ----------------------------------------------------------------------

      Code (inc. data)   RO Data    RW Data    ZI Data      Debug   Library Member Name

        86          0          0          0          0          0   __dczerorl2.o
         0          0          0          0          0          0   entry.o
         0          0          0          0          0          0   entry10a.o
         0          0          0          0          0          0   entry11a.o
         8          4          0          0          0          0   entry2.o
         4          0          0          0          0          0   entry5.o
         0          0          0          0          0          0   entry7b.o
         0          0          0          0          0          0   entry8b.o
         8          4          0          0          0          0   entry9a.o
        18          0          0          0          0         72   fputc.o
        30          0          0          0          0          0   handlers.o
        36          8          0          0          0         68   init.o
         0          0          0          0          0          0   iusesemip.o
        26          0          0          0          0         72   memcmp.o
        36          0          0          0          0         60   memcpya.o
        36          0          0          0          0        100   memseta.o
       368         12          0          0          0        168   printf1.o
         0          0          0          0          0          0   semi.o
         0          0          0          4          0          0   stdout.o
        14          0          0          0          0         60   strlen.o
        44          0          0          0          0         72   uidiv.o

    ----------------------------------------------------------------------
       718         28          0          4          0        672   Library Totals
         4          0          0          0          0          0   (incl. Padding)

    ----------------------------------------------------------------------

      Code (inc. data)   RO Data    RW Data    ZI Data      Debug   Library Name

       714         28          0          4          0        672   mc_p.l

    ----------------------------------------------------------------------
       718         28          0          4          0        672   Library Totals

    ----------------------------------------------------------------------

==============================================================================


      Code (inc. data)   RO Data    RW Data    ZI Data      Debug   

     31076       2614        448        436       4660     621628   Grand Totals
     31076       2614        448         64       4660     621628   ELF Image Totals (compressed)
     31076       2614        448         64          0          0   ROM Totals

==============================================================================

    Total RO  Size (Code + RO Data)                31524 (  30.79kB)
    Total RW  Size (RW Data + ZI Data)              5096 (   4.98kB)
    Total ROM Size (Code + RO Data + RW Data)      31588 (  30.85kB)

==============================================================================

